Component: ARM Compiler 5.06 update 5 (build 528) Tool: armlink [4d35e2]

==============================================================================

Section Cross References

    startup_stm32f10x_md.o(RESET) refers to startup_stm32f10x_md.o(STACK) for __initial_sp
    startup_stm32f10x_md.o(RESET) refers to startup_stm32f10x_md.o(.text) for Reset_Handler
    startup_stm32f10x_md.o(RESET) refers to stm32f10x_it.o(i.NMI_Handler) for NMI_Handler
    startup_stm32f10x_md.o(RESET) refers to stm32f10x_it.o(i.HardFault_Handler) for HardFault_Handler
    startup_stm32f10x_md.o(RESET) refers to stm32f10x_it.o(i.MemManage_Handler) for MemManage_Handler
    startup_stm32f10x_md.o(RESET) refers to stm32f10x_it.o(i.BusFault_Handler) for BusFault_Handler
    startup_stm32f10x_md.o(RESET) refers to stm32f10x_it.o(i.UsageFault_Handler) for UsageFault_Handler
    startup_stm32f10x_md.o(RESET) refers to stm32f10x_it.o(i.DebugMon_Handler) for DebugMon_Handler
    startup_stm32f10x_md.o(RESET) refers to main.o(i.TIM1_UP_IRQHandler) for TIM1_UP_IRQHandler
    startup_stm32f10x_md.o(RESET) refers to usart.o(i.USART3_IRQHandler) for USART3_IRQHandler
    startup_stm32f10x_md.o(.text) refers to system_stm32f10x.o(i.SystemInit) for SystemInit
    startup_stm32f10x_md.o(.text) refers to entry.o(.ARM.Collect$$$$00000000) for __main
    system_stm32f10x.o(i.SetSysClock) refers to system_stm32f10x.o(i.SetSysClockTo72) for SetSysClockTo72
    system_stm32f10x.o(i.SystemCoreClockUpdate) refers to system_stm32f10x.o(.data) for SystemCoreClock
    system_stm32f10x.o(i.SystemInit) refers to system_stm32f10x.o(i.SetSysClock) for SetSysClock
    stm32f10x_adc.o(i.ADC_DeInit) refers to stm32f10x_rcc.o(i.RCC_APB2PeriphResetCmd) for RCC_APB2PeriphResetCmd
    stm32f10x_bkp.o(i.BKP_DeInit) refers to stm32f10x_rcc.o(i.RCC_BackupResetCmd) for RCC_BackupResetCmd
    stm32f10x_can.o(i.CAN_DeInit) refers to stm32f10x_rcc.o(i.RCC_APB1PeriphResetCmd) for RCC_APB1PeriphResetCmd
    stm32f10x_can.o(i.CAN_GetITStatus) refers to stm32f10x_can.o(i.CheckITStatus) for CheckITStatus
    stm32f10x_cec.o(i.CEC_DeInit) refers to stm32f10x_rcc.o(i.RCC_APB1PeriphResetCmd) for RCC_APB1PeriphResetCmd
    stm32f10x_dac.o(i.DAC_DeInit) refers to stm32f10x_rcc.o(i.RCC_APB1PeriphResetCmd) for RCC_APB1PeriphResetCmd
    stm32f10x_flash.o(i.FLASH_EnableWriteProtection) refers to stm32f10x_flash.o(i.FLASH_WaitForLastOperation) for FLASH_WaitForLastOperation
    stm32f10x_flash.o(i.FLASH_EraseAllBank1Pages) refers to stm32f10x_flash.o(i.FLASH_WaitForLastBank1Operation) for FLASH_WaitForLastBank1Operation
    stm32f10x_flash.o(i.FLASH_EraseAllPages) refers to stm32f10x_flash.o(i.FLASH_WaitForLastOperation) for FLASH_WaitForLastOperation
    stm32f10x_flash.o(i.FLASH_EraseOptionBytes) refers to stm32f10x_flash.o(i.FLASH_GetReadOutProtectionStatus) for FLASH_GetReadOutProtectionStatus
    stm32f10x_flash.o(i.FLASH_EraseOptionBytes) refers to stm32f10x_flash.o(i.FLASH_WaitForLastOperation) for FLASH_WaitForLastOperation
    stm32f10x_flash.o(i.FLASH_ErasePage) refers to stm32f10x_flash.o(i.FLASH_WaitForLastOperation) for FLASH_WaitForLastOperation
    stm32f10x_flash.o(i.FLASH_ProgramHalfWord) refers to stm32f10x_flash.o(i.FLASH_WaitForLastOperation) for FLASH_WaitForLastOperation
    stm32f10x_flash.o(i.FLASH_ProgramOptionByteData) refers to stm32f10x_flash.o(i.FLASH_WaitForLastOperation) for FLASH_WaitForLastOperation
    stm32f10x_flash.o(i.FLASH_ProgramWord) refers to stm32f10x_flash.o(i.FLASH_WaitForLastOperation) for FLASH_WaitForLastOperation
    stm32f10x_flash.o(i.FLASH_ReadOutProtection) refers to stm32f10x_flash.o(i.FLASH_WaitForLastOperation) for FLASH_WaitForLastOperation
    stm32f10x_flash.o(i.FLASH_UserOptionByteConfig) refers to stm32f10x_flash.o(i.FLASH_WaitForLastOperation) for FLASH_WaitForLastOperation
    stm32f10x_flash.o(i.FLASH_WaitForLastBank1Operation) refers to stm32f10x_flash.o(i.FLASH_GetBank1Status) for FLASH_GetBank1Status
    stm32f10x_flash.o(i.FLASH_WaitForLastOperation) refers to stm32f10x_flash.o(i.FLASH_GetBank1Status) for FLASH_GetBank1Status
    stm32f10x_gpio.o(i.GPIO_AFIODeInit) refers to stm32f10x_rcc.o(i.RCC_APB2PeriphResetCmd) for RCC_APB2PeriphResetCmd
    stm32f10x_gpio.o(i.GPIO_DeInit) refers to stm32f10x_rcc.o(i.RCC_APB2PeriphResetCmd) for RCC_APB2PeriphResetCmd
    stm32f10x_i2c.o(i.I2C_DeInit) refers to stm32f10x_rcc.o(i.RCC_APB1PeriphResetCmd) for RCC_APB1PeriphResetCmd
    stm32f10x_i2c.o(i.I2C_Init) refers to stm32f10x_rcc.o(i.RCC_GetClocksFreq) for RCC_GetClocksFreq
    stm32f10x_pwr.o(i.PWR_DeInit) refers to stm32f10x_rcc.o(i.RCC_APB1PeriphResetCmd) for RCC_APB1PeriphResetCmd
    stm32f10x_rcc.o(i.RCC_GetClocksFreq) refers to stm32f10x_rcc.o(.data) for APBAHBPrescTable
    stm32f10x_rcc.o(i.RCC_WaitForHSEStartUp) refers to stm32f10x_rcc.o(i.RCC_GetFlagStatus) for RCC_GetFlagStatus
    stm32f10x_rtc.o(i.RTC_SetAlarm) refers to stm32f10x_rtc.o(i.RTC_EnterConfigMode) for RTC_EnterConfigMode
[...]
    .ARM.Collect$$$$00000008                 0x080000f4   Section        0  entry7b.o(.ARM.Collect$$$$00000008)
    .ARM.Collect$$$$0000000A                 0x080000f4   Section        0  entry8b.o(.ARM.Collect$$$$0000000A)
    .ARM.Collect$$$$0000000B                 0x080000f4   Section        8  entry9a.o(.ARM.Collect$$$$0000000B)
    .ARM.Collect$$$$0000000D                 0x080000fc   Section        0  entry10a.o(.ARM.Collect$$$$0000000D)
    .ARM.Collect$$$$0000000F                 0x080000fc   Section        0  entry11a.o(.ARM.Collect$$$$0000000F)
    .ARM.Collect$$$$00002712                 0x080000fc   Section        4  entry2.o(.ARM.Collect$$$$00002712)
    __lit__00000000                          0x080000fc   Data           4  entry2.o(.ARM.Collect$$$$00002712)
    .text                                    0x08000100   Section       36  startup_stm32f10x_md.o(.text)
    .text                                    0x08000124   Section        0  ldiv.o(.text)
    .text                                    0x08000186   Section        0  memseta.o(.text)
    .text                                    0x080001aa   Section        0  memcmp.o(.text)
    .text                                    0x080001c4   Section        0  fadd.o(.text)
    .text                                    0x08000274   Section        0  fmul.o(.text)
    .text                                    0x080002d8   Section        0  fdiv.o(.text)
    .text                                    0x08000354   Section        0  dadd.o(.text)
    .text                                    0x080004a2   Section        0  dmul.o(.text)
    .text                                    0x08000586   Section        0  ddiv.o(.text)
    .text                                    0x08000664   Section        0  fflti.o(.text)
    .text                                    0x08000676   Section        0  ffltui.o(.text)
    .text                                    0x08000680   Section        0  ffixi.o(.text)
    .text                                    0x080006b2   Section        0  ffixui.o(.text)
    .text                                    0x080006da   Section        0  f2d.o(.text)
    .text                                    0x08000700   Section        0  d2f.o(.text)
    .text                                    0x08000738   Section       20  cfcmple.o(.text)
    .text                                    0x0800074c   Section       20  cfrcmple.o(.text)
    .text                                    0x08000760   Section        0  uidiv.o(.text)
    .text                                    0x0800078c   Section        0  uldiv.o(.text)
    .text                                    0x080007ee   Section        0  llshl.o(.text)
    .text                                    0x0800080c   Section        0  llsshr.o(.text)
    .text                                    0x08000830   Section        0  fepilogue.o(.text)
    .text                                    0x08000830   Section        0  iusefp.o(.text)
    .text                                    0x0800089e   Section        0  depilogue.o(.text)
    .text                                    0x08000958   Section        0  dscalb.o(.text)
    .text                                    0x08000988   Section       36  init.o(.text)
    .text                                    0x080009ac   Section        0  llushr.o(.text)
    .text                                    0x080009cc   Section        0  dsqrt.o(.text)
    i.BusFault_Handler                       0x08000a6e   Section        0  stm32f10x_it.o(i.BusFault_Handler)
    i.DebugMon_Handler                       0x08000a72   Section        0  stm32f10x_it.o(i.DebugMon_Handler)
    i.Encoder_Get_A                          0x08000a74   Section        0  encoder.o(i.Encoder_Get_A)
    i.Encoder_Get_B                          0x08000a90   Section        0  encoder.o(i.Encoder_Get_B)
    i.Encoder_Init                           0x08000aac   Section        0  encoder.o(i.Encoder_Init)
    i.GPIO_Init                              0x08000bbc   Section        0  stm32f10x_gpio.o(i.GPIO_Init)
    i.GPIO_ReadInputDataBit                  0x08000cd2   Section        0  stm32f10x_gpio.o(i.GPIO_ReadInputDataBit)
    i.GPIO_WriteBit                          0x08000ce4   Section        0  stm32f10x_gpio.o(i.GPIO_WriteBit)
    i.Get_PID_Data                           0x08000cf0   Section        0  pid.o(i.Get_PID_Data)
    i.HardFault_Handler                      0x08000da4   Section        0  stm32f10x_it.o(i.HardFault_Handler)
    i.IIC_Ack                                0x08000da8   Section        0  my_i2c.o(i.IIC_Ack)
    i.IIC_GPIO_Init                          0x08000dd4   Section        0  my_i2c.o(i.IIC_GPIO_Init)
    i.IIC_NAck                               0x08000e14   Section        0  my_i2c.o(i.IIC_NAck)
    i.IIC_Read_Byte                          0x08000e3c   Section        0  my_i2c.o(i.IIC_Read_Byte)
    i.IIC_Send_Byte                          0x08000e94   Section        0  my_i2c.o(i.IIC_Send_Byte)
    i.IIC_Start                              0x08000ed4   Section        0  my_i2c.o(i.IIC_Start)
    i.IIC_Stop                               0x08000f08   Section        0  my_i2c.o(i.IIC_Stop)
    i.IIC_Wait_Ack                           0x08000f30   Section        0  my_i2c.o(i.IIC_Wait_Ack)
    i.MPU_Get_Gyroscope                      0x08000f6c   Section        0  mpu6050.o(i.MPU_Get_Gyroscope)
    i.MPU_Init                               0x08000fbc   Section        0  mpu6050.o(i.MPU_Init)
    i.MPU_Read_Byte                          0x0800102a   Section        0  mpu6050.o(i.MPU_Read_Byte)
    i.MPU_Read_Len                           0x08001064   Section        0  mpu6050.o(i.MPU_Read_Len)
    i.MPU_Set_Accel_Fsr                      0x080010d8   Section        0  mpu6050.o(i.MPU_Set_Accel_Fsr)
    i.MPU_Set_Gyro_Fsr                       0x080010e8   Section        0  mpu6050.o(i.MPU_Set_Gyro_Fsr)
    i.MPU_Set_LPF                            0x080010f8   Section        0  mpu6050.o(i.MPU_Set_LPF)
    i.MPU_Set_Rate                           0x08001132   Section        0  mpu6050.o(i.MPU_Set_Rate)
    i.MPU_Write_Byte                         0x0800116c   Section        0  mpu6050.o(i.MPU_Write_Byte)
    i.MPU_Write_Len                          0x080011b0   Section        0  mpu6050.o(i.MPU_Write_Len)
    i.MemManage_Handler                      0x08001210   Section        0  stm32f10x_it.o(i.MemManage_Handler)
    i.Motor_Init                             0x08001214   Section        0  motor.o(i.Motor_Init)
    i.NMI_Handler                            0x080012e4   Section        0  stm32f10x_it.o(i.NMI_Handler)
    i.NVIC_Init                              0x080012e8   Section        0  misc.o(i.NVIC_Init)
    i.NVIC_PriorityGroupConfig               0x08001358   Section        0  misc.o(i.NVIC_PriorityGroupConfig)
    i.OLED_Clear                             0x0800136c   Section        0  oled.o(i.OLED_Clear)
    i.OLED_Init                              0x08001396   Section        0  oled.o(i.OLED_Init)
    i.OLED_Pow                               0x08001440   Section        0  oled.o(i.OLED_Pow)
    i.OLED_SetCursor                         0x08001454   Section        0  oled.o(i.OLED_SetCursor)
    i.OLED_ShowChar                          0x08001478   Section        0  oled.o(i.OLED_ShowChar)
    i.OLED_ShowSignedNum                     0x080014ec   Section        0  oled.o(i.OLED_ShowSignedNum)
    i.OLED_ShowString                        0x08001552   Section        0  oled.o(i.OLED_ShowString)
    i.OLED_WriteCommand                      0x0800157a   Section        0  oled.o(i.OLED_WriteCommand)
    i.OLED_WriteData                         0x080015a6   Section        0  oled.o(i.OLED_WriteData)
    i.PWM_Limiting                           0x080015d4   Section        0  motor.o(i.PWM_Limiting)
    i.RCC_APB1PeriphClockCmd                 0x08001610   Section        0  stm32f10x_rcc.o(i.RCC_APB1PeriphClockCmd)
    i.RCC_APB2PeriphClockCmd                 0x08001630   Section        0  stm32f10x_rcc.o(i.RCC_APB2PeriphClockCmd)
    i.RCC_GetClocksFreq                      0x08001650   Section        0  stm32f10x_rcc.o(i.RCC_GetClocksFreq)
    i.SetMotor                               0x08001724   Section        0  motor.o(i.SetMotor)
    i.SetMotorASpeed                         0x0800173c   Section        0  motor.o(i.SetMotorASpeed)
    i.SetMotorBSpeed                         0x08001778   Section        0  motor.o(i.SetMotorBSpeed)
    i.SetSysClock                            0x080017b4   Section        0  system_stm32f10x.o(i.SetSysClock)
    SetSysClock                              0x080017b5   Thumb Code     8  system_stm32f10x.o(i.SetSysClock)
    i.SetSysClockTo72                        0x080017bc   Section        0  system_stm32f10x.o(i.SetSysClockTo72)
    SetSysClockTo72                          0x080017bd   Thumb Code   214  system_stm32f10x.o(i.SetSysClockTo72)
    i.SystemInit                             0x0800189c   Section        0  system_stm32f10x.o(i.SystemInit)
    i.TI1_Config                             0x080018fc   Section        0  stm32f10x_tim.o(i.TI1_Config)
    TI1_Config                               0x080018fd   Thumb Code   108  stm32f10x_tim.o(i.TI1_Config)
    i.TI2_Config                             0x0800197c   Section        0  stm32f10x_tim.o(i.TI2_Config)
    TI2_Config                               0x0800197d   Thumb Code   130  stm32f10x_tim.o(i.TI2_Config)
    i.TI3_Config                             0x08001a14   Section        0  stm32f10x_tim.o(i.TI3_Config)
    TI3_Config                               0x08001a15   Thumb Code   122  stm32f10x_tim.o(i.TI3_Config)
    i.TI4_Config                             0x08001aa4   Section        0  stm32f10x_tim.o(i.TI4_Config)
    TI4_Config                               0x08001aa5   Thumb Code   130  stm32f10x_tim.o(i.TI4_Config)
    i.TIM1_UP_IRQHandler                     0x08001b3c   Section        0  main.o(i.TIM1_UP_IRQHandler)
    i.TIM_ClearFlag                          0x08001bf0   Section        0  stm32f10x_tim.o(i.TIM_ClearFlag)
    i.TIM_ClearITPendingBit                  0x08001bf6   Section        0  stm32f10x_tim.o(i.TIM_ClearITPendingBit)
    i.TIM_Cmd                                0x08001bfc   Section        0  stm32f10x_tim.o(i.TIM_Cmd)
    i.TIM_EncoderInterfaceConfig             0x08001c14   Section        0  stm32f10x_tim.o(i.TIM_EncoderInterfaceConfig)
    i.TIM_GetCounter                         0x08001c56   Section        0  stm32f10x_tim.o(i.TIM_GetCounter)
    i.TIM_GetITStatus                        0x08001c5c   Section        0  stm32f10x_tim.o(i.TIM_GetITStatus)
    i.TIM_ICInit                             0x08001c80   Section        0  stm32f10x_tim.o(i.TIM_ICInit)
    i.TIM_ICStructInit                       0x08001d2c   Section        0  stm32f10x_tim.o(i.TIM_ICStructInit)
    i.TIM_ITConfig                           0x08001d3e   Section        0  stm32f10x_tim.o(i.TIM_ITConfig)
    i.TIM_InternalClockConfig                0x08001d50   Section        0  stm32f10x_tim.o(i.TIM_InternalClockConfig)
    i.TIM_OC1Init                            0x08001d5c   Section        0  stm32f10x_tim.o(i.TIM_OC1Init)
    i.TIM_OC2Init                            0x08001df4   Section        0  stm32f10x_tim.o(i.TIM_OC2Init)
    i.TIM_OC3Init                            0x08001e98   Section        0  stm32f10x_tim.o(i.TIM_OC3Init)
    i.TIM_OC4Init                            0x08001f38   Section        0  stm32f10x_tim.o(i.TIM_OC4Init)
    i.TIM_OCStructInit                       0x08001fb4   Section        0  stm32f10x_tim.o(i.TIM_OCStructInit)
    i.TIM_SetCompare1                        0x08001fc8   Section        0  stm32f10x_tim.o(i.TIM_SetCompare1)
    i.TIM_SetCompare2                        0x08001fcc   Section        0  stm32f10x_tim.o(i.TIM_SetCompare2)
    i.TIM_SetCompare3                        0x08001fd0   Section        0  stm32f10x_tim.o(i.TIM_SetCompare3)
    i.TIM_SetCompare4                        0x08001fd4   Section        0  stm32f10x_tim.o(i.TIM_SetCompare4)
    i.TIM_SetCounter                         0x08001fda   Section        0  stm32f10x_tim.o(i.TIM_SetCounter)
    i.TIM_SetIC1Prescaler                    0x08001fde   Section        0  stm32f10x_tim.o(i.TIM_SetIC1Prescaler)
    i.TIM_SetIC2Prescaler                    0x08001ff0   Section        0  stm32f10x_tim.o(i.TIM_SetIC2Prescaler)
    i.TIM_SetIC3Prescaler                    0x0800200a   Section        0  stm32f10x_tim.o(i.TIM_SetIC3Prescaler)
    i.TIM_SetIC4Prescaler                    0x0800201c   Section        0  stm32f10x_tim.o(i.TIM_SetIC4Prescaler)
    i.TIM_TimeBaseInit                       0x08002038   Section        0  stm32f10x_tim.o(i.TIM_TimeBaseInit)
    i.Timer_Init                             0x080020dc   Section        0  timer.o(i.Timer_Init)
    i.Turn_off                               0x08002150   Section        0  pid.o(i.Turn_off)
    i.USART3_IRQHandler                      0x08002178   Section        0  usart.o(i.USART3_IRQHandler)
    i.USART3_Init                            0x08002200   Section        0  usart.o(i.USART3_Init)
    i.USART_ClearFlag                        0x080022b0   Section        0  stm32f10x_usart.o(i.USART_ClearFlag)
    i.USART_Cmd                              0x080022c2   Section        0  stm32f10x_usart.o(i.USART_Cmd)
    i.USART_GetFlagStatus                    0x080022da   Section        0  stm32f10x_usart.o(i.USART_GetFlagStatus)
    i.USART_GetITStatus                      0x080022f4   Section        0  stm32f10x_usart.o(i.USART_GetITStatus)
    i.USART_ITConfig                         0x08002348   Section        0  stm32f10x_usart.o(i.USART_ITConfig)
    i.USART_Init                             0x08002394   Section        0  stm32f10x_usart.o(i.USART_Init)
    i.USART_ReceiveData                      0x0800246c   Section        0  stm32f10x_usart.o(i.USART_ReceiveData)
    i.USART_SendData                         0x08002476   Section        0  stm32f10x_usart.o(i.USART_SendData)
    i.UsageFault_Handler                     0x0800247e   Section        0  stm32f10x_it.o(i.UsageFault_Handler)
    i.Vertical_Ring_PD                       0x08002484   Section        0  pid.o(i.Vertical_Ring_PD)
    i.Vertical_Speed_PI                      0x080024d0   Section        0  pid.o(i.Vertical_Speed_PI)
    i.Vertical_Turn_PD                       0x0800259c   Section        0  pid.o(i.Vertical_Turn_PD)
    i.__0printf$1                            0x080025e4   Section        0  printf1.o(i.__0printf$1)
    i.__ARM_fpclassify                       0x08002604   Section        0  fpclassify.o(i.__ARM_fpclassify)
    i.__kernel_poly                          0x0800262c   Section        0  poly.o(i.__kernel_poly)
    i.__mathlib_dbl_infnan                   0x080026d6   Section        0  dunder.o(i.__mathlib_dbl_infnan)
    i.__mathlib_dbl_infnan2                  0x080026dc   Section        0  dunder.o(i.__mathlib_dbl_infnan2)
    i.__mathlib_dbl_invalid                  0x080026e0   Section        0  dunder.o(i.__mathlib_dbl_invalid)
    i.__mathlib_dbl_underflow                0x080026ec   Section        0  dunder.o(i.__mathlib_dbl_underflow)
    i.__scatterload_copy                     0x080026fc   Section       14  handlers.o(i.__scatterload_copy)
    i.__scatterload_null                     0x0800270a   Section        2  handlers.o(i.__scatterload_null)
    i.__scatterload_zeroinit                 0x0800270c   Section       14  handlers.o(i.__scatterload_zeroinit)
    i.__set_errno                            0x0800271c   Section        0  errno.o(i.__set_errno)
    i._printf_core                           0x08002728   Section        0  printf1.o(i._printf_core)
    _printf_core                             0x08002729   Thumb Code   336  printf1.o(i._printf_core)
    i.accel_self_test                        0x0800287c   Section        0  inv_mpu.o(i.accel_self_test)
    accel_self_test                          0x0800287d   Thumb Code   164  inv_mpu.o(i.accel_self_test)
    i.asin                                   0x08002924   Section        0  asin.o(i.asin)
    i.atan                                   0x08002b94   Section        0  atan.o(i.atan)
    i.atan2                                  0x08002db4   Section        0  atan2.o(i.atan2)
    i.decode_gesture                         0x08002f34   Section        0  inv_mpu_dmp_motion_driver.o(i.decode_gesture)
    decode_gesture                           0x08002f35   Thumb Code    94  inv_mpu_dmp_motion_driver.o(i.decode_gesture)
    i.delay_ms                               0x08002f98   Section        0  system.o(i.delay_ms)
    i.delay_us                               0x08002fb0   Section        0  system.o(i.delay_us)
    i.dmp_enable_6x_lp_quat                  0x08002fde   Section        0  inv_mpu_dmp_motion_driver.o(i.dmp_enable_6x_lp_quat)
    i.dmp_enable_feature                     0x0800301c   Section        0  inv_mpu_dmp_motion_driver.o(i.dmp_enable_feature)
    i.dmp_enable_gyro_cal                    0x08003238   Section        0  inv_mpu_dmp_motion_driver.o(i.dmp_enable_gyro_cal)
    i.dmp_enable_lp_quat                     0x08003290   Section        0  inv_mpu_dmp_motion_driver.o(i.dmp_enable_lp_quat)
    i.dmp_load_motion_driver_firmware        0x080032cc   Section        0  inv_mpu_dmp_motion_driver.o(i.dmp_load_motion_driver_firmware)
    i.dmp_read_fifo                          0x080032e4   Section        0  inv_mpu_dmp_motion_driver.o(i.dmp_read_fifo)
    i.dmp_set_accel_bias                     0x080034b0   Section        0  inv_mpu_dmp_motion_driver.o(i.dmp_set_accel_bias)
    i.dmp_set_fifo_rate                      0x080035e0   Section        0  inv_mpu_dmp_motion_driver.o(i.dmp_set_fifo_rate)
    i.dmp_set_gyro_bias                      0x08003650   Section        0  inv_mpu_dmp_motion_driver.o(i.dmp_set_gyro_bias)
    i.dmp_set_orientation                    0x08003780   Section        0  inv_mpu_dmp_motion_driver.o(i.dmp_set_orientation)
    i.dmp_set_shake_reject_thresh            0x080038b8   Section        0  inv_mpu_dmp_motion_driver.o(i.dmp_set_shake_reject_thresh)
    i.dmp_set_shake_reject_time              0x080038f0   Section        0  inv_mpu_dmp_motion_driver.o(i.dmp_set_shake_reject_time)
    i.dmp_set_shake_reject_timeout           0x08003916   Section        0  inv_mpu_dmp_motion_driver.o(i.dmp_set_shake_reject_timeout)
    i.dmp_set_tap_axes                       0x0800393c   Section        0  inv_mpu_dmp_motion_driver.o(i.dmp_set_tap_axes)
    i.dmp_set_tap_count                      0x08003982   Section        0  inv_mpu_dmp_motion_driver.o(i.dmp_set_tap_count)
    i.dmp_set_tap_thresh                     0x080039a8   Section        0  inv_mpu_dmp_motion_driver.o(i.dmp_set_tap_thresh)
    i.dmp_set_tap_time                       0x08003b48   Section        0  inv_mpu_dmp_motion_driver.o(i.dmp_set_tap_time)
    i.dmp_set_tap_time_multi                 0x08003b6e   Section        0  inv_mpu_dmp_motion_driver.o(i.dmp_set_tap_time_multi)
    i.fputc                                  0x08003b94   Section        0  usart.o(i.fputc)
    i.get_accel_prod_shift                   0x08003bb8   Section        0  inv_mpu.o(i.get_accel_prod_shift)
    get_accel_prod_shift                     0x08003bb9   Thumb Code   168  inv_mpu.o(i.get_accel_prod_shift)
    i.get_st_biases                          0x08003c6c   Section        0  inv_mpu.o(i.get_st_biases)
    get_st_biases                            0x08003c6d   Thumb Code  1132  inv_mpu.o(i.get_st_biases)
    i.gyro_self_test                         0x080040dc   Section        0  inv_mpu.o(i.gyro_self_test)
    gyro_self_test                           0x080040dd   Thumb Code   256  inv_mpu.o(i.gyro_self_test)
    i.inv_orientation_matrix_to_scalar       0x080041ec   Section        0  inv_mpu.o(i.inv_orientation_matrix_to_scalar)
    i.inv_row_2_scale                        0x08004214   Section        0  inv_mpu.o(i.inv_row_2_scale)
    i.main                                   0x08004264   Section        0  main.o(i.main)
    i.mpu_configure_fifo                     0x080042c8   Section        0  inv_mpu.o(i.mpu_configure_fifo)
    i.mpu_dmp_get_data                       0x08004338   Section        0  inv_mpu.o(i.mpu_dmp_get_data)
    i.mpu_dmp_init                           0x08004588   Section        0  inv_mpu.o(i.mpu_dmp_init)
    i.mpu_get_accel_fsr                      0x08004628   Section        0  inv_mpu.o(i.mpu_get_accel_fsr)
    i.mpu_get_accel_sens                     0x08004674   Section        0  inv_mpu.o(i.mpu_get_accel_sens)
    i.mpu_get_fifo_config                    0x080046c8   Section        0  inv_mpu.o(i.mpu_get_fifo_config)
    i.mpu_get_gyro_fsr                       0x080046d8   Section        0  inv_mpu.o(i.mpu_get_gyro_fsr)
    i.mpu_get_gyro_sens                      0x0800471c   Section        0  inv_mpu.o(i.mpu_get_gyro_sens)
    i.mpu_get_lpf                            0x0800476c   Section        0  inv_mpu.o(i.mpu_get_lpf)
    i.mpu_get_sample_rate                    0x080047bc   Section        0  inv_mpu.o(i.mpu_get_sample_rate)
    i.mpu_init                               0x080047dc   Section        0  inv_mpu.o(i.mpu_init)
    i.mpu_load_firmware                      0x080049cc   Section        0  inv_mpu.o(i.mpu_load_firmware)
    i.mpu_lp_accel_mode                      0x08004a84   Section        0  inv_mpu.o(i.mpu_lp_accel_mode)
    i.mpu_read_fifo_stream                   0x08004b64   Section        0  inv_mpu.o(i.mpu_read_fifo_stream)
    i.mpu_read_mem                           0x08004c24   Section        0  inv_mpu.o(i.mpu_read_mem)
    i.mpu_reset_fifo                         0x08004ca4   Section        0  inv_mpu.o(i.mpu_reset_fifo)
    i.mpu_run_self_test                      0x08004e60   Section        0  inv_mpu.o(i.mpu_run_self_test)
    i.mpu_set_accel_fsr                      0x08004f7c   Section        0  inv_mpu.o(i.mpu_set_accel_fsr)
    i.mpu_set_bypass                         0x08005000   Section        0  inv_mpu.o(i.mpu_set_bypass)
    i.mpu_set_dmp_state                      0x0800514c   Section        0  inv_mpu.o(i.mpu_set_dmp_state)
    i.mpu_set_gyro_fsr                       0x080051dc   Section        0  inv_mpu.o(i.mpu_set_gyro_fsr)
    i.mpu_set_int_latched                    0x08005264   Section        0  inv_mpu.o(i.mpu_set_int_latched)
    i.mpu_set_lpf                            0x080052d0   Section        0  inv_mpu.o(i.mpu_set_lpf)
    i.mpu_set_sample_rate                    0x08005354   Section        0  inv_mpu.o(i.mpu_set_sample_rate)
    i.mpu_set_sensors                        0x080053f0   Section        0  inv_mpu.o(i.mpu_set_sensors)
    i.mpu_write_mem                          0x080054c0   Section        0  inv_mpu.o(i.mpu_write_mem)
    i.myget_ms                               0x08005540   Section        0  inv_mpu.o(i.myget_ms)
    i.run_self_test                          0x08005542   Section        0  inv_mpu.o(i.run_self_test)
    i.set_int_enable                         0x080055dc   Section        0  inv_mpu.o(i.set_int_enable)
    set_int_enable                           0x080055dd   Thumb Code   138  inv_mpu.o(i.set_int_enable)
    i.sqrt                                   0x0800566c   Section        0  sqrt.o(i.sqrt)
    .constdata                               0x080056b8   Section     1520  oled.o(.constdata)
    .constdata                               0x08005ca8   Section       80  inv_mpu.o(.constdata)
    .constdata                               0x08005cf8   Section     3062  inv_mpu_dmp_motion_driver.o(.constdata)
    dmp_memory                               0x08005cf8   Data        3062  inv_mpu_dmp_motion_driver.o(.constdata)
    .constdata                               0x080068f0   Section       80  asin.o(.constdata)
    pS                                       0x080068f0   Data          48  asin.o(.constdata)
    qS                                       0x08006920   Data          32  asin.o(.constdata)
    .constdata                               0x08006940   Section      152  atan.o(.constdata)
    atanhi                                   0x08006940   Data          32  atan.o(.constdata)
    atanlo                                   0x08006960   Data          32  atan.o(.constdata)
    aTodd                                    0x08006980   Data          40  atan.o(.constdata)
    aTeven                                   0x080069a8   Data          48  atan.o(.constdata)
    .constdata                               0x080069d8   Section        8  qnan.o(.constdata)
    .conststring                             0x080069e0   Section       78  inv_mpu.o(.conststring)
    .data                                    0x20000000   Section       20  stm32f10x_rcc.o(.data)
    APBAHBPrescTable                         0x20000000   Data          16  stm32f10x_rcc.o(.data)
    ADCPrescTable                            0x20000010   Data           4  stm32f10x_rcc.o(.data)
    .data                                    0x20000014   Section       64  pid.o(.data)
    Speed_I                                  0x2000004c   Data           4  pid.o(.data)
    Speed                                    0x20000050   Data           4  pid.o(.data)
    .data                                    0x20000054   Section        2  usart.o(.data)
    .data                                    0x20000058   Section        8  motor.o(.data)
    .data                                    0x20000060   Section        4  encoder.o(.data)
    .data                                    0x20000064   Section       53  inv_mpu.o(.data)
    st                                       0x20000064   Data          44  inv_mpu.o(.data)
    gyro_orientation                         0x20000090   Data           9  inv_mpu.o(.data)
    .data                                    0x2000009c   Section        4  stdout.o(.data)
    .data                                    0x200000a0   Section        4  errno.o(.data)
    _errno                                   0x200000a0   Data           4  errno.o(.data)
    .bss                                     0x200000a4   Section      200  usart.o(.bss)
    .bss                                     0x2000016c   Section       24  mpu6050.o(.bss)
    .bss                                     0x20000184   Section       16  inv_mpu_dmp_motion_driver.o(.bss)
    dmp                                      0x20000184   Data          16  inv_mpu_dmp_motion_driver.o(.bss)
    STACK                                    0x20000198   Section     1024  startup_stm32f10x_md.o(STACK)

    Global Symbols

    Symbol Name                              Value     Ov Type        Size  Object(Section)

    BuildAttributes$$THM_ISAv4$P$D$K$B$S$PE$A:L22UL41UL21$X:L11$S22US41US21$IEEE1$IW$USESV6$~STKCKD$USESV7$~SHL$OTIME$ROPI$IEEEX$EBA8$MICROLIB$REQ8$PRES8$EABIv2 0x00000000   Number         0  anon$$obj.o ABSOLUTE
    __ARM_use_no_argv                        0x00000000   Number         0  main.o ABSOLUTE
    _printf_a                                0x00000000   Number         0  stubs.o ABSOLUTE
    _printf_c                                0x00000000   Number         0  stubs.o ABSOLUTE
    _printf_charcount                        0x00000000   Number         0  stubs.o ABSOLUTE
    _printf_d                                0x00000000   Number         0  stubs.o ABSOLUTE
    _printf_e                                0x00000000   Number         0  stubs.o ABSOLUTE
    _printf_f                                0x00000000   Number         0  stubs.o ABSOLUTE
    _printf_flags                            0x00000000   Number         0  stubs.o ABSOLUTE
    _printf_fp_dec                           0x00000000   Number         0  stubs.o ABSOLUTE
    _printf_fp_hex                           0x00000000   Number         0  stubs.o ABSOLUTE
    _printf_g                                0x00000000   Number         0  stubs.o ABSOLUTE
    _printf_i                                0x00000000   Number         0  stubs.o ABSOLUTE
    _printf_int_dec                          0x00000000   Number         0  stubs.o ABSOLUTE
    _printf_l                                0x00000000   Number         0  stubs.o ABSOLUTE
    _printf_lc                               0x00000000   Number         0  stubs.o ABSOLUTE
    _printf_ll                               0x00000000   Number         0  stubs.o ABSOLUTE
    _printf_lld                              0x00000000   Number         0  stubs.o ABSOLUTE
    _printf_lli                              0x00000000   Number         0  stubs.o ABSOLUTE
    _printf_llo                              0x00000000   Number         0  stubs.o ABSOLUTE
    _printf_llu                              0x00000000   Number         0  stubs.o ABSOLUTE
    _printf_llx                              0x00000000   Number         0  stubs.o ABSOLUTE
    _printf_longlong_dec                     0x00000000   Number         0  stubs.o ABSOLUTE
    _printf_longlong_hex                     0x00000000   Number         0  stubs.o ABSOLUTE
    _printf_longlong_oct                     0x00000000   Number         0  stubs.o ABSOLUTE
    _printf_ls                               0x00000000   Number         0  stubs.o ABSOLUTE
    _printf_mbtowc                           0x00000000   Number         0  stubs.o ABSOLUTE
    _printf_n                                0x00000000   Number         0  stubs.o ABSOLUTE
    _printf_o                                0x00000000   Number         0  stubs.o ABSOLUTE
    _printf_p                                0x00000000   Number         0  stubs.o ABSOLUTE
    _printf_percent                          0x00000000   Number         0  stubs.o ABSOLUTE
    _printf_pre_padding                      0x00000000   Number         0  stubs.o ABSOLUTE
    _printf_return_value                     0x00000000   Number         0  stubs.o ABSOLUTE
    _printf_s                                0x00000000   Number         0  stubs.o ABSOLUTE
    _printf_sizespec                         0x00000000   Number         0  stubs.o ABSOLUTE
    _printf_str                              0x00000000   Number         0  stubs.o ABSOLUTE
    _printf_truncate_signed                  0x00000000   Number         0  stubs.o ABSOLUTE
    _printf_truncate_unsigned                0x00000000   Number         0  stubs.o ABSOLUTE
    _printf_u                                0x00000000   Number         0  stubs.o ABSOLUTE
    _printf_wc                               0x00000000   Number         0  stubs.o ABSOLUTE
    _printf_wctomb                           0x00000000   Number         0  stubs.o ABSOLUTE
    _printf_widthprec                        0x00000000   Number         0  stubs.o ABSOLUTE
    _printf_x                                0x00000000   Number         0  stubs.o ABSOLUTE
    __cpp_initialize__aeabi_                  - Undefined Weak Reference
    __cxa_finalize                            - Undefined Weak Reference
    __decompress                              - Undefined Weak Reference
    _clock_init                               - Undefined Weak Reference
    _microlib_exit                            - Undefined Weak Reference
    __Vectors_Size                           0x000000ec   Number         0  startup_stm32f10x_md.o ABSOLUTE
    __Vectors                                0x08000000   Data           4  startup_stm32f10x_md.o(RESET)
    __Vectors_End                            0x080000ec   Data           0  startup_stm32f10x_md.o(RESET)
    __main                                   0x080000ed   Thumb Code     0  entry.o(.ARM.Collect$$$$00000000)
    _main_stk                                0x080000ed   Thumb Code     0  entry2.o(.ARM.Collect$$$$00000001)
    _main_scatterload                        0x080000f1   Thumb Code     0  entry5.o(.ARM.Collect$$$$00000004)
    __main_after_scatterload                 0x080000f5   Thumb Code     0  entry5.o(.ARM.Collect$$$$00000004)
    _main_clock                              0x080000f5   Thumb Code     0  entry7b.o(.ARM.Collect$$$$00000008)
    _main_cpp_init                           0x080000f5   Thumb Code     0  entry8b.o(.ARM.Collect$$$$0000000A)
    _main_init                               0x080000f5   Thumb Code     0  entry9a.o(.ARM.Collect$$$$0000000B)
    __rt_final_cpp                           0x080000fd   Thumb Code     0  entry10a.o(.ARM.Collect$$$$0000000D)
    __rt_final_exit                          0x080000fd   Thumb Code     0  entry11a.o(.ARM.Collect$$$$0000000F)
    Reset_Handler                            0x08000101   Thumb Code     8  startup_stm32f10x_md.o(.text)
    SVC_Handler                              0x08000113   Thumb Code     2  startup_stm32f10x_md.o(.text)
    PendSV_Handler                           0x08000117   Thumb Code     2  startup_stm32f10x_md.o(.text)
    SysTick_Handler                          0x08000119   Thumb Code     2  startup_stm32f10x_md.o(.text)
    ADC1_2_IRQHandler                        0x0800011b   Thumb Code     0  startup_stm32f10x_md.o(.text)
    CAN1_RX1_IRQHandler                      0x0800011b   Thumb Code     0  startup_stm32f10x_md.o(.text)
    CAN1_SCE_IRQHandler                      0x0800011b   Thumb Code     0  startup_stm32f10x_md.o(.text)
    DMA1_Channel1_IRQHandler                 0x0800011b   Thumb Code     0  startup_stm32f10x_md.o(.text)
    DMA1_Channel2_IRQHandler                 0x0800011b   Thumb Code     0  startup_stm32f10x_md.o(.text)
    DMA1_Channel3_IRQHandler                 0x0800011b   Thumb Code     0  startup_stm32f10x_md.o(.text)
    DMA1_Channel4_IRQHandler                 0x0800011b   Thumb Code     0  startup_stm32f10x_md.o(.text)
    DMA1_Channel5_IRQHandler                 0x0800011b   Thumb Code     0  startup_stm32f10x_md.o(.text)
    DMA1_Channel6_IRQHandler                 0x0800011b   Thumb Code     0  startup_stm32f10x_md.o(.text)
    DMA1_Channel7_IRQHandler                 0x0800011b   Thumb Code     0  startup_stm32f10x_md.o(.text)
    EXTI0_IRQHandler                         0x0800011b   Thumb Code     0  startup_stm32f10x_md.o(.text)
    EXTI15_10_IRQHandler                     0x0800011b   Thumb Code     0  startup_stm32f10x_md.o(.text)
    EXTI1_IRQHandler                         0x0800011b   Thumb Code     0  startup_stm32f10x_md.o(.text)
    EXTI2_IRQHandler                         0x0800011b   Thumb Code     0  startup_stm32f10x_md.o(.text)
    EXTI3_IRQHandler                         0x0800011b   Thumb Code     0  startup_stm32f10x_md.o(.text)
    EXTI4_IRQHandler                         0x0800011b   Thumb Code     0  startup_stm32f10x_md.o(.text)
    EXTI9_5_IRQHandler                       0x0800011b   Thumb Code     0  startup_stm32f10x_md.o(.text)
    FLASH_IRQHandler                         0x0800011b   Thumb Code     0  startup_stm32f10x_md.o(.text)
    I2C1_ER_IRQHandler                       0x0800011b   Thumb Code     0  startup_stm32f10x_md.o(.text)
    I2C1_EV_IRQHandler                       0x0800011b   Thumb Code     0  startup_stm32f10x_md.o(.text)
    I2C2_ER_IRQHandler                       0x0800011b   Thumb Code     0  startup_stm32f10x_md.o(.text)
    I2C2_EV_IRQHandler                       0x0800011b   Thumb Code     0  startup_stm32f10x_md.o(.text)
    PVD_IRQHandler                           0x0800011b   Thumb Code     0  startup_stm32f10x_md.o(.text)
    RCC_IRQHandler                           0x0800011b   Thumb Code     0  startup_stm32f10x_md.o(.text)
    RTCAlarm_IRQHandler                      0x0800011b   Thumb Code     0  startup_stm32f10x_md.o(.text)
    RTC_IRQHandler                           0x0800011b   Thumb Code     0  startup_stm32f10x_md.o(.text)
    SPI1_IRQHandler                          0x0800011b   Thumb Code     0  startup_stm32f10x_md.o(.text)
    SPI2_IRQHandler                          0x0800011b   Thumb Code     0  startup_stm32f10x_md.o(.text)
    TAMPER_IRQHandler                        0x0800011b   Thumb Code     0  startup_stm32f10x_md.o(.text)
    TIM1_BRK_IRQHandler                      0x0800011b   Thumb Code     0  startup_stm32f10x_md.o(.text)
    TIM1_CC_IRQHandler                       0x0800011b   Thumb Code     0  startup_stm32f10x_md.o(.text)
    TIM1_TRG_COM_IRQHandler                  0x0800011b   Thumb Code     0  startup_stm32f10x_md.o(.text)
    TIM2_IRQHandler                          0x0800011b   Thumb Code     0  startup_stm32f10x_md.o(.text)
    TIM3_IRQHandler                          0x0800011b   Thumb Code     0  startup_stm32f10x_md.o(.text)
    TIM4_IRQHandler                          0x0800011b   Thumb Code     0  startup_stm32f10x_md.o(.text)
    USART1_IRQHandler                        0x0800011b   Thumb Code     0  startup_stm32f10x_md.o(.text)
    USART2_IRQHandler                        0x0800011b   Thumb Code     0  startup_stm32f10x_md.o(.text)
    USBWakeUp_IRQHandler                     0x0800011b   Thumb Code     0  startup_stm32f10x_md.o(.text)
    USB_HP_CAN1_TX_IRQHandler                0x0800011b   Thumb Code     0  startup_stm32f10x_md.o(.text)
    USB_LP_CAN1_RX0_IRQHandler               0x0800011b   Thumb Code     0  startup_stm32f10x_md.o(.text)
    WWDG_IRQHandler                          0x0800011b   Thumb Code     0  startup_stm32f10x_md.o(.text)
    __aeabi_ldivmod                          0x08000125   Thumb Code    98  ldiv.o(.text)
    __aeabi_memset                           0x08000187   Thumb Code    14  memseta.o(.text)
    __aeabi_memset4                          0x08000187   Thumb Code     0  memseta.o(.text)
    __aeabi_memset8                          0x08000187   Thumb Code     0  memseta.o(.text)
    __aeabi_memclr                           0x08000195   Thumb Code     4  memseta.o(.text)
    __aeabi_memclr4                          0x08000195   Thumb Code     0  memseta.o(.text)
    __aeabi_memclr8                          0x08000195   Thumb Code     0  memseta.o(.text)
    _memset$wrapper                          0x08000199   Thumb Code    18  memseta.o(.text)
    memcmp                                   0x080001ab   Thumb Code    26  memcmp.o(.text)
    __aeabi_fadd                             0x080001c5   Thumb Code   164  fadd.o(.text)
    __aeabi_fsub                             0x08000269   Thumb Code     6  fadd.o(.text)
    __aeabi_frsub                            0x0800026f   Thumb Code     6  fadd.o(.text)
    __aeabi_fmul                             0x08000275   Thumb Code   100  fmul.o(.text)
    __aeabi_fdiv                             0x080002d9   Thumb Code   124  fdiv.o(.text)
    __aeabi_dadd                             0x08000355   Thumb Code   322  dadd.o(.text)
    __aeabi_dsub                             0x08000497   Thumb Code     6  dadd.o(.text)
    __aeabi_drsub                            0x0800049d   Thumb Code     6  dadd.o(.text)
    __aeabi_dmul                             0x080004a3   Thumb Code   228  dmul.o(.text)
    __aeabi_ddiv                             0x08000587   Thumb Code   222  ddiv.o(.text)
    __aeabi_i2f                              0x08000665   Thumb Code    18  fflti.o(.text)
    __aeabi_ui2f                             0x08000677   Thumb Code    10  ffltui.o(.text)
    __aeabi_f2iz                             0x08000681   Thumb Code    50  ffixi.o(.text)
    __aeabi_f2uiz                            0x080006b3   Thumb Code    40  ffixui.o(.text)
    __aeabi_f2d                              0x080006db   Thumb Code    38  f2d.o(.text)
    __aeabi_d2f                              0x08000701   Thumb Code    56  d2f.o(.text)
    __aeabi_cfcmpeq                          0x08000739   Thumb Code     0  cfcmple.o(.text)
    __aeabi_cfcmple                          0x08000739   Thumb Code    20  cfcmple.o(.text)
    __aeabi_cfrcmple                         0x0800074d   Thumb Code    20  cfrcmple.o(.text)
    __aeabi_uidiv                            0x08000761   Thumb Code     0  uidiv.o(.text)
    __aeabi_uidivmod                         0x08000761   Thumb Code    44  uidiv.o(.text)
    __aeabi_uldivmod                         0x0800078d   Thumb Code    98  uldiv.o(.text)
    __aeabi_llsl                             0x080007ef   Thumb Code    30  llshl.o(.text)
    _ll_shift_l                              0x080007ef   Thumb Code     0  llshl.o(.text)
    __aeabi_lasr                             0x0800080d   Thumb Code    36  llsshr.o(.text)
    _ll_sshift_r                             0x0800080d   Thumb Code     0  llsshr.o(.text)
    __I$use$fp                               0x08000831   Thumb Code     0  iusefp.o(.text)
    _float_round                             0x08000831   Thumb Code    18  fepilogue.o(.text)
    _float_epilogue                          0x08000843   Thumb Code    92  fepilogue.o(.text)
    _double_round                            0x0800089f   Thumb Code    30  depilogue.o(.text)
    _double_epilogue                         0x080008bd   Thumb Code   156  depilogue.o(.text)
    __ARM_scalbn                             0x08000959   Thumb Code    46  dscalb.o(.text)
    scalbn                                   0x08000959   Thumb Code     0  dscalb.o(.text)
    __scatterload                            0x08000989   Thumb Code    28  init.o(.text)
    __scatterload_rt2                        0x08000989   Thumb Code     0  init.o(.text)
    __aeabi_llsr                             0x080009ad   Thumb Code    32  llushr.o(.text)
    _ll_ushift_r                             0x080009ad   Thumb Code     0  llushr.o(.text)
    _dsqrt                                   0x080009cd   Thumb Code   162  dsqrt.o(.text)
    BusFault_Handler                         0x08000a6f   Thumb Code     4  stm32f10x_it.o(i.BusFault_Handler)
    DebugMon_Handler                         0x08000a73   Thumb Code     2  stm32f10x_it.o(i.DebugMon_Handler)
    Encoder_Get_A                            0x08000a75   Thumb Code    26  encoder.o(i.Encoder_Get_A)
    Encoder_Get_B                            0x08000a91   Thumb Code    24  encoder.o(i.Encoder_Get_B)
    Encoder_Init                             0x08000aad   Thumb Code   258  encoder.o(i.Encoder_Init)
    GPIO_Init                                0x08000bbd   Thumb Code   278  stm32f10x_gpio.o(i.GPIO_Init)
    GPIO_ReadInputDataBit                    0x08000cd3   Thumb Code    18  stm32f10x_gpio.o(i.GPIO_ReadInputDataBit)
    GPIO_WriteBit                            0x08000ce5   Thumb Code    10  stm32f10x_gpio.o(i.GPIO_WriteBit)
    Get_PID_Data                             0x08000cf1   Thumb Code   156  pid.o(i.Get_PID_Data)
    HardFault_Handler                        0x08000da5   Thumb Code     4  stm32f10x_it.o(i.HardFault_Handler)
    IIC_Ack                                  0x08000da9   Thumb Code    38  my_i2c.o(i.IIC_Ack)
    IIC_GPIO_Init                            0x08000dd5   Thumb Code    58  my_i2c.o(i.IIC_GPIO_Init)
    IIC_NAck                                 0x08000e15   Thumb Code    36  my_i2c.o(i.IIC_NAck)
    IIC_Read_Byte                            0x08000e3d   Thumb Code    84  my_i2c.o(i.IIC_Read_Byte)
    IIC_Send_Byte                            0x08000e95   Thumb Code    58  my_i2c.o(i.IIC_Send_Byte)
    IIC_Start                                0x08000ed5   Thumb Code    48  my_i2c.o(i.IIC_Start)
    IIC_Stop                                 0x08000f09   Thumb Code    36  my_i2c.o(i.IIC_Stop)
    IIC_Wait_Ack                             0x08000f31   Thumb Code    56  my_i2c.o(i.IIC_Wait_Ack)
    MPU_Get_Gyroscope                        0x08000f6d   Thumb Code    80  mpu6050.o(i.MPU_Get_Gyroscope)
    MPU_Init                                 0x08000fbd   Thumb Code   110  mpu6050.o(i.MPU_Init)
    MPU_Read_Byte                            0x0800102b   Thumb Code    58  mpu6050.o(i.MPU_Read_Byte)
    MPU_Read_Len                             0x08001065   Thumb Code   116  mpu6050.o(i.MPU_Read_Len)
    MPU_Set_Accel_Fsr                        0x080010d9   Thumb Code    16  mpu6050.o(i.MPU_Set_Accel_Fsr)
    MPU_Set_Gyro_Fsr                         0x080010e9   Thumb Code    16  mpu6050.o(i.MPU_Set_Gyro_Fsr)
    MPU_Set_LPF                              0x080010f9   Thumb Code    58  mpu6050.o(i.MPU_Set_LPF)
    MPU_Set_Rate                             0x08001133   Thumb Code    58  mpu6050.o(i.MPU_Set_Rate)
    MPU_Write_Byte                           0x0800116d   Thumb Code    68  mpu6050.o(i.MPU_Write_Byte)
    MPU_Write_Len                            0x080011b1   Thumb Code    96  mpu6050.o(i.MPU_Write_Len)
    MemManage_Handler                        0x08001211   Thumb Code     4  stm32f10x_it.o(i.MemManage_Handler)
    Motor_Init                               0x08001215   Thumb Code   194  motor.o(i.Motor_Init)
    NMI_Handler                              0x080012e5   Thumb Code     2  stm32f10x_it.o(i.NMI_Handler)
    NVIC_Init                                0x080012e9   Thumb Code   100  misc.o(i.NVIC_Init)
    NVIC_PriorityGroupConfig                 0x08001359   Thumb Code    10  misc.o(i.NVIC_PriorityGroupConfig)
    OLED_Clear                               0x0800136d   Thumb Code    42  oled.o(i.OLED_Clear)
    OLED_Init                                0x08001397   Thumb Code   170  oled.o(i.OLED_Init)
    OLED_Pow                                 0x08001441   Thumb Code    20  oled.o(i.OLED_Pow)
    OLED_SetCursor                           0x08001455   Thumb Code    34  oled.o(i.OLED_SetCursor)
    OLED_ShowChar                            0x08001479   Thumb Code   110  oled.o(i.OLED_ShowChar)
    OLED_ShowSignedNum                       0x080014ed   Thumb Code   102  oled.o(i.OLED_ShowSignedNum)
    OLED_ShowString                          0x08001553   Thumb Code    40  oled.o(i.OLED_ShowString)
    OLED_WriteCommand                        0x0800157b   Thumb Code    44  oled.o(i.OLED_WriteCommand)
    OLED_WriteData                           0x080015a7   Thumb Code    44  oled.o(i.OLED_WriteData)
    PWM_Limiting                             0x080015d5   Thumb Code    54  motor.o(i.PWM_Limiting)
    RCC_APB1PeriphClockCmd                   0x08001611   Thumb Code    26  stm32f10x_rcc.o(i.RCC_APB1PeriphClockCmd)
    RCC_APB2PeriphClockCmd                   0x08001631   Thumb Code    26  stm32f10x_rcc.o(i.RCC_APB2PeriphClockCmd)
    RCC_GetClocksFreq                        0x08001651   Thumb Code   192  stm32f10x_rcc.o(i.RCC_GetClocksFreq)
    SetMotor                                 0x08001725   Thumb Code    24  motor.o(i.SetMotor)
    SetMotorASpeed                           0x0800173d   Thumb Code    54  motor.o(i.SetMotorASpeed)
    SetMotorBSpeed                           0x08001779   Thumb Code    54  motor.o(i.SetMotorBSpeed)
    SystemInit                               0x0800189d   Thumb Code    78  system_stm32f10x.o(i.SystemInit)
    TIM1_UP_IRQHandler                       0x08001b3d   Thumb Code   154  main.o(i.TIM1_UP_IRQHandler)
    TIM_ClearFlag                            0x08001bf1   Thumb Code     6  stm32f10x_tim.o(i.TIM_ClearFlag)
    TIM_ClearITPendingBit                    0x08001bf7   Thumb Code     6  stm32f10x_tim.o(i.TIM_ClearITPendingBit)
    TIM_Cmd                                  0x08001bfd   Thumb Code    24  stm32f10x_tim.o(i.TIM_Cmd)
    TIM_EncoderInterfaceConfig               0x08001c15   Thumb Code    66  stm32f10x_tim.o(i.TIM_EncoderInterfaceConfig)
    TIM_GetCounter                           0x08001c57   Thumb Code     6  stm32f10x_tim.o(i.TIM_GetCounter)
    TIM_GetITStatus                          0x08001c5d   Thumb Code    34  stm32f10x_tim.o(i.TIM_GetITStatus)
    TIM_ICInit                               0x08001c81   Thumb Code   150  stm32f10x_tim.o(i.TIM_ICInit)
    TIM_ICStructInit                         0x08001d2d   Thumb Code    18  stm32f10x_tim.o(i.TIM_ICStructInit)
    TIM_ITConfig                             0x08001d3f   Thumb Code    18  stm32f10x_tim.o(i.TIM_ITConfig)
    TIM_InternalClockConfig                  0x08001d51   Thumb Code    12  stm32f10x_tim.o(i.TIM_InternalClockConfig)
    TIM_OC1Init                              0x08001d5d   Thumb Code   132  stm32f10x_tim.o(i.TIM_OC1Init)
    TIM_OC2Init                              0x08001df5   Thumb Code   154  stm32f10x_tim.o(i.TIM_OC2Init)
    TIM_OC3Init                              0x08001e99   Thumb Code   150  stm32f10x_tim.o(i.TIM_OC3Init)
    TIM_OC4Init                              0x08001f39   Thumb Code   114  stm32f10x_tim.o(i.TIM_OC4Init)
    TIM_OCStructInit                         0x08001fb5   Thumb Code    20  stm32f10x_tim.o(i.TIM_OCStructInit)
    TIM_SetCompare1                          0x08001fc9   Thumb Code     4  stm32f10x_tim.o(i.TIM_SetCompare1)
    TIM_SetCompare2                          0x08001fcd   Thumb Code     4  stm32f10x_tim.o(i.TIM_SetCompare2)
    TIM_SetCompare3                          0x08001fd1   Thumb Code     4  stm32f10x_tim.o(i.TIM_SetCompare3)
    TIM_SetCompare4                          0x08001fd5   Thumb Code     6  stm32f10x_tim.o(i.TIM_SetCompare4)
    TIM_SetCounter                           0x08001fdb   Thumb Code     4  stm32f10x_tim.o(i.TIM_SetCounter)
    TIM_SetIC1Prescaler                      0x08001fdf   Thumb Code    18  stm32f10x_tim.o(i.TIM_SetIC1Prescaler)
    TIM_SetIC2Prescaler                      0x08001ff1   Thumb Code    26  stm32f10x_tim.o(i.TIM_SetIC2Prescaler)
    TIM_SetIC3Prescaler                      0x0800200b   Thumb Code    18  stm32f10x_tim.o(i.TIM_SetIC3Prescaler)
    TIM_SetIC4Prescaler                      0x0800201d   Thumb Code    26  stm32f10x_tim.o(i.TIM_SetIC4Prescaler)
    TIM_TimeBaseInit                         0x08002039   Thumb Code   122  stm32f10x_tim.o(i.TIM_TimeBaseInit)
    Timer_Init                               0x080020dd   Thumb Code   110  timer.o(i.Timer_Init)
    Turn_off                                 0x08002151   Thumb Code    32  pid.o(i.Turn_off)
    USART3_IRQHandler                        0x08002179   Thumb Code   122  usart.o(i.USART3_IRQHandler)
    USART3_Init                              0x08002201   Thumb Code   166  usart.o(i.USART3_Init)
    USART_ClearFlag                          0x080022b1   Thumb Code    18  stm32f10x_usart.o(i.USART_ClearFlag)
    USART_Cmd                                0x080022c3   Thumb Code    24  stm32f10x_usart.o(i.USART_Cmd)
    USART_GetFlagStatus                      0x080022db   Thumb Code    26  stm32f10x_usart.o(i.USART_GetFlagStatus)
    USART_GetITStatus                        0x080022f5   Thumb Code    84  stm32f10x_usart.o(i.USART_GetITStatus)
    USART_ITConfig                           0x08002349   Thumb Code    74  stm32f10x_usart.o(i.USART_ITConfig)
    USART_Init                               0x08002395   Thumb Code   210  stm32f10x_usart.o(i.USART_Init)
    USART_ReceiveData                        0x0800246d   Thumb Code    10  stm32f10x_usart.o(i.USART_ReceiveData)
    USART_SendData                           0x08002477   Thumb Code     8  stm32f10x_usart.o(i.USART_SendData)
    UsageFault_Handler                       0x0800247f   Thumb Code     4  stm32f10x_it.o(i.UsageFault_Handler)
    Vertical_Ring_PD                         0x08002485   Thumb Code    72  pid.o(i.Vertical_Ring_PD)
    Vertical_Speed_PI                        0x080024d1   Thumb Code   174  pid.o(i.Vertical_Speed_PI)
    Vertical_Turn_PD                         0x0800259d   Thumb Code    66  pid.o(i.Vertical_Turn_PD)
    __0printf$1                              0x080025e5   Thumb Code    22  printf1.o(i.__0printf$1)
    __1printf$1                              0x080025e5   Thumb Code     0  printf1.o(i.__0printf$1)
    __2printf                                0x080025e5   Thumb Code     0  printf1.o(i.__0printf$1)
    __ARM_fpclassify                         0x08002605   Thumb Code    40  fpclassify.o(i.__ARM_fpclassify)
    __kernel_poly                            0x0800262d   Thumb Code   170  poly.o(i.__kernel_poly)
    __mathlib_dbl_infnan                     0x080026d7   Thumb Code     6  dunder.o(i.__mathlib_dbl_infnan)
    __mathlib_dbl_infnan2                    0x080026dd   Thumb Code     4  dunder.o(i.__mathlib_dbl_infnan2)
    __mathlib_dbl_invalid                    0x080026e1   Thumb Code    12  dunder.o(i.__mathlib_dbl_invalid)
    __mathlib_dbl_underflow                  0x080026ed   Thumb Code    10  dunder.o(i.__mathlib_dbl_underflow)
    __scatterload_copy                       0x080026fd   Thumb Code    14  handlers.o(i.__scatterload_copy)
    __scatterload_null                       0x0800270b   Thumb Code     2  handlers.o(i.__scatterload_null)
    __scatterload_zeroinit                   0x0800270d   Thumb Code    14  handlers.o(i.__scatterload_zeroinit)
    __set_errno                              0x0800271d   Thumb Code     6  errno.o(i.__set_errno)
    asin                                     0x08002925   Thumb Code   572  asin.o(i.asin)
    atan                                     0x08002b95   Thumb Code   474  atan.o(i.atan)
    atan2                                    0x08002db5   Thumb Code   346  atan2.o(i.atan2)
    delay_ms                                 0x08002f99   Thumb Code    24  system.o(i.delay_ms)
    delay_us                                 0x08002fb1   Thumb Code    46  system.o(i.delay_us)
    dmp_enable_6x_lp_quat                    0x08002fdf   Thumb Code    60  inv_mpu_dmp_motion_driver.o(i.dmp_enable_6x_lp_quat)
    dmp_enable_feature                       0x0800301d   Thumb Code   530  inv_mpu_dmp_motion_driver.o(i.dmp_enable_feature)
    dmp_enable_gyro_cal                      0x08003239   Thumb Code    62  inv_mpu_dmp_motion_driver.o(i.dmp_enable_gyro_cal)
    dmp_enable_lp_quat                       0x08003291   Thumb Code    60  inv_mpu_dmp_motion_driver.o(i.dmp_enable_lp_quat)
    dmp_load_motion_driver_firmware          0x080032cd   Thumb Code    20  inv_mpu_dmp_motion_driver.o(i.dmp_load_motion_driver_firmware)
    dmp_read_fifo                            0x080032e5   Thumb Code   456  inv_mpu_dmp_motion_driver.o(i.dmp_read_fifo)
    dmp_set_accel_bias                       0x080034b1   Thumb Code   300  inv_mpu_dmp_motion_driver.o(i.dmp_set_accel_bias)
    dmp_set_fifo_rate                        0x080035e1   Thumb Code    96  inv_mpu_dmp_motion_driver.o(i.dmp_set_fifo_rate)
    dmp_set_gyro_bias                        0x08003651   Thumb Code   294  inv_mpu_dmp_motion_driver.o(i.dmp_set_gyro_bias)
    dmp_set_orientation                      0x08003781   Thumb Code   290  inv_mpu_dmp_motion_driver.o(i.dmp_set_orientation)
    dmp_set_shake_reject_thresh              0x080038b9   Thumb Code    56  inv_mpu_dmp_motion_driver.o(i.dmp_set_shake_reject_thresh)
    dmp_set_shake_reject_time                0x080038f1   Thumb Code    38  inv_mpu_dmp_motion_driver.o(i.dmp_set_shake_reject_time)
    dmp_set_shake_reject_timeout             0x08003917   Thumb Code    38  inv_mpu_dmp_motion_driver.o(i.dmp_set_shake_reject_timeout)
    dmp_set_tap_axes                         0x0800393d   Thumb Code    70  inv_mpu_dmp_motion_driver.o(i.dmp_set_tap_axes)
    dmp_set_tap_count                        0x08003983   Thumb Code    38  inv_mpu_dmp_motion_driver.o(i.dmp_set_tap_count)
    dmp_set_tap_thresh                       0x080039a9   Thumb Code   396  inv_mpu_dmp_motion_driver.o(i.dmp_set_tap_thresh)
    dmp_set_tap_time                         0x08003b49   Thumb Code    38  inv_mpu_dmp_motion_driver.o(i.dmp_set_tap_time)
    dmp_set_tap_time_multi                   0x08003b6f   Thumb Code    38  inv_mpu_dmp_motion_driver.o(i.dmp_set_tap_time_multi)
    fputc                                    0x08003b95   Thumb Code    32  usart.o(i.fputc)
    inv_orientation_matrix_to_scalar         0x080041ed   Thumb Code    40  inv_mpu.o(i.inv_orientation_matrix_to_scalar)
    inv_row_2_scale                          0x08004215   Thumb Code    78  inv_mpu.o(i.inv_row_2_scale)
    main                                     0x08004265   Thumb Code    80  main.o(i.main)
    mpu_configure_fifo                       0x080042c9   Thumb Code   106  inv_mpu.o(i.mpu_configure_fifo)
    mpu_dmp_get_data                         0x08004339   Thumb Code   582  inv_mpu.o(i.mpu_dmp_get_data)
    mpu_dmp_init                             0x08004589   Thumb Code   154  inv_mpu.o(i.mpu_dmp_init)
    mpu_get_accel_fsr                        0x08004629   Thumb Code    72  inv_mpu.o(i.mpu_get_accel_fsr)
    mpu_get_accel_sens                       0x08004675   Thumb Code    78  inv_mpu.o(i.mpu_get_accel_sens)
    mpu_get_fifo_config                      0x080046c9   Thumb Code    12  inv_mpu.o(i.mpu_get_fifo_config)
    mpu_get_gyro_fsr                         0x080046d9   Thumb Code    64  inv_mpu.o(i.mpu_get_gyro_fsr)
    mpu_get_gyro_sens                        0x0800471d   Thumb Code    58  inv_mpu.o(i.mpu_get_gyro_sens)
    mpu_get_lpf                              0x0800476d   Thumb Code    74  inv_mpu.o(i.mpu_get_lpf)
    mpu_get_sample_rate                      0x080047bd   Thumb Code    26  inv_mpu.o(i.mpu_get_sample_rate)
    mpu_init                                 0x080047dd   Thumb Code   416  inv_mpu.o(i.mpu_init)
    mpu_load_firmware                        0x080049cd   Thumb Code   180  inv_mpu.o(i.mpu_load_firmware)
    mpu_lp_accel_mode                        0x08004a85   Thumb Code   218  inv_mpu.o(i.mpu_lp_accel_mode)
    mpu_read_fifo_stream                     0x08004b65   Thumb Code   186  inv_mpu.o(i.mpu_read_fifo_stream)
    mpu_read_mem                             0x08004c25   Thumb Code   122  inv_mpu.o(i.mpu_read_mem)
    mpu_reset_fifo                           0x08004ca5   Thumb Code   438  inv_mpu.o(i.mpu_reset_fifo)
    mpu_run_self_test                        0x08004e61   Thumb Code   278  inv_mpu.o(i.mpu_run_self_test)
    mpu_set_accel_fsr                        0x08004f7d   Thumb Code   126  inv_mpu.o(i.mpu_set_accel_fsr)
    mpu_set_bypass                           0x08005001   Thumb Code   328  inv_mpu.o(i.mpu_set_bypass)
    mpu_set_dmp_state                        0x0800514d   Thumb Code   138  inv_mpu.o(i.mpu_set_dmp_state)
    mpu_set_gyro_fsr                         0x080051dd   Thumb Code   132  inv_mpu.o(i.mpu_set_gyro_fsr)
    mpu_set_int_latched                      0x08005265   Thumb Code   102  inv_mpu.o(i.mpu_set_int_latched)
    mpu_set_lpf                              0x080052d1   Thumb Code   126  inv_mpu.o(i.mpu_set_lpf)
    mpu_set_sample_rate                      0x08005355   Thumb Code   152  inv_mpu.o(i.mpu_set_sample_rate)
    mpu_set_sensors                          0x080053f1   Thumb Code   202  inv_mpu.o(i.mpu_set_sensors)
    mpu_write_mem                            0x080054c1   Thumb Code   122  inv_mpu.o(i.mpu_write_mem)
    myget_ms                                 0x08005541   Thumb Code     2  inv_mpu.o(i.myget_ms)
    run_self_test                            0x08005543   Thumb Code   152  inv_mpu.o(i.run_self_test)
    sqrt                                     0x0800566d   Thumb Code    76  sqrt.o(i.sqrt)
    OLED_F8x16                               0x080056b8   Data        1520  oled.o(.constdata)
    hw                                       0x08005ca8   Data          12  inv_mpu.o(.constdata)
    reg                                      0x08005cb4   Data          27  inv_mpu.o(.constdata)
    test                                     0x08005cd0   Data          40  inv_mpu.o(.constdata)
    __mathlib_zero                           0x080069d8   Data           8  qnan.o(.constdata)
    Region$$Table$$Base                      0x08006a30   Number         0  anon$$obj.o(Region$$Table)
    Region$$Table$$Limit                     0x08006a50   Number         0  anon$$obj.o(Region$$Table)
    Mechanicla_balance                       0x20000014   Data           4  pid.o(.data)
    Movement                                 0x20000018   Data           4  pid.o(.data)
    ARG                                      0x2000001c   Data          36  pid.o(.data)
    Balance_Pwm                              0x20000040   Data           4  pid.o(.data)
    Velocity_Pwm                             0x20000044   Data           4  pid.o(.data)
    Turn_Pwm                                 0x20000048   Data           4  pid.o(.data)
    USART3_RX_STA                            0x20000054   Data           2  usart.o(.data)
    MotorA                                   0x20000058   Data           4  motor.o(.data)
    MotorB                                   0x2000005c   Data           4  motor.o(.data)
    Encoder_A                                0x20000060   Data           2  encoder.o(.data)
    Encoder_B                                0x20000062   Data           2  encoder.o(.data)
    __stdout                                 0x2000009c   Data           4  stdout.o(.data)
    USART3_RX_BUF                            0x200000a4   Data         200  usart.o(.bss)
    outMpu                                   0x2000016c   Data          24  mpu6050.o(.bss)
    __initial_sp                             0x20000598   Data           0  startup_stm32f10x_md.o(STACK)



==============================================================================

Memory Map of the image

  Image Entry point : 0x08000101

  Load Region LR_1 (Base: 0x08000000, Size: 0x00006af4, Max: 0xffffffff, ABSOLUTE)

    Execution Region ER_RO (Exec base: 0x08000000, Load base: 0x08000000, Size: 0x00006a50, Max: 0xffffffff, ABSOLUTE)

    Exec Addr    Load Addr    Size         Type   Attr      Idx    E Section Name        Object

    0x08000000   0x08000000   0x000000ec   Data   RO           19    RESET               startup_stm32f10x_md.o
    0x080000ec   0x080000ec   0x00000000   Code   RO         4409  * .ARM.Collect$$$$00000000  mc_w.l(entry.o)
    0x080000ec   0x080000ec   0x00000004   Code   RO         4746    .ARM.Collect$$$$00000001  mc_w.l(entry2.o)
    0x080000f0   0x080000f0   0x00000004   Code   RO         4749    .ARM.Collect$$$$00000004  mc_w.l(entry5.o)
    0x080000f4   0x080000f4   0x00000000   Code   RO         4751    .ARM.Collect$$$$00000008  mc_w.l(entry7b.o)
    0x080000f4   0x080000f4   0x00000000   Code   RO         4753    .ARM.Collect$$$$0000000A  mc_w.l(entry8b.o)
    0x080000f4   0x080000f4   0x00000008   Code   RO         4754    .ARM.Collect$$$$0000000B  mc_w.l(entry9a.o)
    0x080000fc   0x080000fc   0x00000000   Code   RO         4756    .ARM.Collect$$$$0000000D  mc_w.l(entry10a.o)
    0x080000fc   0x080000fc   0x00000000   Code   RO         4758    .ARM.Collect$$$$0000000F  mc_w.l(entry11a.o)
    0x080000fc   0x080000fc   0x00000004   Code   RO         4747    .ARM.Collect$$$$00002712  mc_w.l(entry2.o)
    0x08000100   0x08000100   0x00000024   Code   RO           20  * .text               startup_stm32f10x_md.o
    0x08000124   0x08000124   0x00000062   Code   RO         4412    .text               mc_w.l(ldiv.o)
    0x08000186   0x08000186   0x00000024   Code   RO         4414    .text               mc_w.l(memseta.o)
    0x080001aa   0x080001aa   0x0000001a   Code   RO         4416    .text               mc_w.l(memcmp.o)
    0x080001c4   0x080001c4   0x000000b0   Code   RO         4679    .text               mf_w.l(fadd.o)
    0x08000274   0x08000274   0x00000064   Code   RO         4681    .text               mf_w.l(fmul.o)
    0x080002d8   0x080002d8   0x0000007c   Code   RO         4683    .text               mf_w.l(fdiv.o)
    0x08000354   0x08000354   0x0000014e   Code   RO         4685    .text               mf_w.l(dadd.o)
    0x080004a2   0x080004a2   0x000000e4   Code   RO         4687    .text               mf_w.l(dmul.o)
    0x08000586   0x08000586   0x000000de   Code   RO         4689    .text               mf_w.l(ddiv.o)
    0x08000664   0x08000664   0x00000012   Code   RO         4691    .text               mf_w.l(fflti.o)
    0x08000676   0x08000676   0x0000000a   Code   RO         4693    .text               mf_w.l(ffltui.o)
    0x08000680   0x08000680   0x00000032   Code   RO         4697    .text               mf_w.l(ffixi.o)
    0x080006b2   0x080006b2   0x00000028   Code   RO         4699    .text               mf_w.l(ffixui.o)
    0x080006da   0x080006da   0x00000026   Code   RO         4701    .text               mf_w.l(f2d.o)
    0x08000700   0x08000700   0x00000038   Code   RO         4703    .text               mf_w.l(d2f.o)
    0x08000738   0x08000738   0x00000014   Code   RO         4705    .text               mf_w.l(cfcmple.o)
    0x0800074c   0x0800074c   0x00000014   Code   RO         4707    .text               mf_w.l(cfrcmple.o)
    0x08000760   0x08000760   0x0000002c   Code   RO         4761    .text               mc_w.l(uidiv.o)
    0x0800078c   0x0800078c   0x00000062   Code   RO         4763    .text               mc_w.l(uldiv.o)
    0x080007ee   0x080007ee   0x0000001e   Code   RO         4765    .text               mc_w.l(llshl.o)
    0x0800080c   0x0800080c   0x00000024   Code   RO         4767    .text               mc_w.l(llsshr.o)
    0x08000830   0x08000830   0x00000000   Code   RO         4776    .text               mc_w.l(iusefp.o)
    0x08000830   0x08000830   0x0000006e   Code   RO         4777    .text               mf_w.l(fepilogue.o)
    0x0800089e   0x0800089e   0x000000ba   Code   RO         4779    .text               mf_w.l(depilogue.o)
    0x08000958   0x08000958   0x0000002e   Code   RO         4781    .text               mf_w.l(dscalb.o)
    0x08000986   0x08000986   0x00000002   PAD
    0x08000988   0x08000988   0x00000024   Code   RO         4787    .text               mc_w.l(init.o)
    0x080009ac   0x080009ac   0x00000020   Code   RO         4789    .text               mc_w.l(llushr.o)
    0x080009cc   0x080009cc   0x000000a2   Code   RO         4791    .text               mf_w.l(dsqrt.o)
    0x08000a6e   0x08000a6e   0x00000004   Code   RO         3345    i.BusFault_Handler  stm32f10x_it.o
    0x08000a72   0x08000a72   0x00000002   Code   RO         3346    i.DebugMon_Handler  stm32f10x_it.o
    0x08000a74   0x08000a74   0x0000001a   Code   RO         3674    i.Encoder_Get_A     encoder.o
    0x08000a8e   0x08000a8e   0x00000002   PAD
    0x08000a90   0x08000a90   0x0000001c   Code   RO         3675    i.Encoder_Get_B     encoder.o
    0x08000aac   0x08000aac   0x00000110   Code   RO         3676    i.Encoder_Init      encoder.o
    0x08000bbc   0x08000bbc   0x00000116   Code   RO         1347    i.GPIO_Init         stm32f10x_gpio.o
    0x08000cd2   0x08000cd2   0x00000012   Code   RO         1351    i.GPIO_ReadInputDataBit  stm32f10x_gpio.o
    0x08000ce4   0x08000ce4   0x0000000a   Code   RO         1358    i.GPIO_WriteBit     stm32f10x_gpio.o
    0x08000cee   0x08000cee   0x00000002   PAD
    0x08000cf0   0x08000cf0   0x000000b4   Code   RO         3390    i.Get_PID_Data      pid.o
    0x08000da4   0x08000da4   0x00000004   Code   RO         3347    i.HardFault_Handler  stm32f10x_it.o
    0x08000da8   0x08000da8   0x0000002c   Code   RO         4323    i.IIC_Ack           my_i2c.o
    0x08000dd4   0x08000dd4   0x00000040   Code   RO         4326    i.IIC_GPIO_Init     my_i2c.o
    0x08000e14   0x08000e14   0x00000028   Code   RO         4327    i.IIC_NAck          my_i2c.o
    0x08000e3c   0x08000e3c   0x00000058   Code   RO         4328    i.IIC_Read_Byte     my_i2c.o
    0x08000e94   0x08000e94   0x00000040   Code   RO         4329    i.IIC_Send_Byte     my_i2c.o
    0x08000ed4   0x08000ed4   0x00000034   Code   RO         4330    i.IIC_Start         my_i2c.o
    0x08000f08   0x08000f08   0x00000028   Code   RO         4331    i.IIC_Stop          my_i2c.o
    0x08000f30   0x08000f30   0x0000003c   Code   RO         4332    i.IIC_Wait_Ack      my_i2c.o
    0x08000f6c   0x08000f6c   0x00000050   Code   RO         3702    i.MPU_Get_Gyroscope  mpu6050.o
    0x08000fbc   0x08000fbc   0x0000006e   Code   RO         3704    i.MPU_Init          mpu6050.o
    0x0800102a   0x0800102a   0x0000003a   Code   RO         3705    i.MPU_Read_Byte     mpu6050.o
    0x08001064   0x08001064   0x00000074   Code   RO         3706    i.MPU_Read_Len      mpu6050.o
    0x080010d8   0x080010d8   0x00000010   Code   RO         3707    i.MPU_Set_Accel_Fsr  mpu6050.o
    0x080010e8   0x080010e8   0x00000010   Code   RO         3708    i.MPU_Set_Gyro_Fsr  mpu6050.o
    0x080010f8   0x080010f8   0x0000003a   Code   RO         3709    i.MPU_Set_LPF       mpu6050.o
    0x08001132   0x08001132   0x0000003a   Code   RO         3710    i.MPU_Set_Rate      mpu6050.o
    0x0800116c   0x0800116c   0x00000044   Code   RO         3711    i.MPU_Write_Byte    mpu6050.o
    0x080011b0   0x080011b0   0x00000060   Code   RO         3712    i.MPU_Write_Len     mpu6050.o
    0x08001210   0x08001210   0x00000004   Code   RO         3348    i.MemManage_Handler  stm32f10x_it.o
    0x08001214   0x08001214   0x000000d0   Code   RO         3629    i.Motor_Init        motor.o
    0x080012e4   0x080012e4   0x00000002   Code   RO         3349    i.NMI_Handler       stm32f10x_it.o
    0x080012e6   0x080012e6   0x00000002   PAD
    0x080012e8   0x080012e8   0x00000070   Code   RO          137    i.NVIC_Init         misc.o
    0x08001358   0x08001358   0x00000014   Code   RO          138    i.NVIC_PriorityGroupConfig  misc.o
    0x0800136c   0x0800136c   0x0000002a   Code   RO         3542    i.OLED_Clear        oled.o
    0x08001396   0x08001396   0x000000aa   Code   RO         3543    i.OLED_Init         oled.o
    0x08001440   0x08001440   0x00000014   Code   RO         3544    i.OLED_Pow          oled.o
    0x08001454   0x08001454   0x00000022   Code   RO         3545    i.OLED_SetCursor    oled.o
    0x08001476   0x08001476   0x00000002   PAD
    0x08001478   0x08001478   0x00000074   Code   RO         3547    i.OLED_ShowChar     oled.o
    0x080014ec   0x080014ec   0x00000066   Code   RO         3550    i.OLED_ShowSignedNum  oled.o
    0x08001552   0x08001552   0x00000028   Code   RO         3551    i.OLED_ShowString   oled.o
    0x0800157a   0x0800157a   0x0000002c   Code   RO         3552    i.OLED_WriteCommand  oled.o
    0x080015a6   0x080015a6   0x0000002c   Code   RO         3553    i.OLED_WriteData    oled.o
    0x080015d2   0x080015d2   0x00000002   PAD
    0x080015d4   0x080015d4   0x0000003c   Code   RO         3630    i.PWM_Limiting      motor.o
    0x08001610   0x08001610   0x00000020   Code   RO         1775    i.RCC_APB1PeriphClockCmd  stm32f10x_rcc.o
    0x08001630   0x08001630   0x00000020   Code   RO         1777    i.RCC_APB2PeriphClockCmd  stm32f10x_rcc.o
    0x08001650   0x08001650   0x000000d4   Code   RO         1785    i.RCC_GetClocksFreq  stm32f10x_rcc.o
    0x08001724   0x08001724   0x00000018   Code   RO         3631    i.SetMotor          motor.o
    0x0800173c   0x0800173c   0x0000003c   Code   RO         3632    i.SetMotorASpeed    motor.o
    0x08001778   0x08001778   0x0000003c   Code   RO         3633    i.SetMotorBSpeed    motor.o
    0x080017b4   0x080017b4   0x00000008   Code   RO           24    i.SetSysClock       system_stm32f10x.o
    0x080017bc   0x080017bc   0x000000e0   Code   RO           25    i.SetSysClockTo72   system_stm32f10x.o
    0x0800189c   0x0800189c   0x00000060   Code   RO           27    i.SystemInit        system_stm32f10x.o
    0x080018fc   0x080018fc   0x00000080   Code   RO         2405    i.TI1_Config        stm32f10x_tim.o
    0x0800197c   0x0800197c   0x00000098   Code   RO         2406    i.TI2_Config        stm32f10x_tim.o
    0x08001a14   0x08001a14   0x00000090   Code   RO         2407    i.TI3_Config        stm32f10x_tim.o
    0x08001aa4   0x08001aa4   0x00000098   Code   RO         2408    i.TI4_Config        stm32f10x_tim.o
    0x08001b3c   0x08001b3c   0x000000b4   Code   RO         3196    i.TIM1_UP_IRQHandler  main.o
    0x08001bf0   0x08001bf0   0x00000006   Code   RO         2415    i.TIM_ClearFlag     stm32f10x_tim.o
    0x08001bf6   0x08001bf6   0x00000006   Code   RO         2416    i.TIM_ClearITPendingBit  stm32f10x_tim.o
    0x08001bfc   0x08001bfc   0x00000018   Code   RO         2421    i.TIM_Cmd           stm32f10x_tim.o
    0x08001c14   0x08001c14   0x00000042   Code   RO         2430    i.TIM_EncoderInterfaceConfig  stm32f10x_tim.o
    0x08001c56   0x08001c56   0x00000006   Code   RO         2440    i.TIM_GetCounter    stm32f10x_tim.o
    0x08001c5c   0x08001c5c   0x00000022   Code   RO         2442    i.TIM_GetITStatus   stm32f10x_tim.o
    0x08001c7e   0x08001c7e   0x00000002   PAD
    0x08001c80   0x08001c80   0x000000ac   Code   RO         2444    i.TIM_ICInit        stm32f10x_tim.o
    0x08001d2c   0x08001d2c   0x00000012   Code   RO         2445    i.TIM_ICStructInit  stm32f10x_tim.o
    0x08001d3e   0x08001d3e   0x00000012   Code   RO         2446    i.TIM_ITConfig      stm32f10x_tim.o
    0x08001d50   0x08001d50   0x0000000c   Code   RO         2448    i.TIM_InternalClockConfig  stm32f10x_tim.o
    0x08001d5c   0x08001d5c   0x00000098   Code   RO         2450    i.TIM_OC1Init       stm32f10x_tim.o
    0x08001df4   0x08001df4   0x000000a4   Code   RO         2455    i.TIM_OC2Init       stm32f10x_tim.o
    0x08001e98   0x08001e98   0x000000a0   Code   RO         2460    i.TIM_OC3Init       stm32f10x_tim.o
    0x08001f38   0x08001f38   0x0000007c   Code   RO         2465    i.TIM_OC4Init       stm32f10x_tim.o
    0x08001fb4   0x08001fb4   0x00000014   Code   RO         2468    i.TIM_OCStructInit  stm32f10x_tim.o
    0x08001fc8   0x08001fc8   0x00000004   Code   RO         2482    i.TIM_SetCompare1   stm32f10x_tim.o
    0x08001fcc   0x08001fcc   0x00000004   Code   RO         2483    i.TIM_SetCompare2   stm32f10x_tim.o
    0x08001fd0   0x08001fd0   0x00000004   Code   RO         2484    i.TIM_SetCompare3   stm32f10x_tim.o
    0x08001fd4   0x08001fd4   0x00000006   Code   RO         2485    i.TIM_SetCompare4   stm32f10x_tim.o
    0x08001fda   0x08001fda   0x00000004   Code   RO         2486    i.TIM_SetCounter    stm32f10x_tim.o
    0x08001fde   0x08001fde   0x00000012   Code   RO         2487    i.TIM_SetIC1Prescaler  stm32f10x_tim.o
    0x08001ff0   0x08001ff0   0x0000001a   Code   RO         2488    i.TIM_SetIC2Prescaler  stm32f10x_tim.o
    0x0800200a   0x0800200a   0x00000012   Code   RO         2489    i.TIM_SetIC3Prescaler  stm32f10x_tim.o
    0x0800201c   0x0800201c   0x0000001a   Code   RO         2490    i.TIM_SetIC4Prescaler  stm32f10x_tim.o
    0x08002036   0x08002036   0x00000002   PAD
    0x08002038   0x08002038   0x000000a4   Code   RO         2492    i.TIM_TimeBaseInit  stm32f10x_tim.o
    0x080020dc   0x080020dc   0x00000074   Code   RO         3785    i.Timer_Init        timer.o
    0x08002150   0x08002150   0x00000028   Code   RO         3391    i.Turn_off          pid.o
    0x08002178   0x08002178   0x00000088   Code   RO         3480    i.USART3_IRQHandler  usart.o
    0x08002200   0x08002200   0x000000b0   Code   RO         3481    i.USART3_Init       usart.o
    0x080022b0   0x080022b0   0x00000012   Code   RO         2956    i.USART_ClearFlag   stm32f10x_usart.o
    0x080022c2   0x080022c2   0x00000018   Code   RO         2960    i.USART_Cmd         stm32f10x_usart.o
    0x080022da   0x080022da   0x0000001a   Code   RO         2963    i.USART_GetFlagStatus  stm32f10x_usart.o
    0x080022f4   0x080022f4   0x00000054   Code   RO         2964    i.USART_GetITStatus  stm32f10x_usart.o
    0x08002348   0x08002348   0x0000004a   Code   RO         2966    i.USART_ITConfig    stm32f10x_usart.o
    0x08002392   0x08002392   0x00000002   PAD
    0x08002394   0x08002394   0x000000d8   Code   RO         2967    i.USART_Init        stm32f10x_usart.o
    0x0800246c   0x0800246c   0x0000000a   Code   RO         2974    i.USART_ReceiveData  stm32f10x_usart.o
    0x08002476   0x08002476   0x00000008   Code   RO         2977    i.USART_SendData    stm32f10x_usart.o
    0x0800247e   0x0800247e   0x00000004   Code   RO         3350    i.UsageFault_Handler  stm32f10x_it.o
    0x08002482   0x08002482   0x00000002   PAD
    0x08002484   0x08002484   0x0000004c   Code   RO         3392    i.Vertical_Ring_PD  pid.o
    0x080024d0   0x080024d0   0x000000cc   Code   RO         3393    i.Vertical_Speed_PI  pid.o
    0x0800259c   0x0800259c   0x00000048   Code   RO         3394    i.Vertical_Turn_PD  pid.o
    0x080025e4   0x080025e4   0x00000020   Code   RO         4463    i.__0printf$1       mc_w.l(printf1.o)
    0x08002604   0x08002604   0x00000028   Code   RO         4733    i.__ARM_fpclassify  m_ws.l(fpclassify.o)
    0x0800262c   0x0800262c   0x000000aa   Code   RO         4735    i.__kernel_poly     m_ws.l(poly.o)
    0x080026d6   0x080026d6   0x00000006   Code   RO         4720    i.__mathlib_dbl_infnan  m_ws.l(dunder.o)
    0x080026dc   0x080026dc   0x00000004   Code   RO         4721    i.__mathlib_dbl_infnan2  m_ws.l(dunder.o)
    0x080026e0   0x080026e0   0x0000000c   Code   RO         4722    i.__mathlib_dbl_invalid  m_ws.l(dunder.o)
    0x080026ec   0x080026ec   0x00000010   Code   RO         4725    i.__mathlib_dbl_underflow  m_ws.l(dunder.o)
    0x080026fc   0x080026fc   0x0000000e   Code   RO         4797    i.__scatterload_copy  mc_w.l(handlers.o)
    0x0800270a   0x0800270a   0x00000002   Code   RO         4798    i.__scatterload_null  mc_w.l(handlers.o)
    0x0800270c   0x0800270c   0x0000000e   Code   RO         4799    i.__scatterload_zeroinit  mc_w.l(handlers.o)
    0x0800271a   0x0800271a   0x00000002   PAD
    0x0800271c   0x0800271c   0x0000000c   Code   RO         4771    i.__set_errno       mc_w.l(errno.o)
    0x08002728   0x08002728   0x00000154   Code   RO         4470    i._printf_core      mc_w.l(printf1.o)
    0x0800287c   0x0800287c   0x000000a8   Code   RO         3800    i.accel_self_test   inv_mpu.o
    0x08002924   0x08002924   0x00000270   Code   RO         4392    i.asin              m_ws.l(asin.o)
    0x08002b94   0x08002b94   0x00000220   Code   RO         4710    i.atan              m_ws.l(atan.o)
    0x08002db4   0x08002db4   0x00000180   Code   RO         4402    i.atan2             m_ws.l(atan2.o)
    0x08002f34   0x08002f34   0x00000064   Code   RO         4141    i.decode_gesture    inv_mpu_dmp_motion_driver.o
    0x08002f98   0x08002f98   0x00000018   Code   RO         3454    i.delay_ms          system.o
    0x08002fb0   0x08002fb0   0x0000002e   Code   RO         3455    i.delay_us          system.o
    0x08002fde   0x08002fde   0x0000003c   Code   RO         4142    i.dmp_enable_6x_lp_quat  inv_mpu_dmp_motion_driver.o
    0x0800301a   0x0800301a   0x00000002   PAD
    0x0800301c   0x0800301c   0x0000021c   Code   RO         4143    i.dmp_enable_feature  inv_mpu_dmp_motion_driver.o
    0x08003238   0x08003238   0x00000058   Code   RO         4144    i.dmp_enable_gyro_cal  inv_mpu_dmp_motion_driver.o
    0x08003290   0x08003290   0x0000003c   Code   RO         4145    i.dmp_enable_lp_quat  inv_mpu_dmp_motion_driver.o
    0x080032cc   0x080032cc   0x00000018   Code   RO         4150    i.dmp_load_motion_driver_firmware  inv_mpu_dmp_motion_driver.o
    0x080032e4   0x080032e4   0x000001cc   Code   RO         4151    i.dmp_read_fifo     inv_mpu_dmp_motion_driver.o
    0x080034b0   0x080034b0   0x00000130   Code   RO         4154    i.dmp_set_accel_bias  inv_mpu_dmp_motion_driver.o
    0x080035e0   0x080035e0   0x00000070   Code   RO         4155    i.dmp_set_fifo_rate  inv_mpu_dmp_motion_driver.o
    0x08003650   0x08003650   0x00000130   Code   RO         4156    i.dmp_set_gyro_bias  inv_mpu_dmp_motion_driver.o
    0x08003780   0x08003780   0x00000138   Code   RO         4158    i.dmp_set_orientation  inv_mpu_dmp_motion_driver.o
    0x080038b8   0x080038b8   0x00000038   Code   RO         4161    i.dmp_set_shake_reject_thresh  inv_mpu_dmp_motion_driver.o
    0x080038f0   0x080038f0   0x00000026   Code   RO         4162    i.dmp_set_shake_reject_time  inv_mpu_dmp_motion_driver.o
    0x08003916   0x08003916   0x00000026   Code   RO         4163    i.dmp_set_shake_reject_timeout  inv_mpu_dmp_motion_driver.o
    0x0800393c   0x0800393c   0x00000046   Code   RO         4164    i.dmp_set_tap_axes  inv_mpu_dmp_motion_driver.o
    0x08003982   0x08003982   0x00000026   Code   RO         4165    i.dmp_set_tap_count  inv_mpu_dmp_motion_driver.o
    0x080039a8   0x080039a8   0x000001a0   Code   RO         4166    i.dmp_set_tap_thresh  inv_mpu_dmp_motion_driver.o
    0x08003b48   0x08003b48   0x00000026   Code   RO         4167    i.dmp_set_tap_time  inv_mpu_dmp_motion_driver.o
    0x08003b6e   0x08003b6e   0x00000026   Code   RO         4168    i.dmp_set_tap_time_multi  inv_mpu_dmp_motion_driver.o
    0x08003b94   0x08003b94   0x00000024   Code   RO         3482    i.fputc             usart.o
    0x08003bb8   0x08003bb8   0x000000b4   Code   RO         3801    i.get_accel_prod_shift  inv_mpu.o
    0x08003c6c   0x08003c6c   0x00000470   Code   RO         3802    i.get_st_biases     inv_mpu.o
    0x080040dc   0x080040dc   0x00000110   Code   RO         3803    i.gyro_self_test    inv_mpu.o
    0x080041ec   0x080041ec   0x00000028   Code   RO         3804    i.inv_orientation_matrix_to_scalar  inv_mpu.o
    0x08004214   0x08004214   0x0000004e   Code   RO         3805    i.inv_row_2_scale   inv_mpu.o
    0x08004262   0x08004262   0x00000002   PAD
    0x08004264   0x08004264   0x00000064   Code   RO         3197    i.main              main.o
    0x080042c8   0x080042c8   0x00000070   Code   RO         3806    i.mpu_configure_fifo  inv_mpu.o
    0x08004338   0x08004338   0x00000250   Code   RO         3807    i.mpu_dmp_get_data  inv_mpu.o
    0x08004588   0x08004588   0x000000a0   Code   RO         3808    i.mpu_dmp_init      inv_mpu.o
    0x08004628   0x08004628   0x0000004c   Code   RO         3809    i.mpu_get_accel_fsr  inv_mpu.o
    0x08004674   0x08004674   0x00000054   Code   RO         3811    i.mpu_get_accel_sens  inv_mpu.o
    0x080046c8   0x080046c8   0x00000010   Code   RO         3816    i.mpu_get_fifo_config  inv_mpu.o
    0x080046d8   0x080046d8   0x00000044   Code   RO         3817    i.mpu_get_gyro_fsr  inv_mpu.o
    0x0800471c   0x0800471c   0x00000050   Code   RO         3819    i.mpu_get_gyro_sens  inv_mpu.o
    0x0800476c   0x0800476c   0x00000050   Code   RO         3821    i.mpu_get_lpf       inv_mpu.o
    0x080047bc   0x080047bc   0x00000020   Code   RO         3823    i.mpu_get_sample_rate  inv_mpu.o
    0x080047dc   0x080047dc   0x000001f0   Code   RO         3825    i.mpu_init          inv_mpu.o
    0x080049cc   0x080049cc   0x000000b8   Code   RO         3826    i.mpu_load_firmware  inv_mpu.o
    0x08004a84   0x08004a84   0x000000e0   Code   RO         3827    i.mpu_lp_accel_mode  inv_mpu.o
    0x08004b64   0x08004b64   0x000000c0   Code   RO         3830    i.mpu_read_fifo_stream  inv_mpu.o
    0x08004c24   0x08004c24   0x00000080   Code   RO         3831    i.mpu_read_mem      inv_mpu.o
    0x08004ca4   0x08004ca4   0x000001bc   Code   RO         3834    i.mpu_reset_fifo    inv_mpu.o
    0x08004e60   0x08004e60   0x0000011c   Code   RO         3835    i.mpu_run_self_test  inv_mpu.o
    0x08004f7c   0x08004f7c   0x00000084   Code   RO         3837    i.mpu_set_accel_fsr  inv_mpu.o
    0x08005000   0x08005000   0x0000014c   Code   RO         3838    i.mpu_set_bypass    inv_mpu.o
    0x0800514c   0x0800514c   0x00000090   Code   RO         3840    i.mpu_set_dmp_state  inv_mpu.o
    0x080051dc   0x080051dc   0x00000088   Code   RO         3841    i.mpu_set_gyro_fsr  inv_mpu.o
    0x08005264   0x08005264   0x0000006c   Code   RO         3842    i.mpu_set_int_latched  inv_mpu.o
    0x080052d0   0x080052d0   0x00000084   Code   RO         3844    i.mpu_set_lpf       inv_mpu.o
    0x08005354   0x08005354   0x0000009c   Code   RO         3845    i.mpu_set_sample_rate  inv_mpu.o
    0x080053f0   0x080053f0   0x000000d0   Code   RO         3846    i.mpu_set_sensors   inv_mpu.o
    0x080054c0   0x080054c0   0x00000080   Code   RO         3847    i.mpu_write_mem     inv_mpu.o
    0x08005540   0x08005540   0x00000002   Code   RO         3848    i.myget_ms          inv_mpu.o
    0x08005542   0x08005542   0x00000098   Code   RO         3849    i.run_self_test     inv_mpu.o
    0x080055da   0x080055da   0x00000002   PAD
    0x080055dc   0x080055dc   0x00000090   Code   RO         3850    i.set_int_enable    inv_mpu.o
    0x0800566c   0x0800566c   0x0000004c   Code   RO         4739    i.sqrt              m_ws.l(sqrt.o)
    0x080056b8   0x080056b8   0x000005f0   Data   RO         3554    .constdata          oled.o
    0x08005ca8   0x08005ca8   0x00000050   Data   RO         3851    .constdata          inv_mpu.o
    0x08005cf8   0x08005cf8   0x00000bf6   Data   RO         4170    .constdata          inv_mpu_dmp_motion_driver.o
    0x080068ee   0x080068ee   0x00000002   PAD
    0x080068f0   0x080068f0   0x00000050   Data   RO         4393    .constdata          m_ws.l(asin.o)
    0x08006940   0x08006940   0x00000098   Data   RO         4711    .constdata          m_ws.l(atan.o)
    0x080069d8   0x080069d8   0x00000008   Data   RO         4737    .constdata          m_ws.l(qnan.o)
    0x080069e0   0x080069e0   0x0000004e   Data   RO         3852    .conststring        inv_mpu.o
    0x08006a2e   0x08006a2e   0x00000002   PAD
    0x08006a30   0x08006a30   0x00000020   Data   RO         4795    Region$$Table       anon$$obj.o


    Execution Region ER_RW (Exec base: 0x20000000, Load base: 0x08006a50, Size: 0x000000a4, Max: 0xffffffff, ABSOLUTE)

    Exec Addr    Load Addr    Size         Type   Attr      Idx    E Section Name        Object

    0x20000000   0x08006a50   0x00000014   Data   RW         1805    .data               stm32f10x_rcc.o
    0x20000014   0x08006a64   0x00000040   Data   RW         3395    .data               pid.o
    0x20000054   0x08006aa4   0x00000002   Data   RW         3484    .data               usart.o
    0x20000056   0x08006aa6   0x00000002   PAD
    0x20000058   0x08006aa8   0x00000008   Data   RW         3634    .data               motor.o
    0x20000060   0x08006ab0   0x00000004   Data   RW         3677    .data               encoder.o
    0x20000064   0x08006ab4   0x00000035   Data   RW         3853    .data               inv_mpu.o
    0x20000099   0x08006ae9   0x00000003   PAD
    0x2000009c   0x08006aec   0x00000004   Data   RW         4760    .data               mc_w.l(stdout.o)
    0x200000a0   0x08006af0   0x00000004   Data   RW         4772    .data               mc_w.l(errno.o)


    Execution Region ER_ZI (Exec base: 0x200000a4, Load base: 0x08006af4, Size: 0x000004f4, Max: 0xffffffff, ABSOLUTE)

    Exec Addr    Load Addr    Size         Type   Attr      Idx    E Section Name        Object

    0x200000a4        -       0x000000c8   Zero   RW         3483    .bss                usart.o
    0x2000016c        -       0x00000018   Zero   RW         3713    .bss                mpu6050.o
    0x20000184        -       0x00000010   Zero   RW         4169    .bss                inv_mpu_dmp_motion_driver.o
    0x20000194   0x08006af4   0x00000004   PAD
    0x20000198        -       0x00000400   Zero   RW           17    STACK               startup_stm32f10x_md.o


==============================================================================

Image component sizes


      Code (inc. data)   RO Data    RW Data    ZI Data      Debug   Object Name

         0          0          0          0          0       4556   core_cm3.o
       326         18          0          4          0       1877   encoder.o
      6900        296        158         53          0      29877   inv_mpu.o
      3096        122       3062          0         16      19978   inv_mpu_dmp_motion_driver.o
       280         46          0          0          0     225764   main.o
       132         22          0          0          0     204731   misc.o
       412         32          0          8          0       2877   motor.o
       676          0          0          0         24       8916   mpu6050.o
       452         38          0          0          0       3807   my_i2c.o
       612          6       1520          0          0       5630   oled.o
       572         72          0         64          0       4356   pid.o
        36          8        236          0       1024        772   startup_stm32f10x_md.o
         0          0          0          0          0       1652   stm32f10x_adc.o
       306          0          0          0          0      11308   stm32f10x_gpio.o
        20          0          0          0          0       2473   stm32f10x_it.o
       276         32          0         20          0      12926   stm32f10x_rcc.o
      1832        200          0          0          0      37538   stm32f10x_tim.o
       460          6          0          0          0      12343   stm32f10x_usart.o
        70          0          0          0          0        922   system.o
       328         28          0          0          0      45169   system_stm32f10x.o
       116          6          0          0          0        621   timer.o
       348         28          0          2        200       2276   usart.o

    ----------------------------------------------------------------------
     17274        960       5012        156       1268     640369   Object Totals
         0          0         32          0          0          0   (incl. Generated)
        24          0          4          5          4          0   (incl. Padding)

    ----------------------------------------------------------------------

      Code (inc. data)   RO Data    RW Data    ZI Data      Debug   Library Member Name

       624         52         80          0          0        168   asin.o
       544         70        152          0          0        124   atan.o
       384         38          0          0          0        144   atan2.o
        38          6          0          0          0        272   dunder.o
        40          0          0          0          0         68   fpclassify.o
       170          0          0          0          0         96   poly.o
         0          0          8          0          0          0   qnan.o
        76          0          0          0          0         84   sqrt.o
         0          0          0          0          0          0   entry.o
         0          0          0          0          0          0   entry10a.o
         0          0          0          0          0          0   entry11a.o
         8          4          0          0          0          0   entry2.o
         4          0          0          0          0          0   entry5.o
         0          0          0          0          0          0   entry7b.o
         0          0          0          0          0          0   entry8b.o
         8          4          0          0          0          0   entry9a.o
        12          6          0          4          0         68   errno.o
        30          0          0          0          0          0   handlers.o
        36          8          0          0          0         68   init.o
         0          0          0          0          0          0   iusefp.o
        98          0          0          0          0         84   ldiv.o
        30          0          0          0          0         68   llshl.o
        36          0          0          0          0         68   llsshr.o
        32          0          0          0          0         68   llushr.o
        26          0          0          0          0         80   memcmp.o
        36          0          0          0          0        108   memseta.o
       372         14          0          0          0        184   printf1.o
         0          0          0          4          0          0   stdout.o
        44          0          0          0          0         80   uidiv.o
        98          0          0          0          0         92   uldiv.o
        20          0          0          0          0         68   cfcmple.o
        20          0          0          0          0         68   cfrcmple.o
        56          0          0          0          0         88   d2f.o
       334          0          0          0          0        148   dadd.o
       222          0          0          0          0        100   ddiv.o
       186          0          0          0          0        176   depilogue.o
       228          0          0          0          0         96   dmul.o
        46          0          0          0          0         80   dscalb.o
       162          0          0          0          0        100   dsqrt.o
        38          0          0          0          0         68   f2d.o
       176          0          0          0          0        140   fadd.o
       124          0          0          0          0         88   fdiv.o
       110          0          0          0          0        168   fepilogue.o
        50          0          0          0          0         68   ffixi.o
        40          0          0          0          0         68   ffixui.o
        18          0          0          0          0         68   fflti.o
        10          0          0          0          0         68   ffltui.o
       100          0          0          0          0         76   fmul.o

    ----------------------------------------------------------------------
      4690        202        240          8          0       3660   Library Totals
         4          0          0          0          0          0   (incl. Padding)

    ----------------------------------------------------------------------

      Code (inc. data)   RO Data    RW Data    ZI Data      Debug   Library Name

      1876        166        240          0          0        956   m_ws.l
       870         36          0          8          0        968   mc_w.l
      1940          0          0          0          0       1736   mf_w.l

    ----------------------------------------------------------------------
      4690        202        240          8          0       3660   Library Totals

    ----------------------------------------------------------------------

==============================================================================


      Code (inc. data)   RO Data    RW Data    ZI Data      Debug   

     21964       1162       5252        164       1268     634353   Grand Totals
     21964       1162       5252        164       1268     634353   ELF Image Totals
     21964       1162       5252        164          0          0   ROM Totals

==============================================================================

    Total RO  Size (Code + RO Data)                27216 (  26.58kB)
    Total RW  Size (RW Data + ZI Data)              1432 (   1.40kB)
    Total ROM Size (Code + RO Data + RW Data)      27380 (  26.74kB)

==============================================================================

