Component: ARM Compiler 5.06 update 7 (build 960) Tool: armlink [4d3601]

==============================================================================

Section Cross References

    startup_stm32f10x_md.o(RESET) refers to startup_stm32f10x_md.o(STACK) for __initial_sp
    startup_stm32f10x_md.o(RESET) refers to startup_stm32f10x_md.o(.text) for Reset_Handler
    startup_stm32f10x_md.o(RESET) refers to stm32f10x_it.o(i.NMI_Handler) for NMI_Handler
    startup_stm32f10x_md.o(RESET) refers to stm32f10x_it.o(i.HardFault_Handler) for HardFault_Handler
    startup_stm32f10x_md.o(RESET) refers to stm32f10x_it.o(i.MemManage_Handler) for MemManage_Handler
    startup_stm32f10x_md.o(RESET) refers to stm32f10x_it.o(i.BusFault_Handler) for BusFault_Handler
    startup_stm32f10x_md.o(RESET) refers to stm32f10x_it.o(i.UsageFault_Handler) for UsageFault_Handler
    startup_stm32f10x_md.o(RESET) refers to port.o(.emb_text) for SVC_Handler
    startup_stm32f10x_md.o(RESET) refers to stm32f10x_it.o(i.DebugMon_Handler) for DebugMon_Handler
    startup_stm32f10x_md.o(RESET) refers to port.o(i.SysTick_Handler) for SysTick_Handler
    startup_stm32f10x_md.o(RESET) refers to usart.o(i.USART1_IRQHandler) for USART1_IRQHandler
    startup_stm32f10x_md.o(.text) refers to system_stm32f10x.o(i.SystemInit) for SystemInit
    startup_stm32f10x_md.o(.text) refers to entry.o(.ARM.Collect$$$$00000000) for __main
    system_stm32f10x.o(i.SetSysClock) refers to system_stm32f10x.o(i.SetSysClockTo72) for SetSysClockTo72
    system_stm32f10x.o(i.SystemCoreClockUpdate) refers to system_stm32f10x.o(.data) for SystemCoreClock
    system_stm32f10x.o(i.SystemInit) refers to system_stm32f10x.o(i.SetSysClock) for SetSysClock
    stm32f10x_adc.o(i.ADC_DeInit) refers to stm32f10x_rcc.o(i.RCC_APB2PeriphResetCmd) for RCC_APB2PeriphResetCmd
    stm32f10x_bkp.o(i.BKP_DeInit) refers to stm32f10x_rcc.o(i.RCC_BackupResetCmd) for RCC_BackupResetCmd
    stm32f10x_can.o(i.CAN_DeInit) refers to stm32f10x_rcc.o(i.RCC_APB1PeriphResetCmd) for RCC_APB1PeriphResetCmd
    stm32f10x_can.o(i.CAN_GetITStatus) refers to stm32f10x_can.o(i.CheckITStatus) for CheckITStatus
    stm32f10x_cec.o(i.CEC_DeInit) refers to stm32f10x_rcc.o(i.RCC_APB1PeriphResetCmd) for RCC_APB1PeriphResetCmd
    stm32f10x_dac.o(i.DAC_DeInit) refers to stm32f10x_rcc.o(i.RCC_APB1PeriphResetCmd) for RCC_APB1PeriphResetCmd
    stm32f10x_flash.o(i.FLASH_EnableWriteProtection) refers to stm32f10x_flash.o(i.FLASH_WaitForLastOperation) for FLASH_WaitForLastOperation
    stm32f10x_flash.o(i.FLASH_EraseAllBank1Pages) refers to stm32f10x_flash.o(i.FLASH_WaitForLastBank1Operation) for FLASH_WaitForLastBank1Operation
    stm32f10x_flash.o(i.FLASH_EraseAllPages) refers to stm32f10x_flash.o(i.FLASH_WaitForLastOperation) for FLASH_WaitForLastOperation
    stm32f10x_flash.o(i.FLASH_EraseOptionBytes) refers to stm32f10x_flash.o(i.FLASH_GetReadOutProtectionStatus) for FLASH_GetReadOutProtectionStatus
    stm32f10x_flash.o(i.FLASH_EraseOptionBytes) refers to stm32f10x_flash.o(i.FLASH_WaitForLastOperation) for FLASH_WaitForLastOperation
    stm32f10x_flash.o(i.FLASH_ErasePage) refers to stm32f10x_flash.o(i.FLASH_WaitForLastOperation) for FLASH_WaitForLastOperation
    stm32f10x_flash.o(i.FLASH_ProgramHalfWord) refers to stm32f10x_flash.o(i.FLASH_WaitForLastOperation) for FLASH_WaitForLastOperation
    stm32f10x_flash.o(i.FLASH_ProgramOptionByteData) refers to stm32f10x_flash.o(i.FLASH_WaitForLastOperation) for FLASH_WaitForLastOperation
    stm32f10x_flash.o(i.FLASH_ProgramWord) refers to stm32f10x_flash.o(i.FLASH_WaitForLastOperation) for FLASH_WaitForLastOperation
    stm32f10x_flash.o(i.FLASH_ReadOutProtection) refers to stm32f10x_flash.o(i.FLASH_WaitForLastOperation) for FLASH_WaitForLastOperation
    stm32f10x_flash.o(i.FLASH_UserOptionByteConfig) refers to stm32f10x_flash.o(i.FLASH_WaitForLastOperation) for FLASH_WaitForLastOperation
    stm32f10x_flash.o(i.FLASH_WaitForLastBank1Operation) refers to stm32f10x_flash.o(i.FLASH_GetBank1Status) for FLASH_GetBank1Status
    stm32f10x_flash.o(i.FLASH_WaitForLastOperation) refers to stm32f10x_flash.o(i.FLASH_GetBank1Status) for FLASH_GetBank1Status
    stm32f10x_gpio.o(i.GPIO_AFIODeInit) refers to stm32f10x_rcc.o(i.RCC_APB2PeriphResetCmd) for RCC_APB2PeriphResetCmd
    stm32f10x_gpio.o(i.GPIO_DeInit) refers to stm32f10x_rcc.o(i.RCC_APB2PeriphResetCmd) for RCC_APB2PeriphResetCmd
    stm32f10x_i2c.o(i.I2C_DeInit) refers to stm32f10x_rcc.o(i.RCC_APB1PeriphResetCmd) for RCC_APB1PeriphResetCmd
    stm32f10x_i2c.o(i.I2C_Init) refers to stm32f10x_rcc.o(i.RCC_GetClocksFreq) for RCC_GetClocksFreq
    stm32f10x_pwr.o(i.PWR_DeInit) refers to stm32f10x_rcc.o(i.RCC_APB1PeriphResetCmd) for RCC_APB1PeriphResetCmd
    stm32f10x_rcc.o(i.RCC_GetClocksFreq) refers to stm32f10x_rcc.o(.data) for APBAHBPrescTable
    stm32f10x_rcc.o(i.RCC_WaitForHSEStartUp) refers to stm32f10x_rcc.o(i.RCC_GetFlagStatus) for RCC_GetFlagStatus
[...]
    prvInsertBlockIntoFreeList               0x08005c79   Thumb Code    96  heap_4.o(i.prvInsertBlockIntoFreeList)
    i.prvInsertTimerInActiveList             0x08005ce0   Section        0  timers.o(i.prvInsertTimerInActiveList)
    prvInsertTimerInActiveList               0x08005ce1   Thumb Code    80  timers.o(i.prvInsertTimerInActiveList)
    i.prvIsQueueEmpty                        0x08005d38   Section        0  queue.o(i.prvIsQueueEmpty)
    prvIsQueueEmpty                          0x08005d39   Thumb Code    26  queue.o(i.prvIsQueueEmpty)
    i.prvProcessExpiredTimer                 0x08005d54   Section        0  timers.o(i.prvProcessExpiredTimer)
    prvProcessExpiredTimer                   0x08005d55   Thumb Code    62  timers.o(i.prvProcessExpiredTimer)
    i.prvProcessReceivedCommands             0x08005d98   Section        0  timers.o(i.prvProcessReceivedCommands)
    prvProcessReceivedCommands               0x08005d99   Thumb Code   270  timers.o(i.prvProcessReceivedCommands)
    i.prvProcessTimerOrBlockTask             0x08005ed0   Section        0  timers.o(i.prvProcessTimerOrBlockTask)
    prvProcessTimerOrBlockTask               0x08005ed1   Thumb Code   102  timers.o(i.prvProcessTimerOrBlockTask)
    i.prvReloadTimer                         0x08005f44   Section        0  timers.o(i.prvReloadTimer)
    prvReloadTimer                           0x08005f45   Thumb Code    40  timers.o(i.prvReloadTimer)
    i.prvResetNextTaskUnblockTime            0x08005f6c   Section        0  tasks.o(i.prvResetNextTaskUnblockTime)
    prvResetNextTaskUnblockTime              0x08005f6d   Thumb Code    40  tasks.o(i.prvResetNextTaskUnblockTime)
    i.prvSampleTimeNow                       0x08005f9c   Section        0  timers.o(i.prvSampleTimeNow)
    prvSampleTimeNow                         0x08005f9d   Thumb Code    40  timers.o(i.prvSampleTimeNow)
    i.prvSwitchTimerLists                    0x08005fc8   Section        0  timers.o(i.prvSwitchTimerLists)
    prvSwitchTimerLists                      0x08005fc9   Thumb Code    58  timers.o(i.prvSwitchTimerLists)
    i.prvTaskExitError                       0x0800600c   Section        0  port.o(i.prvTaskExitError)
    prvTaskExitError                         0x0800600d   Thumb Code    48  port.o(i.prvTaskExitError)
    i.prvTimerTask                           0x08006078   Section        0  timers.o(i.prvTimerTask)
    prvTimerTask                             0x08006079   Thumb Code    26  timers.o(i.prvTimerTask)
    i.prvUnlockQueue                         0x08006092   Section        0  queue.o(i.prvUnlockQueue)
    prvUnlockQueue                           0x08006093   Thumb Code   126  queue.o(i.prvUnlockQueue)
    i.pvPortMalloc                           0x08006110   Section        0  heap_4.o(i.pvPortMalloc)
    i.pxPortInitialiseStack                  0x08006260   Section        0  port.o(i.pxPortInitialiseStack)
    i.run_self_test                          0x08006284   Section        0  inv_mpu.o(i.run_self_test)
    i.set_int_enable                         0x0800631c   Section        0  inv_mpu.o(i.set_int_enable)
    set_int_enable                           0x0800631d   Thumb Code   138  inv_mpu.o(i.set_int_enable)
    i.show                                   0x080063ac   Section        0  cartask.o(i.show)
    i.sqrt                                   0x080064a4   Section        0  sqrt.o(i.sqrt)
    i.start_task                             0x080064f0   Section        0  main.o(i.start_task)
    i.uxListRemove                           0x08006580   Section        0  list.o(i.uxListRemove)
    i.vListInitialise                        0x080065a8   Section        0  list.o(i.vListInitialise)
    i.vListInitialiseItem                    0x080065c2   Section        0  list.o(i.vListInitialiseItem)
    i.vListInsert                            0x080065c8   Section        0  list.o(i.vListInsert)
    i.vListInsertEnd                         0x080065fc   Section        0  list.o(i.vListInsertEnd)
    i.vPortEnterCritical                     0x08006614   Section        0  port.o(i.vPortEnterCritical)
    i.vPortExitCritical                      0x08006698   Section        0  port.o(i.vPortExitCritical)
    i.vPortFree                              0x08006704   Section        0  heap_4.o(i.vPortFree)
    i.vPortSetupTimerInterrupt               0x080067b8   Section        0  port.o(i.vPortSetupTimerInterrupt)
    i.vQueueAddToRegistry                    0x080067d8   Section        0  queue.o(i.vQueueAddToRegistry)
    i.vQueueWaitForMessageRestricted         0x08006854   Section        0  queue.o(i.vQueueWaitForMessageRestricted)
    i.vTaskDelay                             0x080068a0   Section        0  tasks.o(i.vTaskDelay)
    i.vTaskDelete                            0x08006914   Section        0  tasks.o(i.vTaskDelete)
    i.vTaskInternalSetTimeOutState           0x08006a28   Section        0  tasks.o(i.vTaskInternalSetTimeOutState)
    i.vTaskMissedYield                       0x08006a40   Section        0  tasks.o(i.vTaskMissedYield)
    i.vTaskPlaceOnEventList                  0x08006a4c   Section        0  tasks.o(i.vTaskPlaceOnEventList)
    i.vTaskPlaceOnEventListRestricted        0x08006aa0   Section        0  tasks.o(i.vTaskPlaceOnEventListRestricted)
    i.vTaskStartScheduler                    0x08006b1c   Section        0  tasks.o(i.vTaskStartScheduler)
    i.vTaskSuspendAll                        0x08006bd0   Section        0  tasks.o(i.vTaskSuspendAll)
    i.vTaskSwitchContext                     0x08006be0   Section        0  tasks.o(i.vTaskSwitchContext)
    i.xPortStartScheduler                    0x08006c88   Section        0  port.o(i.xPortStartScheduler)
    i.xQueueGenericCreate                    0x08006d28   Section        0  queue.o(i.xQueueGenericCreate)
    i.xQueueGenericReset                     0x08006da8   Section        0  queue.o(i.xQueueGenericReset)
    i.xQueueReceive                          0x08006e94   Section        0  queue.o(i.xQueueReceive)
    i.xTaskCheckForTimeOut                   0x08007004   Section        0  tasks.o(i.xTaskCheckForTimeOut)
    i.xTaskCreate                            0x080070a4   Section        0  tasks.o(i.xTaskCreate)
    i.xTaskGetSchedulerState                 0x0800710c   Section        0  tasks.o(i.xTaskGetSchedulerState)
    i.xTaskGetTickCount                      0x0800712c   Section        0  tasks.o(i.xTaskGetTickCount)
    i.xTaskIncrementTick                     0x08007138   Section        0  tasks.o(i.xTaskIncrementTick)
    i.xTaskRemoveFromEventList               0x0800730c   Section        0  tasks.o(i.xTaskRemoveFromEventList)
    i.xTaskResumeAll                         0x08007448   Section        0  tasks.o(i.xTaskResumeAll)
    i.xTimerCreateTimerTask                  0x080075d8   Section        0  timers.o(i.xTimerCreateTimerTask)
    .constdata                               0x08007648   Section     2712  oled.o(.constdata)
    .constdata                               0x080080e0   Section       80  inv_mpu.o(.constdata)
    .constdata                               0x08008130   Section     3062  inv_mpu_dmp_motion_driver.o(.constdata)
    dmp_memory                               0x08008130   Data        3062  inv_mpu_dmp_motion_driver.o(.constdata)
    .constdata                               0x08008d28   Section       80  asin.o(.constdata)
    pS                                       0x08008d28   Data          48  asin.o(.constdata)
    qS                                       0x08008d58   Data          32  asin.o(.constdata)
    .constdata                               0x08008d78   Section      152  atan.o(.constdata)
    atanhi                                   0x08008d78   Data          32  atan.o(.constdata)
    atanlo                                   0x08008d98   Data          32  atan.o(.constdata)
    aTodd                                    0x08008db8   Data          40  atan.o(.constdata)
    aTeven                                   0x08008de0   Data          48  atan.o(.constdata)
    .constdata                               0x08008e10   Section        8  qnan.o(.constdata)
    .conststring                             0x08008e18   Section       77  inv_mpu.o(.conststring)
    .data                                    0x20000000   Section       20  system_stm32f10x.o(.data)
    .data                                    0x20000014   Section       16  main.o(.data)
    .data                                    0x20000024   Section       60  pid.o(.data)
    Bias_i                                   0x20000050   Data           4  pid.o(.data)
    temp                                     0x20000054   Data           4  pid.o(.data)
    Speed_I                                  0x20000058   Data           4  pid.o(.data)
    Speed_last                               0x2000005c   Data           4  pid.o(.data)
    .data                                    0x20000060   Section        4  systick.o(.data)
    fac_us                                   0x20000060   Data           1  systick.o(.data)
    fac_ms                                   0x20000062   Data           2  systick.o(.data)
    .data                                    0x20000064   Section        2  usart.o(.data)
    .data                                    0x20000068   Section        8  motor.o(.data)
    .data                                    0x20000070   Section        4  encoder.o(.data)
    .data                                    0x20000074   Section       53  inv_mpu.o(.data)
    st                                       0x20000074   Data          44  inv_mpu.o(.data)
    gyro_orientation                         0x200000a0   Data           9  inv_mpu.o(.data)
    .data                                    0x200000ac   Section       64  tasks.o(.data)
    pxDelayedTaskList                        0x200000b0   Data           4  tasks.o(.data)
    pxOverflowDelayedTaskList                0x200000b4   Data           4  tasks.o(.data)
    uxDeletedTasksWaitingCleanUp             0x200000b8   Data           4  tasks.o(.data)
    uxCurrentNumberOfTasks                   0x200000bc   Data           4  tasks.o(.data)
    xTickCount                               0x200000c0   Data           4  tasks.o(.data)
    uxTopReadyPriority                       0x200000c4   Data           4  tasks.o(.data)
    xSchedulerRunning                        0x200000c8   Data           4  tasks.o(.data)
    xPendedTicks                             0x200000cc   Data           4  tasks.o(.data)
    xYieldPending                            0x200000d0   Data           4  tasks.o(.data)
    xNumOfOverflows                          0x200000d4   Data           4  tasks.o(.data)
    uxTaskNumber                             0x200000d8   Data           4  tasks.o(.data)
    xNextTaskUnblockTime                     0x200000dc   Data           4  tasks.o(.data)
    xIdleTaskHandle                          0x200000e0   Data           4  tasks.o(.data)
    uxSchedulerSuspended                     0x200000e8   Data           4  tasks.o(.data)
    .data                                    0x200000ec   Section       20  timers.o(.data)
    pxCurrentTimerList                       0x200000ec   Data           4  timers.o(.data)
    pxOverflowTimerList                      0x200000f0   Data           4  timers.o(.data)
    xTimerQueue                              0x200000f4   Data           4  timers.o(.data)
    xTimerTaskHandle                         0x200000f8   Data           4  timers.o(.data)
    xLastTime                                0x200000fc   Data           4  timers.o(.data)
    .data                                    0x20000100   Section       12  port.o(.data)
    uxCriticalNesting                        0x20000100   Data           4  port.o(.data)
    ucMaxSysCallPriority                     0x20000104   Data           1  port.o(.data)
    ulMaxPRIGROUPValue                       0x20000108   Data           4  port.o(.data)
    .data                                    0x2000010c   Section       24  heap_4.o(.data)
    xStart                                   0x2000010c   Data           8  heap_4.o(.data)
    pxEnd                                    0x20000114   Data           4  heap_4.o(.data)
    xFreeBytesRemaining                      0x20000118   Data           4  heap_4.o(.data)
    xMinimumEverFreeBytesRemaining           0x2000011c   Data           4  heap_4.o(.data)
    xBlockAllocatedBit                       0x20000120   Data           4  heap_4.o(.data)
    .data                                    0x20000124   Section        4  stdout.o(.data)
    .data                                    0x20000128   Section        4  errno.o(.data)
    _errno                                   0x20000128   Data           4  errno.o(.data)
    .bss                                     0x2000012c   Section      200  usart.o(.bss)
    .bss                                     0x200001f4   Section       24  mpu6050.o(.bss)
    .bss                                     0x2000020c   Section       16  inv_mpu_dmp_motion_driver.o(.bss)
    dmp                                      0x2000020c   Data          16  inv_mpu_dmp_motion_driver.o(.bss)
    .bss                                     0x2000021c   Section       80  queue.o(.bss)
    .bss                                     0x2000026c   Section      740  tasks.o(.bss)
    pxReadyTasksLists                        0x2000026c   Data         640  tasks.o(.bss)
    xDelayedTaskList1                        0x200004ec   Data          20  tasks.o(.bss)
    xDelayedTaskList2                        0x20000500   Data          20  tasks.o(.bss)
    xPendingReadyList                        0x20000514   Data          20  tasks.o(.bss)
    xTasksWaitingTermination                 0x20000528   Data          20  tasks.o(.bss)
    xSuspendedTaskList                       0x2000053c   Data          20  tasks.o(.bss)
    .bss                                     0x20000550   Section       40  timers.o(.bss)
    xActiveTimerList1                        0x20000550   Data          20  timers.o(.bss)
    xActiveTimerList2                        0x20000564   Data          20  timers.o(.bss)
    .bss                                     0x20000578   Section    10000  heap_4.o(.bss)
    ucHeap                                   0x20000578   Data       10000  heap_4.o(.bss)
    STACK                                    0x20002c88   Section     1024  startup_stm32f10x_md.o(STACK)

    Global Symbols

    Symbol Name                              Value     Ov Type        Size  Object(Section)

    BuildAttributes$$THM_ISAv4$P$D$K$B$S$PE$A:L22UL41UL21$X:L11$S22US41US21$IEEE1$IW$USESV6$~STKCKD$USESV7$~SHL$OTIME$ROPI$IEEEX$EBA8$MICROLIB$REQ8$PRES8$EABIv2 0x00000000   Number         0  anon$$obj.o ABSOLUTE
    __ARM_use_no_argv                        0x00000000   Number         0  main.o ABSOLUTE
    _printf_a                                0x00000000   Number         0  stubs.o ABSOLUTE
    _printf_c                                0x00000000   Number         0  stubs.o ABSOLUTE
    _printf_charcount                        0x00000000   Number         0  stubs.o ABSOLUTE
    _printf_d                                0x00000000   Number         0  stubs.o ABSOLUTE
    _printf_e                                0x00000000   Number         0  stubs.o ABSOLUTE
    _printf_f                                0x00000000   Number         0  stubs.o ABSOLUTE
    _printf_flags                            0x00000000   Number         0  stubs.o ABSOLUTE
    _printf_fp_dec                           0x00000000   Number         0  stubs.o ABSOLUTE
    _printf_fp_hex                           0x00000000   Number         0  stubs.o ABSOLUTE
    _printf_g                                0x00000000   Number         0  stubs.o ABSOLUTE
    _printf_i                                0x00000000   Number         0  stubs.o ABSOLUTE
    _printf_int_dec                          0x00000000   Number         0  stubs.o ABSOLUTE
    _printf_l                                0x00000000   Number         0  stubs.o ABSOLUTE
    _printf_lc                               0x00000000   Number         0  stubs.o ABSOLUTE
    _printf_ll                               0x00000000   Number         0  stubs.o ABSOLUTE
    _printf_lld                              0x00000000   Number         0  stubs.o ABSOLUTE
    _printf_lli                              0x00000000   Number         0  stubs.o ABSOLUTE
    _printf_llo                              0x00000000   Number         0  stubs.o ABSOLUTE
    _printf_llu                              0x00000000   Number         0  stubs.o ABSOLUTE
    _printf_llx                              0x00000000   Number         0  stubs.o ABSOLUTE
    _printf_longlong_dec                     0x00000000   Number         0  stubs.o ABSOLUTE
    _printf_longlong_hex                     0x00000000   Number         0  stubs.o ABSOLUTE
    _printf_longlong_oct                     0x00000000   Number         0  stubs.o ABSOLUTE
    _printf_ls                               0x00000000   Number         0  stubs.o ABSOLUTE
    _printf_mbtowc                           0x00000000   Number         0  stubs.o ABSOLUTE
    _printf_n                                0x00000000   Number         0  stubs.o ABSOLUTE
    _printf_o                                0x00000000   Number         0  stubs.o ABSOLUTE
    _printf_p                                0x00000000   Number         0  stubs.o ABSOLUTE
    _printf_percent                          0x00000000   Number         0  stubs.o ABSOLUTE
    _printf_pre_padding                      0x00000000   Number         0  stubs.o ABSOLUTE
    _printf_return_value                     0x00000000   Number         0  stubs.o ABSOLUTE
    _printf_s                                0x00000000   Number         0  stubs.o ABSOLUTE
    _printf_sizespec                         0x00000000   Number         0  stubs.o ABSOLUTE
    _printf_str                              0x00000000   Number         0  stubs.o ABSOLUTE
    _printf_truncate_signed                  0x00000000   Number         0  stubs.o ABSOLUTE
    _printf_truncate_unsigned                0x00000000   Number         0  stubs.o ABSOLUTE
    _printf_u                                0x00000000   Number         0  stubs.o ABSOLUTE
    _printf_wc                               0x00000000   Number         0  stubs.o ABSOLUTE
    _printf_wctomb                           0x00000000   Number         0  stubs.o ABSOLUTE
    _printf_widthprec                        0x00000000   Number         0  stubs.o ABSOLUTE
    _printf_x                                0x00000000   Number         0  stubs.o ABSOLUTE
    __arm_fini_                               - Undefined Weak Reference
    __cpp_initialize__aeabi_                  - Undefined Weak Reference
    __cxa_finalize                            - Undefined Weak Reference
    _clock_init                               - Undefined Weak Reference
    _microlib_exit                            - Undefined Weak Reference
    __Vectors_Size                           0x000000ec   Number         0  startup_stm32f10x_md.o ABSOLUTE
    __Vectors                                0x08000000   Data           4  startup_stm32f10x_md.o(RESET)
    __Vectors_End                            0x080000ec   Data           0  startup_stm32f10x_md.o(RESET)
    __main                                   0x080000ed   Thumb Code     0  entry.o(.ARM.Collect$$$$00000000)
    _main_stk                                0x080000ed   Thumb Code     0  entry2.o(.ARM.Collect$$$$00000001)
    _main_scatterload                        0x080000f1   Thumb Code     0  entry5.o(.ARM.Collect$$$$00000004)
    __main_after_scatterload                 0x080000f5   Thumb Code     0  entry5.o(.ARM.Collect$$$$00000004)
    _main_clock                              0x080000f5   Thumb Code     0  entry7b.o(.ARM.Collect$$$$00000008)
    _main_cpp_init                           0x080000f5   Thumb Code     0  entry8b.o(.ARM.Collect$$$$0000000A)
    _main_init                               0x080000f5   Thumb Code     0  entry9a.o(.ARM.Collect$$$$0000000B)
    __rt_lib_shutdown_fini                   0x080000fd   Thumb Code     0  entry12b.o(.ARM.Collect$$$$0000000E)
    __rt_final_cpp                           0x08000101   Thumb Code     0  entry10a.o(.ARM.Collect$$$$0000000F)
    __rt_final_exit                          0x08000101   Thumb Code     0  entry11a.o(.ARM.Collect$$$$00000011)
    SVC_Handler                              0x08000105   Thumb Code    32  port.o(.emb_text)
    __asm___6_port_c_39a90d8d__prvStartFirstTask 0x08000129   Thumb Code    28  port.o(.emb_text)
    PendSV_Handler                           0x08000149   Thumb Code    72  port.o(.emb_text)
    vPortGetIPSR                             0x08000195   Thumb Code     6  port.o(.emb_text)
    Reset_Handler                            0x0800019d   Thumb Code     8  startup_stm32f10x_md.o(.text)
    ADC1_2_IRQHandler                        0x080001b7   Thumb Code     0  startup_stm32f10x_md.o(.text)
    CAN1_RX1_IRQHandler                      0x080001b7   Thumb Code     0  startup_stm32f10x_md.o(.text)
    CAN1_SCE_IRQHandler                      0x080001b7   Thumb Code     0  startup_stm32f10x_md.o(.text)
    DMA1_Channel1_IRQHandler                 0x080001b7   Thumb Code     0  startup_stm32f10x_md.o(.text)
    DMA1_Channel2_IRQHandler                 0x080001b7   Thumb Code     0  startup_stm32f10x_md.o(.text)
    DMA1_Channel3_IRQHandler                 0x080001b7   Thumb Code     0  startup_stm32f10x_md.o(.text)
    DMA1_Channel4_IRQHandler                 0x080001b7   Thumb Code     0  startup_stm32f10x_md.o(.text)
    DMA1_Channel5_IRQHandler                 0x080001b7   Thumb Code     0  startup_stm32f10x_md.o(.text)
    DMA1_Channel6_IRQHandler                 0x080001b7   Thumb Code     0  startup_stm32f10x_md.o(.text)
    DMA1_Channel7_IRQHandler                 0x080001b7   Thumb Code     0  startup_stm32f10x_md.o(.text)
    EXTI0_IRQHandler                         0x080001b7   Thumb Code     0  startup_stm32f10x_md.o(.text)
    EXTI15_10_IRQHandler                     0x080001b7   Thumb Code     0  startup_stm32f10x_md.o(.text)
    EXTI1_IRQHandler                         0x080001b7   Thumb Code     0  startup_stm32f10x_md.o(.text)
    EXTI2_IRQHandler                         0x080001b7   Thumb Code     0  startup_stm32f10x_md.o(.text)
    EXTI3_IRQHandler                         0x080001b7   Thumb Code     0  startup_stm32f10x_md.o(.text)
    EXTI4_IRQHandler                         0x080001b7   Thumb Code     0  startup_stm32f10x_md.o(.text)
    EXTI9_5_IRQHandler                       0x080001b7   Thumb Code     0  startup_stm32f10x_md.o(.text)
    FLASH_IRQHandler                         0x080001b7   Thumb Code     0  startup_stm32f10x_md.o(.text)
    I2C1_ER_IRQHandler                       0x080001b7   Thumb Code     0  startup_stm32f10x_md.o(.text)
    I2C1_EV_IRQHandler                       0x080001b7   Thumb Code     0  startup_stm32f10x_md.o(.text)
    I2C2_ER_IRQHandler                       0x080001b7   Thumb Code     0  startup_stm32f10x_md.o(.text)
    I2C2_EV_IRQHandler                       0x080001b7   Thumb Code     0  startup_stm32f10x_md.o(.text)
    PVD_IRQHandler                           0x080001b7   Thumb Code     0  startup_stm32f10x_md.o(.text)
    RCC_IRQHandler                           0x080001b7   Thumb Code     0  startup_stm32f10x_md.o(.text)
    RTCAlarm_IRQHandler                      0x080001b7   Thumb Code     0  startup_stm32f10x_md.o(.text)
    RTC_IRQHandler                           0x080001b7   Thumb Code     0  startup_stm32f10x_md.o(.text)
    SPI1_IRQHandler                          0x080001b7   Thumb Code     0  startup_stm32f10x_md.o(.text)
    SPI2_IRQHandler                          0x080001b7   Thumb Code     0  startup_stm32f10x_md.o(.text)
    TAMPER_IRQHandler                        0x080001b7   Thumb Code     0  startup_stm32f10x_md.o(.text)
    TIM1_BRK_IRQHandler                      0x080001b7   Thumb Code     0  startup_stm32f10x_md.o(.text)
    TIM1_CC_IRQHandler                       0x080001b7   Thumb Code     0  startup_stm32f10x_md.o(.text)
    TIM1_TRG_COM_IRQHandler                  0x080001b7   Thumb Code     0  startup_stm32f10x_md.o(.text)
    TIM1_UP_IRQHandler                       0x080001b7   Thumb Code     0  startup_stm32f10x_md.o(.text)
    TIM2_IRQHandler                          0x080001b7   Thumb Code     0  startup_stm32f10x_md.o(.text)
    TIM3_IRQHandler                          0x080001b7   Thumb Code     0  startup_stm32f10x_md.o(.text)
    TIM4_IRQHandler                          0x080001b7   Thumb Code     0  startup_stm32f10x_md.o(.text)
    USART2_IRQHandler                        0x080001b7   Thumb Code     0  startup_stm32f10x_md.o(.text)
    USART3_IRQHandler                        0x080001b7   Thumb Code     0  startup_stm32f10x_md.o(.text)
    USBWakeUp_IRQHandler                     0x080001b7   Thumb Code     0  startup_stm32f10x_md.o(.text)
    USB_HP_CAN1_TX_IRQHandler                0x080001b7   Thumb Code     0  startup_stm32f10x_md.o(.text)
    USB_LP_CAN1_RX0_IRQHandler               0x080001b7   Thumb Code     0  startup_stm32f10x_md.o(.text)
    WWDG_IRQHandler                          0x080001b7   Thumb Code     0  startup_stm32f10x_md.o(.text)
    __aeabi_ldivmod                          0x080001c1   Thumb Code    98  ldiv.o(.text)
    __aeabi_memcpy                           0x08000223   Thumb Code    36  memcpya.o(.text)
    __aeabi_memcpy4                          0x08000223   Thumb Code     0  memcpya.o(.text)
    __aeabi_memcpy8                          0x08000223   Thumb Code     0  memcpya.o(.text)
    __aeabi_memset                           0x08000247   Thumb Code    14  memseta.o(.text)
    __aeabi_memset4                          0x08000247   Thumb Code     0  memseta.o(.text)
    __aeabi_memset8                          0x08000247   Thumb Code     0  memseta.o(.text)
    __aeabi_memclr                           0x08000255   Thumb Code     4  memseta.o(.text)
    __aeabi_memclr4                          0x08000255   Thumb Code     0  memseta.o(.text)
    __aeabi_memclr8                          0x08000255   Thumb Code     0  memseta.o(.text)
    memset                                   0x08000259   Thumb Code    18  memseta.o(.text)
    memcmp                                   0x0800026b   Thumb Code    26  memcmp.o(.text)
    __aeabi_fadd                             0x08000285   Thumb Code   164  fadd.o(.text)
    __aeabi_fsub                             0x08000329   Thumb Code     6  fadd.o(.text)
    __aeabi_frsub                            0x0800032f   Thumb Code     6  fadd.o(.text)
    __aeabi_fmul                             0x08000335   Thumb Code   100  fmul.o(.text)
    __aeabi_fdiv                             0x08000399   Thumb Code   124  fdiv.o(.text)
    __aeabi_dadd                             0x08000415   Thumb Code   322  dadd.o(.text)
    __aeabi_dsub                             0x08000557   Thumb Code     6  dadd.o(.text)
    __aeabi_drsub                            0x0800055d   Thumb Code     6  dadd.o(.text)
    __aeabi_dmul                             0x08000563   Thumb Code   228  dmul.o(.text)
    __aeabi_ddiv                             0x08000647   Thumb Code   222  ddiv.o(.text)
    __aeabi_i2f                              0x08000725   Thumb Code    18  fflti.o(.text)
    __aeabi_ui2f                             0x08000737   Thumb Code    10  ffltui.o(.text)
    __aeabi_f2iz                             0x08000741   Thumb Code    50  ffixi.o(.text)
    __aeabi_f2uiz                            0x08000773   Thumb Code    40  ffixui.o(.text)
    __aeabi_f2d                              0x0800079b   Thumb Code    38  f2d.o(.text)
    __aeabi_d2f                              0x080007c1   Thumb Code    56  d2f.o(.text)
    __aeabi_cfcmpeq                          0x080007f9   Thumb Code     0  cfcmple.o(.text)
    __aeabi_cfcmple                          0x080007f9   Thumb Code    20  cfcmple.o(.text)
    __aeabi_cfrcmple                         0x0800080d   Thumb Code    20  cfrcmple.o(.text)
    __aeabi_uldivmod                         0x08000821   Thumb Code    98  uldiv.o(.text)
    __aeabi_llsl                             0x08000883   Thumb Code    30  llshl.o(.text)
    _ll_shift_l                              0x08000883   Thumb Code     0  llshl.o(.text)
    __aeabi_lasr                             0x080008a1   Thumb Code    36  llsshr.o(.text)
    _ll_sshift_r                             0x080008a1   Thumb Code     0  llsshr.o(.text)
    __I$use$fp                               0x080008c5   Thumb Code     0  iusefp.o(.text)
    _float_round                             0x080008c5   Thumb Code    18  fepilogue.o(.text)
    _float_epilogue                          0x080008d7   Thumb Code    92  fepilogue.o(.text)
    _double_round                            0x08000933   Thumb Code    30  depilogue.o(.text)
    _double_epilogue                         0x08000951   Thumb Code   156  depilogue.o(.text)
    __ARM_scalbn                             0x080009ed   Thumb Code    46  dscalb.o(.text)
    scalbn                                   0x080009ed   Thumb Code     0  dscalb.o(.text)
    __aeabi_cdcmpeq                          0x08000a1d   Thumb Code     0  cdcmple.o(.text)
    __aeabi_cdcmple                          0x08000a1d   Thumb Code    48  cdcmple.o(.text)
    __scatterload                            0x08000a4d   Thumb Code    28  init.o(.text)
    __scatterload_rt2                        0x08000a4d   Thumb Code     0  init.o(.text)
    __aeabi_llsr                             0x08000a71   Thumb Code    32  llushr.o(.text)
    _ll_ushift_r                             0x08000a71   Thumb Code     0  llushr.o(.text)
    _dsqrt                                   0x08000a91   Thumb Code   162  dsqrt.o(.text)
    __decompress                             0x08000b33   Thumb Code     0  __dczerorl.o(.text)
    __decompress0                            0x08000b33   Thumb Code    58  __dczerorl.o(.text)
    BusFault_Handler                         0x08000b6d   Thumb Code     4  stm32f10x_it.o(i.BusFault_Handler)
    DebugMon_Handler                         0x08000b71   Thumb Code     2  stm32f10x_it.o(i.DebugMon_Handler)
    Encoder_Get_A                            0x08000b73   Thumb Code    26  encoder.o(i.Encoder_Get_A)
    Encoder_Get_B                            0x08000b8d   Thumb Code    24  encoder.o(i.Encoder_Get_B)
    Encoder_Init                             0x08000ba9   Thumb Code   258  encoder.o(i.Encoder_Init)
    GPIO_Init                                0x08000cb9   Thumb Code   278  stm32f10x_gpio.o(i.GPIO_Init)
    GPIO_ReadInputDataBit                    0x08000dcf   Thumb Code    18  stm32f10x_gpio.o(i.GPIO_ReadInputDataBit)
    GPIO_WriteBit                            0x08000de1   Thumb Code    10  stm32f10x_gpio.o(i.GPIO_WriteBit)
    Get_Date_task                            0x08000ded   Thumb Code    48  cartask.o(i.Get_Date_task)
    Get_PID_Data                             0x08000e21   Thumb Code   102  pid.o(i.Get_PID_Data)
    HardFault_Handler                        0x08000e8d   Thumb Code     4  stm32f10x_it.o(i.HardFault_Handler)
    IIC_Ack                                  0x08000e91   Thumb Code    60  my_i2c.o(i.IIC_Ack)
    IIC_GPIO_Init                            0x08000ee1   Thumb Code    60  my_i2c.o(i.IIC_GPIO_Init)
    IIC_NAck                                 0x08000f21   Thumb Code    48  my_i2c.o(i.IIC_NAck)
    IIC_Read_Byte                            0x08000f55   Thumb Code    84  my_i2c.o(i.IIC_Read_Byte)
    IIC_Send_Byte                            0x08000fad   Thumb Code   100  my_i2c.o(i.IIC_Send_Byte)
    IIC_Start                                0x08001015   Thumb Code    60  my_i2c.o(i.IIC_Start)
    IIC_Stop                                 0x08001055   Thumb Code    40  my_i2c.o(i.IIC_Stop)
    IIC_Wait_Ack                             0x08001081   Thumb Code    68  my_i2c.o(i.IIC_Wait_Ack)
    MPU_Init                                 0x080010c9   Thumb Code   122  mpu6050.o(i.MPU_Init)
    MPU_Read_Byte                            0x08001143   Thumb Code    58  mpu6050.o(i.MPU_Read_Byte)
    MPU_Read_Len                             0x0800117d   Thumb Code   116  mpu6050.o(i.MPU_Read_Len)
    MPU_Set_Accel_Fsr                        0x080011f1   Thumb Code    16  mpu6050.o(i.MPU_Set_Accel_Fsr)
    MPU_Set_Gyro_Fsr                         0x08001201   Thumb Code    16  mpu6050.o(i.MPU_Set_Gyro_Fsr)
    MPU_Set_LPF                              0x08001211   Thumb Code    58  mpu6050.o(i.MPU_Set_LPF)
    MPU_Set_Rate                             0x0800124b   Thumb Code    58  mpu6050.o(i.MPU_Set_Rate)
    MPU_Write_Byte                           0x08001285   Thumb Code    68  mpu6050.o(i.MPU_Write_Byte)
    MPU_Write_Len                            0x080012c9   Thumb Code    96  mpu6050.o(i.MPU_Write_Len)
    MemManage_Handler                        0x08001329   Thumb Code     4  stm32f10x_it.o(i.MemManage_Handler)
    Motor_Init                               0x0800132d   Thumb Code   194  motor.o(i.Motor_Init)
    Motor_task                               0x080013fd   Thumb Code   106  cartask.o(i.Motor_task)
    NMI_Handler                              0x0800147d   Thumb Code     2  stm32f10x_it.o(i.NMI_Handler)
    NVIC_PriorityGroupConfig                 0x08001481   Thumb Code    10  misc.o(i.NVIC_PriorityGroupConfig)
    OLED_Init                                0x08001495   Thumb Code   172  oled.o(i.OLED_Init)
    OLED_SetPos                              0x08001541   Thumb Code    40  oled.o(i.OLED_SetPos)
    OLED_ShowChar                            0x08001569   Thumb Code   148  oled.o(i.OLED_ShowChar)
    OLED_ShowFloat                           0x08001605   Thumb Code   140  oled.o(i.OLED_ShowFloat)
    OLED_ShowNum                             0x08001695   Thumb Code   148  oled.o(i.OLED_ShowNum)
    OLED_ShowStr                             0x08001729   Thumb Code   228  oled.o(i.OLED_ShowStr)
    PWM_Limiting                             0x08001815   Thumb Code    50  pid.o(i.PWM_Limiting)
    RCC_APB1PeriphClockCmd                   0x08001849   Thumb Code    26  stm32f10x_rcc.o(i.RCC_APB1PeriphClockCmd)
    RCC_APB2PeriphClockCmd                   0x08001869   Thumb Code    26  stm32f10x_rcc.o(i.RCC_APB2PeriphClockCmd)
    SetMotor                                 0x08001889   Thumb Code    20  motor.o(i.SetMotor)
    SetMotorASpeed                           0x0800189d   Thumb Code    54  motor.o(i.SetMotorASpeed)
    SetMotorBSpeed                           0x080018d9   Thumb Code    54  motor.o(i.SetMotorBSpeed)
    Show_task                                0x080019fd   Thumb Code    66  cartask.o(i.Show_task)
    SysTick_CLKSourceConfig                  0x08001a59   Thumb Code    40  misc.o(i.SysTick_CLKSourceConfig)
    SysTick_Handler                          0x08001a81   Thumb Code    46  port.o(i.SysTick_Handler)
    SysTick_Init                             0x08001ab5   Thumb Code    76  systick.o(i.SysTick_Init)
    SystemInit                               0x08001b11   Thumb Code    78  system_stm32f10x.o(i.SystemInit)
    TIM_Cmd                                  0x08001db1   Thumb Code    24  stm32f10x_tim.o(i.TIM_Cmd)
    TIM_EncoderInterfaceConfig               0x08001dc9   Thumb Code    66  stm32f10x_tim.o(i.TIM_EncoderInterfaceConfig)
    TIM_GetCounter                           0x08001e0b   Thumb Code     6  stm32f10x_tim.o(i.TIM_GetCounter)
    TIM_ICInit                               0x08001e11   Thumb Code   150  stm32f10x_tim.o(i.TIM_ICInit)
    TIM_ICStructInit                         0x08001ebd   Thumb Code    18  stm32f10x_tim.o(i.TIM_ICStructInit)
    TIM_InternalClockConfig                  0x08001ecf   Thumb Code    12  stm32f10x_tim.o(i.TIM_InternalClockConfig)
    TIM_OC1Init                              0x08001edd   Thumb Code   132  stm32f10x_tim.o(i.TIM_OC1Init)
    TIM_OC2Init                              0x08001f75   Thumb Code   154  stm32f10x_tim.o(i.TIM_OC2Init)
    TIM_OC3Init                              0x08002019   Thumb Code   150  stm32f10x_tim.o(i.TIM_OC3Init)
    TIM_OC4Init                              0x080020b9   Thumb Code   114  stm32f10x_tim.o(i.TIM_OC4Init)
    TIM_OCStructInit                         0x08002135   Thumb Code    20  stm32f10x_tim.o(i.TIM_OCStructInit)
    TIM_SetCompare1                          0x08002149   Thumb Code     4  stm32f10x_tim.o(i.TIM_SetCompare1)
    TIM_SetCompare2                          0x0800214d   Thumb Code     4  stm32f10x_tim.o(i.TIM_SetCompare2)
    TIM_SetCompare3                          0x08002151   Thumb Code     4  stm32f10x_tim.o(i.TIM_SetCompare3)
    TIM_SetCompare4                          0x08002155   Thumb Code     6  stm32f10x_tim.o(i.TIM_SetCompare4)
    TIM_SetCounter                           0x0800215b   Thumb Code     4  stm32f10x_tim.o(i.TIM_SetCounter)
    TIM_SetIC1Prescaler                      0x0800215f   Thumb Code    18  stm32f10x_tim.o(i.TIM_SetIC1Prescaler)
    TIM_SetIC2Prescaler                      0x08002171   Thumb Code    26  stm32f10x_tim.o(i.TIM_SetIC2Prescaler)
    TIM_SetIC3Prescaler                      0x0800218b   Thumb Code    18  stm32f10x_tim.o(i.TIM_SetIC3Prescaler)
    TIM_SetIC4Prescaler                      0x0800219d   Thumb Code    26  stm32f10x_tim.o(i.TIM_SetIC4Prescaler)
    TIM_TimeBaseInit                         0x080021b9   Thumb Code   122  stm32f10x_tim.o(i.TIM_TimeBaseInit)
    Turn_off                                 0x0800225d   Thumb Code    44  pid.o(i.Turn_off)
    USART1_IRQHandler                        0x08002291   Thumb Code   122  usart.o(i.USART1_IRQHandler)
    USART_GetFlagStatus                      0x08002319   Thumb Code    26  stm32f10x_usart.o(i.USART_GetFlagStatus)
    USART_GetITStatus                        0x08002333   Thumb Code    84  stm32f10x_usart.o(i.USART_GetITStatus)
    USART_ReceiveData                        0x08002387   Thumb Code    10  stm32f10x_usart.o(i.USART_ReceiveData)
    USART_SendData                           0x08002391   Thumb Code     8  stm32f10x_usart.o(i.USART_SendData)
    UsageFault_Handler                       0x08002399   Thumb Code     4  stm32f10x_it.o(i.UsageFault_Handler)
    Vertical_Ring_PD                         0x0800239d   Thumb Code    70  pid.o(i.Vertical_Ring_PD)
    Vertical_Speed_PI                        0x080023e9   Thumb Code   192  pid.o(i.Vertical_Speed_PI)
    Vertical_Turn_PD                         0x080024c5   Thumb Code    64  pid.o(i.Vertical_Turn_PD)
    WriteCmd                                 0x08002509   Thumb Code    16  oled.o(i.WriteCmd)
    WriteDat                                 0x08002519   Thumb Code    16  oled.o(i.WriteDat)
    __0printf$8                              0x08002529   Thumb Code    22  printf8.o(i.__0printf$8)
    __1printf$8                              0x08002529   Thumb Code     0  printf8.o(i.__0printf$8)
    __2printf                                0x08002529   Thumb Code     0  printf8.o(i.__0printf$8)
    __ARM_fpclassify                         0x08002549   Thumb Code    40  fpclassify.o(i.__ARM_fpclassify)
    __kernel_poly                            0x08002571   Thumb Code   170  poly.o(i.__kernel_poly)
    __mathlib_dbl_infnan                     0x0800261b   Thumb Code     6  dunder.o(i.__mathlib_dbl_infnan)
    __mathlib_dbl_infnan2                    0x08002621   Thumb Code     4  dunder.o(i.__mathlib_dbl_infnan2)
    __mathlib_dbl_invalid                    0x08002625   Thumb Code    12  dunder.o(i.__mathlib_dbl_invalid)
    __mathlib_dbl_underflow                  0x08002631   Thumb Code    10  dunder.o(i.__mathlib_dbl_underflow)
    __scatterload_copy                       0x08002641   Thumb Code    14  handlers.o(i.__scatterload_copy)
    __scatterload_null                       0x0800264f   Thumb Code     2  handlers.o(i.__scatterload_null)
    __scatterload_zeroinit                   0x08002651   Thumb Code    14  handlers.o(i.__scatterload_zeroinit)
    __set_errno                              0x08002661   Thumb Code     6  errno.o(i.__set_errno)
    asin                                     0x08002b6d   Thumb Code   572  asin.o(i.asin)
    atan                                     0x08002ddd   Thumb Code   474  atan.o(i.atan)
    atan2                                    0x08002ffd   Thumb Code   374  atan2.o(i.atan2)
    delay_ms                                 0x080031fd   Thumb Code    24  systick.o(i.delay_ms)
    delay_us                                 0x08003215   Thumb Code    68  systick.o(i.delay_us)
    dmp_enable_6x_lp_quat                    0x0800325d   Thumb Code    60  inv_mpu_dmp_motion_driver.o(i.dmp_enable_6x_lp_quat)
    dmp_enable_feature                       0x08003299   Thumb Code   530  inv_mpu_dmp_motion_driver.o(i.dmp_enable_feature)
    dmp_enable_gyro_cal                      0x080034b5   Thumb Code    62  inv_mpu_dmp_motion_driver.o(i.dmp_enable_gyro_cal)
    dmp_enable_lp_quat                       0x0800350d   Thumb Code    60  inv_mpu_dmp_motion_driver.o(i.dmp_enable_lp_quat)
    dmp_load_motion_driver_firmware          0x08003549   Thumb Code    20  inv_mpu_dmp_motion_driver.o(i.dmp_load_motion_driver_firmware)
    dmp_read_fifo                            0x08003561   Thumb Code   456  inv_mpu_dmp_motion_driver.o(i.dmp_read_fifo)
    dmp_set_accel_bias                       0x0800372d   Thumb Code   300  inv_mpu_dmp_motion_driver.o(i.dmp_set_accel_bias)
    dmp_set_fifo_rate                        0x0800385d   Thumb Code    96  inv_mpu_dmp_motion_driver.o(i.dmp_set_fifo_rate)
    dmp_set_gyro_bias                        0x080038cd   Thumb Code   294  inv_mpu_dmp_motion_driver.o(i.dmp_set_gyro_bias)
    dmp_set_orientation                      0x080039fd   Thumb Code   290  inv_mpu_dmp_motion_driver.o(i.dmp_set_orientation)
    dmp_set_shake_reject_thresh              0x08003b35   Thumb Code    56  inv_mpu_dmp_motion_driver.o(i.dmp_set_shake_reject_thresh)
    dmp_set_shake_reject_time                0x08003b6d   Thumb Code    38  inv_mpu_dmp_motion_driver.o(i.dmp_set_shake_reject_time)
    dmp_set_shake_reject_timeout             0x08003b93   Thumb Code    38  inv_mpu_dmp_motion_driver.o(i.dmp_set_shake_reject_timeout)
    dmp_set_tap_axes                         0x08003bb9   Thumb Code    70  inv_mpu_dmp_motion_driver.o(i.dmp_set_tap_axes)
    dmp_set_tap_count                        0x08003bff   Thumb Code    38  inv_mpu_dmp_motion_driver.o(i.dmp_set_tap_count)
    dmp_set_tap_thresh                       0x08003c25   Thumb Code   396  inv_mpu_dmp_motion_driver.o(i.dmp_set_tap_thresh)
    dmp_set_tap_time                         0x08003dc5   Thumb Code    38  inv_mpu_dmp_motion_driver.o(i.dmp_set_tap_time)
    dmp_set_tap_time_multi                   0x08003deb   Thumb Code    38  inv_mpu_dmp_motion_driver.o(i.dmp_set_tap_time_multi)
    fputc                                    0x08003e11   Thumb Code    32  usart.o(i.fputc)
    inv_orientation_matrix_to_scalar         0x08004465   Thumb Code    40  inv_mpu.o(i.inv_orientation_matrix_to_scalar)
    inv_row_2_scale                          0x0800448d   Thumb Code    78  inv_mpu.o(i.inv_row_2_scale)
    main                                     0x080044dd   Thumb Code    48  main.o(i.main)
    mget_ms                                  0x08004521   Thumb Code     2  inv_mpu.o(i.mget_ms)
    mpu_configure_fifo                       0x08004525   Thumb Code   106  inv_mpu.o(i.mpu_configure_fifo)
    mpu_dmp_get_data                         0x08004595   Thumb Code   582  inv_mpu.o(i.mpu_dmp_get_data)
    mpu_dmp_init                             0x080047e5   Thumb Code   154  inv_mpu.o(i.mpu_dmp_init)
    mpu_get_accel_fsr                        0x08004885   Thumb Code    72  inv_mpu.o(i.mpu_get_accel_fsr)
    mpu_get_accel_sens                       0x080048d1   Thumb Code    78  inv_mpu.o(i.mpu_get_accel_sens)
    mpu_get_fifo_config                      0x08004925   Thumb Code    12  inv_mpu.o(i.mpu_get_fifo_config)
    mpu_get_gyro_fsr                         0x08004935   Thumb Code    64  inv_mpu.o(i.mpu_get_gyro_fsr)
    mpu_get_gyro_sens                        0x08004979   Thumb Code    58  inv_mpu.o(i.mpu_get_gyro_sens)
    mpu_get_lpf                              0x080049c9   Thumb Code    74  inv_mpu.o(i.mpu_get_lpf)
    mpu_get_sample_rate                      0x08004a19   Thumb Code    26  inv_mpu.o(i.mpu_get_sample_rate)
    mpu_init                                 0x08004a39   Thumb Code   416  inv_mpu.o(i.mpu_init)
    mpu_load_firmware                        0x08004c29   Thumb Code   180  inv_mpu.o(i.mpu_load_firmware)
    mpu_lp_accel_mode                        0x08004ce1   Thumb Code   218  inv_mpu.o(i.mpu_lp_accel_mode)
    mpu_read_fifo_stream                     0x08004dc1   Thumb Code   186  inv_mpu.o(i.mpu_read_fifo_stream)
    mpu_read_mem                             0x08004e81   Thumb Code   122  inv_mpu.o(i.mpu_read_mem)
    mpu_reset_fifo                           0x08004f01   Thumb Code   450  inv_mpu.o(i.mpu_reset_fifo)
    mpu_run_self_test                        0x080050c9   Thumb Code   278  inv_mpu.o(i.mpu_run_self_test)
    mpu_set_accel_fsr                        0x080051e5   Thumb Code   126  inv_mpu.o(i.mpu_set_accel_fsr)
    mpu_set_bypass                           0x08005269   Thumb Code   328  inv_mpu.o(i.mpu_set_bypass)
    mpu_set_dmp_state                        0x080053b5   Thumb Code   138  inv_mpu.o(i.mpu_set_dmp_state)
    mpu_set_gyro_fsr                         0x08005445   Thumb Code   132  inv_mpu.o(i.mpu_set_gyro_fsr)
    mpu_set_int_latched                      0x080054cd   Thumb Code   102  inv_mpu.o(i.mpu_set_int_latched)
    mpu_set_lpf                              0x08005539   Thumb Code   126  inv_mpu.o(i.mpu_set_lpf)
    mpu_set_sample_rate                      0x080055bd   Thumb Code   152  inv_mpu.o(i.mpu_set_sample_rate)
    mpu_set_sensors                          0x08005659   Thumb Code   202  inv_mpu.o(i.mpu_set_sensors)
    mpu_write_mem                            0x08005729   Thumb Code   122  inv_mpu.o(i.mpu_write_mem)
    oled_pow                                 0x080057a9   Thumb Code    22  oled.o(i.oled_pow)
    pvPortMalloc                             0x08006111   Thumb Code   262  heap_4.o(i.pvPortMalloc)
    pxPortInitialiseStack                    0x08006261   Thumb Code    30  port.o(i.pxPortInitialiseStack)
    run_self_test                            0x08006285   Thumb Code   152  inv_mpu.o(i.run_self_test)
    show                                     0x080063ad   Thumb Code   244  cartask.o(i.show)
    sqrt                                     0x080064a5   Thumb Code    76  sqrt.o(i.sqrt)
    start_task                               0x080064f1   Thumb Code    80  main.o(i.start_task)
    uxListRemove                             0x08006581   Thumb Code    40  list.o(i.uxListRemove)
    vListInitialise                          0x080065a9   Thumb Code    26  list.o(i.vListInitialise)
    vListInitialiseItem                      0x080065c3   Thumb Code     6  list.o(i.vListInitialiseItem)
    vListInsert                              0x080065c9   Thumb Code    52  list.o(i.vListInsert)
    vListInsertEnd                           0x080065fd   Thumb Code    24  list.o(i.vListInsertEnd)
    vPortEnterCritical                       0x08006615   Thumb Code    68  port.o(i.vPortEnterCritical)
    vPortExitCritical                        0x08006699   Thumb Code    48  port.o(i.vPortExitCritical)
    vPortFree                                0x08006705   Thumb Code   120  heap_4.o(i.vPortFree)
    vPortSetupTimerInterrupt                 0x080067b9   Thumb Code    26  port.o(i.vPortSetupTimerInterrupt)
    vQueueAddToRegistry                      0x080067d9   Thumb Code    84  queue.o(i.vQueueAddToRegistry)
    vQueueWaitForMessageRestricted           0x08006855   Thumb Code    74  queue.o(i.vQueueWaitForMessageRestricted)
    vTaskDelay                               0x080068a1   Thumb Code    72  tasks.o(i.vTaskDelay)
    vTaskDelete                              0x08006915   Thumb Code   200  tasks.o(i.vTaskDelete)
    vTaskInternalSetTimeOutState             0x08006a29   Thumb Code    14  tasks.o(i.vTaskInternalSetTimeOutState)
    vTaskMissedYield                         0x08006a41   Thumb Code     8  tasks.o(i.vTaskMissedYield)
    vTaskPlaceOnEventList                    0x08006a4d   Thumb Code    42  tasks.o(i.vTaskPlaceOnEventList)
    vTaskPlaceOnEventListRestricted          0x08006aa1   Thumb Code    84  tasks.o(i.vTaskPlaceOnEventListRestricted)
    vTaskStartScheduler                      0x08006b1d   Thumb Code   112  tasks.o(i.vTaskStartScheduler)
    vTaskSuspendAll                          0x08006bd1   Thumb Code    12  tasks.o(i.vTaskSuspendAll)
    vTaskSwitchContext                       0x08006be1   Thumb Code   110  tasks.o(i.vTaskSwitchContext)
    xPortStartScheduler                      0x08006c89   Thumb Code   140  port.o(i.xPortStartScheduler)
    xQueueGenericCreate                      0x08006d29   Thumb Code    92  queue.o(i.xQueueGenericCreate)
    xQueueGenericReset                       0x08006da9   Thumb Code   194  queue.o(i.xQueueGenericReset)
    xQueueReceive                            0x08006e95   Thumb Code   326  queue.o(i.xQueueReceive)
    xTaskCheckForTimeOut                     0x08007005   Thumb Code   116  tasks.o(i.xTaskCheckForTimeOut)
    xTaskCreate                              0x080070a5   Thumb Code   104  tasks.o(i.xTaskCreate)
    xTaskGetSchedulerState                   0x0800710d   Thumb Code    24  tasks.o(i.xTaskGetSchedulerState)
    xTaskGetTickCount                        0x0800712d   Thumb Code     6  tasks.o(i.xTaskGetTickCount)
    xTaskIncrementTick                       0x08007139   Thumb Code   388  tasks.o(i.xTaskIncrementTick)
    xTaskRemoveFromEventList                 0x0800730d   Thumb Code   254  tasks.o(i.xTaskRemoveFromEventList)
    xTaskResumeAll                           0x08007449   Thumb Code   328  tasks.o(i.xTaskResumeAll)
    xTimerCreateTimerTask                    0x080075d9   Thumb Code    56  timers.o(i.xTimerCreateTimerTask)
    F16x16                                   0x08007648   Data         640  oled.o(.constdata)
    F6x8                                     0x080078c8   Data         552  oled.o(.constdata)
    F8X16                                    0x08007af0   Data        1520  oled.o(.constdata)
    reg                                      0x080080e0   Data          27  inv_mpu.o(.constdata)
    hw                                       0x080080fc   Data          12  inv_mpu.o(.constdata)
    test                                     0x08008108   Data          40  inv_mpu.o(.constdata)
    __mathlib_zero                           0x08008e10   Data           8  qnan.o(.constdata)
    Region$$Table$$Base                      0x08008e68   Number         0  anon$$obj.o(Region$$Table)
    Region$$Table$$Limit                     0x08008e88   Number         0  anon$$obj.o(Region$$Table)
    SystemCoreClock                          0x20000000   Data           4  system_stm32f10x.o(.data)
    AHBPrescTable                            0x20000004   Data          16  system_stm32f10x.o(.data)
    satrt_task_handle                        0x20000014   Data           4  main.o(.data)
    motor_task_handle                        0x20000018   Data           4  main.o(.data)
    show_task_handle                         0x2000001c   Data           4  main.o(.data)
    getdate_task_handle                      0x20000020   Data           4  main.o(.data)
    Mechanicla_balance                       0x20000024   Data           4  pid.o(.data)
    Movement                                 0x20000028   Data           4  pid.o(.data)
    ARG                                      0x2000002c   Data          36  pid.o(.data)
    USART1_RX_STA                            0x20000064   Data           2  usart.o(.data)
    MotorA                                   0x20000068   Data           4  motor.o(.data)
    MotorB                                   0x2000006c   Data           4  motor.o(.data)
    Encoder_A                                0x20000070   Data           2  encoder.o(.data)
    Encoder_B                                0x20000072   Data           2  encoder.o(.data)
    pxCurrentTCB                             0x200000ac   Data           4  tasks.o(.data)
    uxTopUsedPriority                        0x200000e4   Data           4  tasks.o(.data)
    __stdout                                 0x20000124   Data           4  stdout.o(.data)
    USART1_RX_BUF                            0x2000012c   Data         200  usart.o(.bss)
    outMpu                                   0x200001f4   Data          24  mpu6050.o(.bss)
    xQueueRegistry                           0x2000021c   Data          80  queue.o(.bss)
    __initial_sp                             0x20003088   Data           0  startup_stm32f10x_md.o(STACK)



==============================================================================

Memory Map of the image

  Image Entry point : 0x0800019d

  Load Region LR_1 (Base: 0x08000000, Size: 0x00008fb4, Max: 0xffffffff, ABSOLUTE, COMPRESSED[0x00008ecc])

    Execution Region ER_RO (Exec base: 0x08000000, Load base: 0x08000000, Size: 0x00008e88, Max: 0xffffffff, ABSOLUTE)

    Exec Addr    Load Addr    Size         Type   Attr      Idx    E Section Name        Object

    0x08000000   0x08000000   0x000000ec   Data   RO           19    RESET               startup_stm32f10x_md.o
    0x080000ec   0x080000ec   0x00000000   Code   RO         5454  * .ARM.Collect$$$$00000000  mc_w.l(entry.o)
    0x080000ec   0x080000ec   0x00000004   Code   RO         5797    .ARM.Collect$$$$00000001  mc_w.l(entry2.o)
    0x080000f0   0x080000f0   0x00000004   Code   RO         5800    .ARM.Collect$$$$00000004  mc_w.l(entry5.o)
    0x080000f4   0x080000f4   0x00000000   Code   RO         5802    .ARM.Collect$$$$00000008  mc_w.l(entry7b.o)
    0x080000f4   0x080000f4   0x00000000   Code   RO         5804    .ARM.Collect$$$$0000000A  mc_w.l(entry8b.o)
    0x080000f4   0x080000f4   0x00000008   Code   RO         5805    .ARM.Collect$$$$0000000B  mc_w.l(entry9a.o)
    0x080000fc   0x080000fc   0x00000004   Code   RO         5812    .ARM.Collect$$$$0000000E  mc_w.l(entry12b.o)
    0x08000100   0x08000100   0x00000000   Code   RO         5807    .ARM.Collect$$$$0000000F  mc_w.l(entry10a.o)
    0x08000100   0x08000100   0x00000000   Code   RO         5809    .ARM.Collect$$$$00000011  mc_w.l(entry11a.o)
    0x08000100   0x08000100   0x00000004   Code   RO         5798    .ARM.Collect$$$$00002712  mc_w.l(entry2.o)
    0x08000104   0x08000104   0x00000096   Code   RO         5310    .emb_text           port.o
    0x0800019a   0x0800019a   0x00000002   PAD
    0x0800019c   0x0800019c   0x00000024   Code   RO           20  * .text               startup_stm32f10x_md.o
    0x080001c0   0x080001c0   0x00000062   Code   RO         5457    .text               mc_w.l(ldiv.o)
    0x08000222   0x08000222   0x00000024   Code   RO         5459    .text               mc_w.l(memcpya.o)
    0x08000246   0x08000246   0x00000024   Code   RO         5463    .text               mc_w.l(memseta.o)
    0x0800026a   0x0800026a   0x0000001a   Code   RO         5465    .text               mc_w.l(memcmp.o)
    0x08000284   0x08000284   0x000000b0   Code   RO         5730    .text               mf_w.l(fadd.o)
    0x08000334   0x08000334   0x00000064   Code   RO         5732    .text               mf_w.l(fmul.o)
    0x08000398   0x08000398   0x0000007c   Code   RO         5734    .text               mf_w.l(fdiv.o)
    0x08000414   0x08000414   0x0000014e   Code   RO         5736    .text               mf_w.l(dadd.o)
    0x08000562   0x08000562   0x000000e4   Code   RO         5738    .text               mf_w.l(dmul.o)
    0x08000646   0x08000646   0x000000de   Code   RO         5740    .text               mf_w.l(ddiv.o)
    0x08000724   0x08000724   0x00000012   Code   RO         5742    .text               mf_w.l(fflti.o)
    0x08000736   0x08000736   0x0000000a   Code   RO         5744    .text               mf_w.l(ffltui.o)
    0x08000740   0x08000740   0x00000032   Code   RO         5748    .text               mf_w.l(ffixi.o)
    0x08000772   0x08000772   0x00000028   Code   RO         5750    .text               mf_w.l(ffixui.o)
    0x0800079a   0x0800079a   0x00000026   Code   RO         5752    .text               mf_w.l(f2d.o)
    0x080007c0   0x080007c0   0x00000038   Code   RO         5754    .text               mf_w.l(d2f.o)
    0x080007f8   0x080007f8   0x00000014   Code   RO         5756    .text               mf_w.l(cfcmple.o)
    0x0800080c   0x0800080c   0x00000014   Code   RO         5758    .text               mf_w.l(cfrcmple.o)
    0x08000820   0x08000820   0x00000062   Code   RO         5816    .text               mc_w.l(uldiv.o)
    0x08000882   0x08000882   0x0000001e   Code   RO         5818    .text               mc_w.l(llshl.o)
    0x080008a0   0x080008a0   0x00000024   Code   RO         5820    .text               mc_w.l(llsshr.o)
    0x080008c4   0x080008c4   0x00000000   Code   RO         5829    .text               mc_w.l(iusefp.o)
    0x080008c4   0x080008c4   0x0000006e   Code   RO         5830    .text               mf_w.l(fepilogue.o)
    0x08000932   0x08000932   0x000000ba   Code   RO         5832    .text               mf_w.l(depilogue.o)
    0x080009ec   0x080009ec   0x0000002e   Code   RO         5834    .text               mf_w.l(dscalb.o)
    0x08000a1a   0x08000a1a   0x00000002   PAD
    0x08000a1c   0x08000a1c   0x00000030   Code   RO         5838    .text               mf_w.l(cdcmple.o)
    0x08000a4c   0x08000a4c   0x00000024   Code   RO         5842    .text               mc_w.l(init.o)
    0x08000a70   0x08000a70   0x00000020   Code   RO         5844    .text               mc_w.l(llushr.o)
    0x08000a90   0x08000a90   0x000000a2   Code   RO         5846    .text               mf_w.l(dsqrt.o)
    0x08000b32   0x08000b32   0x0000003a   Code   RO         5856    .text               mc_w.l(__dczerorl.o)
    0x08000b6c   0x08000b6c   0x00000004   Code   RO         3270    i.BusFault_Handler  stm32f10x_it.o
    0x08000b70   0x08000b70   0x00000002   Code   RO         3271    i.DebugMon_Handler  stm32f10x_it.o
    0x08000b72   0x08000b72   0x0000001a   Code   RO         3678    i.Encoder_Get_A     encoder.o
    0x08000b8c   0x08000b8c   0x0000001c   Code   RO         3679    i.Encoder_Get_B     encoder.o
    0x08000ba8   0x08000ba8   0x00000110   Code   RO         3680    i.Encoder_Init      encoder.o
    0x08000cb8   0x08000cb8   0x00000116   Code   RO         1347    i.GPIO_Init         stm32f10x_gpio.o
    0x08000dce   0x08000dce   0x00000012   Code   RO         1351    i.GPIO_ReadInputDataBit  stm32f10x_gpio.o
    0x08000de0   0x08000de0   0x0000000a   Code   RO         1358    i.GPIO_WriteBit     stm32f10x_gpio.o
    0x08000dea   0x08000dea   0x00000002   PAD
    0x08000dec   0x08000dec   0x00000034   Code   RO         3460    i.Get_Date_task     cartask.o
    0x08000e20   0x08000e20   0x0000006c   Code   RO         3315    i.Get_PID_Data      pid.o
    0x08000e8c   0x08000e8c   0x00000004   Code   RO         3272    i.HardFault_Handler  stm32f10x_it.o
    0x08000e90   0x08000e90   0x00000040   Code   RO         3705    i.IIC_Ack           my_i2c.o
    0x08000ed0   0x08000ed0   0x0000000e   Code   RO         3707    i.IIC_Delay         my_i2c.o
    0x08000ede   0x08000ede   0x00000002   PAD
    0x08000ee0   0x08000ee0   0x00000040   Code   RO         3708    i.IIC_GPIO_Init     my_i2c.o
    0x08000f20   0x08000f20   0x00000034   Code   RO         3709    i.IIC_NAck          my_i2c.o
    0x08000f54   0x08000f54   0x00000058   Code   RO         3710    i.IIC_Read_Byte     my_i2c.o
    0x08000fac   0x08000fac   0x00000068   Code   RO         3711    i.IIC_Send_Byte     my_i2c.o
    0x08001014   0x08001014   0x00000040   Code   RO         3712    i.IIC_Start         my_i2c.o
    0x08001054   0x08001054   0x0000002c   Code   RO         3713    i.IIC_Stop          my_i2c.o
    0x08001080   0x08001080   0x00000048   Code   RO         3714    i.IIC_Wait_Ack      my_i2c.o
    0x080010c8   0x080010c8   0x0000007a   Code   RO         3773    i.MPU_Init          mpu6050.o
    0x08001142   0x08001142   0x0000003a   Code   RO         3774    i.MPU_Read_Byte     mpu6050.o
    0x0800117c   0x0800117c   0x00000074   Code   RO         3775    i.MPU_Read_Len      mpu6050.o
    0x080011f0   0x080011f0   0x00000010   Code   RO         3776    i.MPU_Set_Accel_Fsr  mpu6050.o
    0x08001200   0x08001200   0x00000010   Code   RO         3777    i.MPU_Set_Gyro_Fsr  mpu6050.o
    0x08001210   0x08001210   0x0000003a   Code   RO         3778    i.MPU_Set_LPF       mpu6050.o
    0x0800124a   0x0800124a   0x0000003a   Code   RO         3779    i.MPU_Set_Rate      mpu6050.o
    0x08001284   0x08001284   0x00000044   Code   RO         3780    i.MPU_Write_Byte    mpu6050.o
    0x080012c8   0x080012c8   0x00000060   Code   RO         3781    i.MPU_Write_Len     mpu6050.o
    0x08001328   0x08001328   0x00000004   Code   RO         3273    i.MemManage_Handler  stm32f10x_it.o
    0x0800132c   0x0800132c   0x000000d0   Code   RO         3639    i.Motor_Init        motor.o
    0x080013fc   0x080013fc   0x00000080   Code   RO         3461    i.Motor_task        cartask.o
    0x0800147c   0x0800147c   0x00000002   Code   RO         3274    i.NMI_Handler       stm32f10x_it.o
    0x0800147e   0x0800147e   0x00000002   PAD
    0x08001480   0x08001480   0x00000014   Code   RO          138    i.NVIC_PriorityGroupConfig  misc.o
    0x08001494   0x08001494   0x000000ac   Code   RO         3517    i.OLED_Init         oled.o
    0x08001540   0x08001540   0x00000028   Code   RO         3520    i.OLED_SetPos       oled.o
    0x08001568   0x08001568   0x0000009c   Code   RO         3522    i.OLED_ShowChar     oled.o
    0x08001604   0x08001604   0x00000090   Code   RO         3523    i.OLED_ShowFloat    oled.o
    0x08001694   0x08001694   0x00000094   Code   RO         3524    i.OLED_ShowNum      oled.o
    0x08001728   0x08001728   0x000000ec   Code   RO         3525    i.OLED_ShowStr      oled.o
    0x08001814   0x08001814   0x00000032   Code   RO         3316    i.PWM_Limiting      pid.o
    0x08001846   0x08001846   0x00000002   PAD
    0x08001848   0x08001848   0x00000020   Code   RO         1775    i.RCC_APB1PeriphClockCmd  stm32f10x_rcc.o
    0x08001868   0x08001868   0x00000020   Code   RO         1777    i.RCC_APB2PeriphClockCmd  stm32f10x_rcc.o
    0x08001888   0x08001888   0x00000014   Code   RO         3640    i.SetMotor          motor.o
    0x0800189c   0x0800189c   0x0000003c   Code   RO         3641    i.SetMotorASpeed    motor.o
    0x080018d8   0x080018d8   0x0000003c   Code   RO         3642    i.SetMotorBSpeed    motor.o
    0x08001914   0x08001914   0x00000008   Code   RO           24    i.SetSysClock       system_stm32f10x.o
    0x0800191c   0x0800191c   0x000000e0   Code   RO           25    i.SetSysClockTo72   system_stm32f10x.o
    0x080019fc   0x080019fc   0x0000005c   Code   RO         3462    i.Show_task         cartask.o
    0x08001a58   0x08001a58   0x00000028   Code   RO          141    i.SysTick_CLKSourceConfig  misc.o
    0x08001a80   0x08001a80   0x00000034   Code   RO         5311    i.SysTick_Handler   port.o
    0x08001ab4   0x08001ab4   0x0000005c   Code   RO         3394    i.SysTick_Init      systick.o
    0x08001b10   0x08001b10   0x00000060   Code   RO           27    i.SystemInit        system_stm32f10x.o
    0x08001b70   0x08001b70   0x00000080   Code   RO         2405    i.TI1_Config        stm32f10x_tim.o
    0x08001bf0   0x08001bf0   0x00000098   Code   RO         2406    i.TI2_Config        stm32f10x_tim.o
    0x08001c88   0x08001c88   0x00000090   Code   RO         2407    i.TI3_Config        stm32f10x_tim.o
    0x08001d18   0x08001d18   0x00000098   Code   RO         2408    i.TI4_Config        stm32f10x_tim.o
    0x08001db0   0x08001db0   0x00000018   Code   RO         2421    i.TIM_Cmd           stm32f10x_tim.o
    0x08001dc8   0x08001dc8   0x00000042   Code   RO         2430    i.TIM_EncoderInterfaceConfig  stm32f10x_tim.o
    0x08001e0a   0x08001e0a   0x00000006   Code   RO         2440    i.TIM_GetCounter    stm32f10x_tim.o
    0x08001e10   0x08001e10   0x000000ac   Code   RO         2444    i.TIM_ICInit        stm32f10x_tim.o
    0x08001ebc   0x08001ebc   0x00000012   Code   RO         2445    i.TIM_ICStructInit  stm32f10x_tim.o
    0x08001ece   0x08001ece   0x0000000c   Code   RO         2448    i.TIM_InternalClockConfig  stm32f10x_tim.o
    0x08001eda   0x08001eda   0x00000002   PAD
    0x08001edc   0x08001edc   0x00000098   Code   RO         2450    i.TIM_OC1Init       stm32f10x_tim.o
    0x08001f74   0x08001f74   0x000000a4   Code   RO         2455    i.TIM_OC2Init       stm32f10x_tim.o
    0x08002018   0x08002018   0x000000a0   Code   RO         2460    i.TIM_OC3Init       stm32f10x_tim.o
    0x080020b8   0x080020b8   0x0000007c   Code   RO         2465    i.TIM_OC4Init       stm32f10x_tim.o
    0x08002134   0x08002134   0x00000014   Code   RO         2468    i.TIM_OCStructInit  stm32f10x_tim.o
    0x08002148   0x08002148   0x00000004   Code   RO         2482    i.TIM_SetCompare1   stm32f10x_tim.o
    0x0800214c   0x0800214c   0x00000004   Code   RO         2483    i.TIM_SetCompare2   stm32f10x_tim.o
    0x08002150   0x08002150   0x00000004   Code   RO         2484    i.TIM_SetCompare3   stm32f10x_tim.o
    0x08002154   0x08002154   0x00000006   Code   RO         2485    i.TIM_SetCompare4   stm32f10x_tim.o
    0x0800215a   0x0800215a   0x00000004   Code   RO         2486    i.TIM_SetCounter    stm32f10x_tim.o
    0x0800215e   0x0800215e   0x00000012   Code   RO         2487    i.TIM_SetIC1Prescaler  stm32f10x_tim.o
    0x08002170   0x08002170   0x0000001a   Code   RO         2488    i.TIM_SetIC2Prescaler  stm32f10x_tim.o
    0x0800218a   0x0800218a   0x00000012   Code   RO         2489    i.TIM_SetIC3Prescaler  stm32f10x_tim.o
    0x0800219c   0x0800219c   0x0000001a   Code   RO         2490    i.TIM_SetIC4Prescaler  stm32f10x_tim.o
    0x080021b6   0x080021b6   0x00000002   PAD
    0x080021b8   0x080021b8   0x000000a4   Code   RO         2492    i.TIM_TimeBaseInit  stm32f10x_tim.o
    0x0800225c   0x0800225c   0x00000034   Code   RO         3317    i.Turn_off          pid.o
    0x08002290   0x08002290   0x00000088   Code   RO         3429    i.USART1_IRQHandler  usart.o
    0x08002318   0x08002318   0x0000001a   Code   RO         2963    i.USART_GetFlagStatus  stm32f10x_usart.o
    0x08002332   0x08002332   0x00000054   Code   RO         2964    i.USART_GetITStatus  stm32f10x_usart.o
    0x08002386   0x08002386   0x0000000a   Code   RO         2974    i.USART_ReceiveData  stm32f10x_usart.o
    0x08002390   0x08002390   0x00000008   Code   RO         2977    i.USART_SendData    stm32f10x_usart.o
    0x08002398   0x08002398   0x00000004   Code   RO         3275    i.UsageFault_Handler  stm32f10x_it.o
    0x0800239c   0x0800239c   0x0000004c   Code   RO         3318    i.Vertical_Ring_PD  pid.o
    0x080023e8   0x080023e8   0x000000dc   Code   RO         3319    i.Vertical_Speed_PI  pid.o
    0x080024c4   0x080024c4   0x00000044   Code   RO         3320    i.Vertical_Turn_PD  pid.o
    0x08002508   0x08002508   0x00000010   Code   RO         3526    i.WriteCmd          oled.o
    0x08002518   0x08002518   0x00000010   Code   RO         3527    i.WriteDat          oled.o
    0x08002528   0x08002528   0x00000020   Code   RO         5676    i.__0printf$8       mc_w.l(printf8.o)
    0x08002548   0x08002548   0x00000028   Code   RO         5784    i.__ARM_fpclassify  m_ws.l(fpclassify.o)
    0x08002570   0x08002570   0x000000aa   Code   RO         5786    i.__kernel_poly     m_ws.l(poly.o)
    0x0800261a   0x0800261a   0x00000006   Code   RO         5771    i.__mathlib_dbl_infnan  m_ws.l(dunder.o)
    0x08002620   0x08002620   0x00000004   Code   RO         5772    i.__mathlib_dbl_infnan2  m_ws.l(dunder.o)
    0x08002624   0x08002624   0x0000000c   Code   RO         5773    i.__mathlib_dbl_invalid  m_ws.l(dunder.o)
    0x08002630   0x08002630   0x00000010   Code   RO         5776    i.__mathlib_dbl_underflow  m_ws.l(dunder.o)
    0x08002640   0x08002640   0x0000000e   Code   RO         5850    i.__scatterload_copy  mc_w.l(handlers.o)
    0x0800264e   0x0800264e   0x00000002   Code   RO         5851    i.__scatterload_null  mc_w.l(handlers.o)
    0x08002650   0x08002650   0x0000000e   Code   RO         5852    i.__scatterload_zeroinit  mc_w.l(handlers.o)
    0x0800265e   0x0800265e   0x00000002   PAD
    0x08002660   0x08002660   0x0000000c   Code   RO         5824    i.__set_errno       mc_w.l(errno.o)
    0x0800266c   0x0800266c   0x00000404   Code   RO         5683    i._printf_core      mc_w.l(printf8.o)
    0x08002a70   0x08002a70   0x00000024   Code   RO         5684    i._printf_post_padding  mc_w.l(printf8.o)
    0x08002a94   0x08002a94   0x0000002e   Code   RO         5685    i._printf_pre_padding  mc_w.l(printf8.o)
    0x08002ac2   0x08002ac2   0x00000002   PAD
    0x08002ac4   0x08002ac4   0x000000a8   Code   RO         3854    i.accel_self_test   inv_mpu.o
    0x08002b6c   0x08002b6c   0x00000270   Code   RO         5437    i.asin              m_ws.l(asin.o)
    0x08002ddc   0x08002ddc   0x00000220   Code   RO         5761    i.atan              m_ws.l(atan.o)
    0x08002ffc   0x08002ffc   0x0000019c   Code   RO         5447    i.atan2             m_ws.l(atan2.o)
    0x08003198   0x08003198   0x00000064   Code   RO         4194    i.decode_gesture    inv_mpu_dmp_motion_driver.o
    0x080031fc   0x080031fc   0x00000018   Code   RO         3395    i.delay_ms          systick.o
    0x08003214   0x08003214   0x00000048   Code   RO         3396    i.delay_us          systick.o
    0x0800325c   0x0800325c   0x0000003c   Code   RO         4195    i.dmp_enable_6x_lp_quat  inv_mpu_dmp_motion_driver.o
    0x08003298   0x08003298   0x0000021c   Code   RO         4196    i.dmp_enable_feature  inv_mpu_dmp_motion_driver.o
    0x080034b4   0x080034b4   0x00000058   Code   RO         4197    i.dmp_enable_gyro_cal  inv_mpu_dmp_motion_driver.o
    0x0800350c   0x0800350c   0x0000003c   Code   RO         4198    i.dmp_enable_lp_quat  inv_mpu_dmp_motion_driver.o
    0x08003548   0x08003548   0x00000018   Code   RO         4203    i.dmp_load_motion_driver_firmware  inv_mpu_dmp_motion_driver.o
    0x08003560   0x08003560   0x000001cc   Code   RO         4204    i.dmp_read_fifo     inv_mpu_dmp_motion_driver.o
    0x0800372c   0x0800372c   0x00000130   Code   RO         4207    i.dmp_set_accel_bias  inv_mpu_dmp_motion_driver.o
    0x0800385c   0x0800385c   0x00000070   Code   RO         4208    i.dmp_set_fifo_rate  inv_mpu_dmp_motion_driver.o
    0x080038cc   0x080038cc   0x00000130   Code   RO         4209    i.dmp_set_gyro_bias  inv_mpu_dmp_motion_driver.o
    0x080039fc   0x080039fc   0x00000138   Code   RO         4211    i.dmp_set_orientation  inv_mpu_dmp_motion_driver.o
    0x08003b34   0x08003b34   0x00000038   Code   RO         4214    i.dmp_set_shake_reject_thresh  inv_mpu_dmp_motion_driver.o
    0x08003b6c   0x08003b6c   0x00000026   Code   RO         4215    i.dmp_set_shake_reject_time  inv_mpu_dmp_motion_driver.o
    0x08003b92   0x08003b92   0x00000026   Code   RO         4216    i.dmp_set_shake_reject_timeout  inv_mpu_dmp_motion_driver.o
    0x08003bb8   0x08003bb8   0x00000046   Code   RO         4217    i.dmp_set_tap_axes  inv_mpu_dmp_motion_driver.o
    0x08003bfe   0x08003bfe   0x00000026   Code   RO         4218    i.dmp_set_tap_count  inv_mpu_dmp_motion_driver.o
    0x08003c24   0x08003c24   0x000001a0   Code   RO         4219    i.dmp_set_tap_thresh  inv_mpu_dmp_motion_driver.o
    0x08003dc4   0x08003dc4   0x00000026   Code   RO         4220    i.dmp_set_tap_time  inv_mpu_dmp_motion_driver.o
    0x08003dea   0x08003dea   0x00000026   Code   RO         4221    i.dmp_set_tap_time_multi  inv_mpu_dmp_motion_driver.o
    0x08003e10   0x08003e10   0x00000024   Code   RO         3431    i.fputc             usart.o
    0x08003e34   0x08003e34   0x000000b4   Code   RO         3855    i.get_accel_prod_shift  inv_mpu.o
    0x08003ee8   0x08003ee8   0x0000046c   Code   RO         3856    i.get_st_biases     inv_mpu.o
    0x08004354   0x08004354   0x00000110   Code   RO         3857    i.gyro_self_test    inv_mpu.o
    0x08004464   0x08004464   0x00000028   Code   RO         3858    i.inv_orientation_matrix_to_scalar  inv_mpu.o
    0x0800448c   0x0800448c   0x0000004e   Code   RO         3859    i.inv_row_2_scale   inv_mpu.o
    0x080044da   0x080044da   0x00000002   PAD
    0x080044dc   0x080044dc   0x00000044   Code   RO         3196    i.main              main.o
    0x08004520   0x08004520   0x00000002   Code   RO         3860    i.mget_ms           inv_mpu.o
    0x08004522   0x08004522   0x00000002   PAD
    0x08004524   0x08004524   0x00000070   Code   RO         3861    i.mpu_configure_fifo  inv_mpu.o
    0x08004594   0x08004594   0x00000250   Code   RO         3862    i.mpu_dmp_get_data  inv_mpu.o
    0x080047e4   0x080047e4   0x000000a0   Code   RO         3863    i.mpu_dmp_init      inv_mpu.o
    0x08004884   0x08004884   0x0000004c   Code   RO         3864    i.mpu_get_accel_fsr  inv_mpu.o
    0x080048d0   0x080048d0   0x00000054   Code   RO         3866    i.mpu_get_accel_sens  inv_mpu.o
    0x08004924   0x08004924   0x00000010   Code   RO         3871    i.mpu_get_fifo_config  inv_mpu.o
    0x08004934   0x08004934   0x00000044   Code   RO         3872    i.mpu_get_gyro_fsr  inv_mpu.o
    0x08004978   0x08004978   0x00000050   Code   RO         3874    i.mpu_get_gyro_sens  inv_mpu.o
    0x080049c8   0x080049c8   0x00000050   Code   RO         3876    i.mpu_get_lpf       inv_mpu.o
    0x08004a18   0x08004a18   0x00000020   Code   RO         3878    i.mpu_get_sample_rate  inv_mpu.o
    0x08004a38   0x08004a38   0x000001f0   Code   RO         3880    i.mpu_init          inv_mpu.o
    0x08004c28   0x08004c28   0x000000b8   Code   RO         3881    i.mpu_load_firmware  inv_mpu.o
    0x08004ce0   0x08004ce0   0x000000e0   Code   RO         3882    i.mpu_lp_accel_mode  inv_mpu.o
    0x08004dc0   0x08004dc0   0x000000c0   Code   RO         3885    i.mpu_read_fifo_stream  inv_mpu.o
    0x08004e80   0x08004e80   0x00000080   Code   RO         3886    i.mpu_read_mem      inv_mpu.o
    0x08004f00   0x08004f00   0x000001c8   Code   RO         3889    i.mpu_reset_fifo    inv_mpu.o
    0x080050c8   0x080050c8   0x0000011c   Code   RO         3890    i.mpu_run_self_test  inv_mpu.o
    0x080051e4   0x080051e4   0x00000084   Code   RO         3892    i.mpu_set_accel_fsr  inv_mpu.o
    0x08005268   0x08005268   0x0000014c   Code   RO         3893    i.mpu_set_bypass    inv_mpu.o
    0x080053b4   0x080053b4   0x00000090   Code   RO         3895    i.mpu_set_dmp_state  inv_mpu.o
    0x08005444   0x08005444   0x00000088   Code   RO         3896    i.mpu_set_gyro_fsr  inv_mpu.o
    0x080054cc   0x080054cc   0x0000006c   Code   RO         3897    i.mpu_set_int_latched  inv_mpu.o
    0x08005538   0x08005538   0x00000084   Code   RO         3899    i.mpu_set_lpf       inv_mpu.o
    0x080055bc   0x080055bc   0x0000009c   Code   RO         3900    i.mpu_set_sample_rate  inv_mpu.o
    0x08005658   0x08005658   0x000000d0   Code   RO         3901    i.mpu_set_sensors   inv_mpu.o
    0x08005728   0x08005728   0x00000080   Code   RO         3902    i.mpu_write_mem     inv_mpu.o
    0x080057a8   0x080057a8   0x00000016   Code   RO         3528    i.oled_pow          oled.o
    0x080057be   0x080057be   0x00000002   PAD
    0x080057c0   0x080057c0   0x000000c0   Code   RO         4848    i.prvAddCurrentTaskToDelayedList  tasks.o
    0x08005880   0x08005880   0x000000e4   Code   RO         4849    i.prvAddNewTaskToReadyList  tasks.o
    0x08005964   0x08005964   0x00000064   Code   RO         5163    i.prvCheckForValidListAndQueue  timers.o
    0x080059c8   0x080059c8   0x00000048   Code   RO         4850    i.prvCheckTasksWaitingTermination  tasks.o
    0x08005a10   0x08005a10   0x0000002a   Code   RO         4537    i.prvCopyDataFromQueue  queue.o
    0x08005a3a   0x08005a3a   0x00000012   Code   RO         4851    i.prvDeleteTCB      tasks.o
    0x08005a4c   0x08005a4c   0x00000028   Code   RO         5164    i.prvGetNextExpireTime  timers.o
    0x08005a74   0x08005a74   0x0000007c   Code   RO         5387    i.prvHeapInit       heap_4.o
    0x08005af0   0x08005af0   0x00000028   Code   RO         4852    i.prvIdleTask       tasks.o
    0x08005b18   0x08005b18   0x00000026   Code   RO         4539    i.prvInitialiseNewQueue  queue.o
    0x08005b3e   0x08005b3e   0x00000002   PAD
    0x08005b40   0x08005b40   0x000000d0   Code   RO         4853    i.prvInitialiseNewTask  tasks.o
    0x08005c10   0x08005c10   0x00000068   Code   RO         4854    i.prvInitialiseTaskLists  tasks.o
    0x08005c78   0x08005c78   0x00000068   Code   RO         5388    i.prvInsertBlockIntoFreeList  heap_4.o
    0x08005ce0   0x08005ce0   0x00000058   Code   RO         5166    i.prvInsertTimerInActiveList  timers.o
    0x08005d38   0x08005d38   0x0000001a   Code   RO         4540    i.prvIsQueueEmpty   queue.o
    0x08005d52   0x08005d52   0x00000002   PAD
    0x08005d54   0x08005d54   0x00000044   Code   RO         5167    i.prvProcessExpiredTimer  timers.o
    0x08005d98   0x08005d98   0x00000138   Code   RO         5168    i.prvProcessReceivedCommands  timers.o
    0x08005ed0   0x08005ed0   0x00000074   Code   RO         5169    i.prvProcessTimerOrBlockTask  timers.o
    0x08005f44   0x08005f44   0x00000028   Code   RO         5170    i.prvReloadTimer    timers.o
    0x08005f6c   0x08005f6c   0x00000030   Code   RO         4855    i.prvResetNextTaskUnblockTime  tasks.o
    0x08005f9c   0x08005f9c   0x0000002c   Code   RO         5171    i.prvSampleTimeNow  timers.o
    0x08005fc8   0x08005fc8   0x00000044   Code   RO         5172    i.prvSwitchTimerLists  timers.o
    0x0800600c   0x0800600c   0x0000006c   Code   RO         5312    i.prvTaskExitError  port.o
    0x08006078   0x08006078   0x0000001a   Code   RO         5173    i.prvTimerTask      timers.o
    0x08006092   0x08006092   0x0000007e   Code   RO         4542    i.prvUnlockQueue    queue.o
    0x08006110   0x08006110   0x00000150   Code   RO         5389    i.pvPortMalloc      heap_4.o
    0x08006260   0x08006260   0x00000024   Code   RO         5313    i.pxPortInitialiseStack  port.o
    0x08006284   0x08006284   0x00000098   Code   RO         3903    i.run_self_test     inv_mpu.o
    0x0800631c   0x0800631c   0x00000090   Code   RO         3904    i.set_int_enable    inv_mpu.o
    0x080063ac   0x080063ac   0x000000f8   Code   RO         3463    i.show              cartask.o
    0x080064a4   0x080064a4   0x0000004c   Code   RO         5790    i.sqrt              m_ws.l(sqrt.o)
    0x080064f0   0x080064f0   0x00000090   Code   RO         3197    i.start_task        main.o
    0x08006580   0x08006580   0x00000028   Code   RO         4497    i.uxListRemove      list.o
    0x080065a8   0x080065a8   0x0000001a   Code   RO         4498    i.vListInitialise   list.o
    0x080065c2   0x080065c2   0x00000006   Code   RO         4499    i.vListInitialiseItem  list.o
    0x080065c8   0x080065c8   0x00000034   Code   RO         4500    i.vListInsert       list.o
    0x080065fc   0x080065fc   0x00000018   Code   RO         4501    i.vListInsertEnd    list.o
    0x08006614   0x08006614   0x00000084   Code   RO         5315    i.vPortEnterCritical  port.o
    0x08006698   0x08006698   0x0000006c   Code   RO         5316    i.vPortExitCritical  port.o
    0x08006704   0x08006704   0x000000b4   Code   RO         5390    i.vPortFree         heap_4.o
    0x080067b8   0x080067b8   0x00000020   Code   RO         5317    i.vPortSetupTimerInterrupt  port.o
    0x080067d8   0x080067d8   0x0000007c   Code   RO         4546    i.vQueueAddToRegistry  queue.o
    0x08006854   0x08006854   0x0000004a   Code   RO         4549    i.vQueueWaitForMessageRestricted  queue.o
    0x0800689e   0x0800689e   0x00000002   PAD
    0x080068a0   0x080068a0   0x00000074   Code   RO         4863    i.vTaskDelay        tasks.o
    0x08006914   0x08006914   0x00000114   Code   RO         4864    i.vTaskDelete       tasks.o
    0x08006a28   0x08006a28   0x00000018   Code   RO         4867    i.vTaskInternalSetTimeOutState  tasks.o
    0x08006a40   0x08006a40   0x0000000c   Code   RO         4868    i.vTaskMissedYield  tasks.o
    0x08006a4c   0x08006a4c   0x00000054   Code   RO         4869    i.vTaskPlaceOnEventList  tasks.o
    0x08006aa0   0x08006aa0   0x0000007c   Code   RO         4870    i.vTaskPlaceOnEventListRestricted  tasks.o
    0x08006b1c   0x08006b1c   0x000000b4   Code   RO         4876    i.vTaskStartScheduler  tasks.o
    0x08006bd0   0x08006bd0   0x00000010   Code   RO         4878    i.vTaskSuspendAll   tasks.o
    0x08006be0   0x08006be0   0x000000a8   Code   RO         4879    i.vTaskSwitchContext  tasks.o
    0x08006c88   0x08006c88   0x000000a0   Code   RO         5319    i.xPortStartScheduler  port.o
    0x08006d28   0x08006d28   0x00000080   Code   RO         4550    i.xQueueGenericCreate  queue.o
    0x08006da8   0x08006da8   0x000000ec   Code   RO         4551    i.xQueueGenericReset  queue.o
    0x08006e94   0x08006e94   0x00000170   Code   RO         4559    i.xQueueReceive     queue.o
    0x08007004   0x08007004   0x000000a0   Code   RO         4881    i.xTaskCheckForTimeOut  tasks.o
    0x080070a4   0x080070a4   0x00000068   Code   RO         4882    i.xTaskCreate       tasks.o
    0x0800710c   0x0800710c   0x00000020   Code   RO         4889    i.xTaskGetSchedulerState  tasks.o
    0x0800712c   0x0800712c   0x0000000c   Code   RO         4890    i.xTaskGetTickCount  tasks.o
    0x08007138   0x08007138   0x000001d4   Code   RO         4892    i.xTaskIncrementTick  tasks.o
    0x0800730c   0x0800730c   0x0000013c   Code   RO         4893    i.xTaskRemoveFromEventList  tasks.o
    0x08007448   0x08007448   0x00000190   Code   RO         4894    i.xTaskResumeAll    tasks.o
    0x080075d8   0x080075d8   0x00000070   Code   RO         5179    i.xTimerCreateTimerTask  timers.o
    0x08007648   0x08007648   0x00000a98   Data   RO         3529    .constdata          oled.o
    0x080080e0   0x080080e0   0x00000050   Data   RO         3906    .constdata          inv_mpu.o
    0x08008130   0x08008130   0x00000bf6   Data   RO         4223    .constdata          inv_mpu_dmp_motion_driver.o
    0x08008d26   0x08008d26   0x00000002   PAD
    0x08008d28   0x08008d28   0x00000050   Data   RO         5438    .constdata          m_ws.l(asin.o)
    0x08008d78   0x08008d78   0x00000098   Data   RO         5762    .constdata          m_ws.l(atan.o)
    0x08008e10   0x08008e10   0x00000008   Data   RO         5788    .constdata          m_ws.l(qnan.o)
    0x08008e18   0x08008e18   0x0000004d   Data   RO         3907    .conststring        inv_mpu.o
    0x08008e65   0x08008e65   0x00000003   PAD
    0x08008e68   0x08008e68   0x00000020   Data   RO         5848    Region$$Table       anon$$obj.o


    Execution Region ER_RW (Exec base: 0x20000000, Load base: 0x08008e88, Size: 0x0000012c, Max: 0xffffffff, ABSOLUTE, COMPRESSED[0x00000044])

    Exec Addr    Load Addr    Size         Type   Attr      Idx    E Section Name        Object

    0x20000000   COMPRESSED   0x00000014   Data   RW           28    .data               system_stm32f10x.o
    0x20000014   COMPRESSED   0x00000010   Data   RW         3198    .data               main.o
    0x20000024   COMPRESSED   0x0000003c   Data   RW         3321    .data               pid.o
    0x20000060   COMPRESSED   0x00000004   Data   RW         3398    .data               systick.o
    0x20000064   COMPRESSED   0x00000002   Data   RW         3433    .data               usart.o
    0x20000066   COMPRESSED   0x00000002   PAD
    0x20000068   COMPRESSED   0x00000008   Data   RW         3643    .data               motor.o
    0x20000070   COMPRESSED   0x00000004   Data   RW         3681    .data               encoder.o
    0x20000074   COMPRESSED   0x00000035   Data   RW         3908    .data               inv_mpu.o
    0x200000a9   COMPRESSED   0x00000003   PAD
    0x200000ac   COMPRESSED   0x00000040   Data   RW         4897    .data               tasks.o
    0x200000ec   COMPRESSED   0x00000014   Data   RW         5187    .data               timers.o
    0x20000100   COMPRESSED   0x0000000c   Data   RW         5320    .data               port.o
    0x2000010c   COMPRESSED   0x00000018   Data   RW         5395    .data               heap_4.o
    0x20000124   COMPRESSED   0x00000004   Data   RW         5813    .data               mc_w.l(stdout.o)
    0x20000128   COMPRESSED   0x00000004   Data   RW         5825    .data               mc_w.l(errno.o)


    Execution Region ER_ZI (Exec base: 0x2000012c, Load base: 0x08008ecc, Size: 0x00002f5c, Max: 0xffffffff, ABSOLUTE)

    Exec Addr    Load Addr    Size         Type   Attr      Idx    E Section Name        Object

    0x2000012c        -       0x000000c8   Zero   RW         3432    .bss                usart.o
    0x200001f4        -       0x00000018   Zero   RW         3782    .bss                mpu6050.o
    0x2000020c        -       0x00000010   Zero   RW         4222    .bss                inv_mpu_dmp_motion_driver.o
    0x2000021c        -       0x00000050   Zero   RW         4562    .bss                queue.o
    0x2000026c        -       0x000002e4   Zero   RW         4896    .bss                tasks.o
    0x20000550        -       0x00000028   Zero   RW         5186    .bss                timers.o
    0x20000578        -       0x00002710   Zero   RW         5394    .bss                heap_4.o
    0x20002c88        -       0x00000400   Zero   RW           17    STACK               startup_stm32f10x_md.o


==============================================================================

Image component sizes


      Code (inc. data)   RO Data    RW Data    ZI Data      Debug   Object Name

       520         56          0          0          0       1952   cartask.o
         0          0          0          0          0       4540   core_cm3.o
       326         18          0          4          0       1889   encoder.o
         0          0          0          0          0      13548   event_groups.o
       744        168          0         24      10000       3747   heap_4.o
      6908        294        157         53          0      29972   inv_mpu.o
      3096        122       3062          0         16      20038   inv_mpu_dmp_motion_driver.o
       148          0          0          0          0       3018   list.o
       212         84          0         16          0      15567   main.o
        60         10          0          0          0     202641   misc.o
       348         26          0          8          0       2422   motor.o
       608          0          0          0         24       8212   mpu6050.o
       566         32          0          0          0       4327   my_i2c.o
       950         20       2712          0          0       6287   oled.o
       574         52          0         60          0       6321   pid.o
       778        234          0         12          0       9428   port.o
      1162        160          0          0         80      11099   queue.o
        36          8        236          0       1024        776   startup_stm32f10x_md.o
       306          0          0          0          0      11316   stm32f10x_gpio.o
        20          0          0          0          0       2481   stm32f10x_it.o
        64         12          0          0          0       1066   stm32f10x_rcc.o
      1768        200          0          0          0      35405   stm32f10x_tim.o
       128          0          0          0          0       9695   stm32f10x_usart.o
       328         28          0         20          0      30737   system_stm32f10x.o
       188         20          0          4          0       1833   systick.o
      3402        772          0         64        740      31088   tasks.o
      1014        182          0         20         40      12556   timers.o
       172         18          0          2        200       1602   usart.o

    ----------------------------------------------------------------------
     24452       2516       6204        292      12124     483563   Object Totals
         0          0         32          0          0          0   (incl. Generated)
        26          0          5          5          0          0   (incl. Padding)

    ----------------------------------------------------------------------

      Code (inc. data)   RO Data    RW Data    ZI Data      Debug   Library Member Name

       624         52         80          0          0        168   asin.o
       544         70        152          0          0        124   atan.o
       412         38          0          0          0        144   atan2.o
        38          6          0          0          0        272   dunder.o
        40          0          0          0          0         68   fpclassify.o
       170          0          0          0          0         96   poly.o
         0          0          8          0          0          0   qnan.o
        76          0          0          0          0         84   sqrt.o
        58          0          0          0          0          0   __dczerorl.o
         0          0          0          0          0          0   entry.o
         0          0          0          0          0          0   entry10a.o
         0          0          0          0          0          0   entry11a.o
         4          0          0          0          0          0   entry12b.o
         8          4          0          0          0          0   entry2.o
         4          0          0          0          0          0   entry5.o
         0          0          0          0          0          0   entry7b.o
         0          0          0          0          0          0   entry8b.o
         8          4          0          0          0          0   entry9a.o
        12          6          0          4          0         68   errno.o
        30          0          0          0          0          0   handlers.o
        36          8          0          0          0         68   init.o
         0          0          0          0          0          0   iusefp.o
        98          0          0          0          0         84   ldiv.o
        30          0          0          0          0         68   llshl.o
        36          0          0          0          0         68   llsshr.o
        32          0          0          0          0         68   llushr.o
        26          0          0          0          0         80   memcmp.o
        36          0          0          0          0         68   memcpya.o
        36          0          0          0          0        108   memseta.o
      1142         54          0          0          0        352   printf8.o
         0          0          0          4          0          0   stdout.o
        98          0          0          0          0         92   uldiv.o
        48          0          0          0          0         68   cdcmple.o
        20          0          0          0          0         68   cfcmple.o
        20          0          0          0          0         68   cfrcmple.o
        56          0          0          0          0         88   d2f.o
       334          0          0          0          0        148   dadd.o
       222          0          0          0          0        100   ddiv.o
       186          0          0          0          0        176   depilogue.o
       228          0          0          0          0         96   dmul.o
        46          0          0          0          0         80   dscalb.o
       162          0          0          0          0        100   dsqrt.o
        38          0          0          0          0         68   f2d.o
       176          0          0          0          0        140   fadd.o
       124          0          0          0          0         88   fdiv.o
       110          0          0          0          0        168   fepilogue.o
        50          0          0          0          0         68   ffixi.o
        40          0          0          0          0         68   ffixui.o
        18          0          0          0          0         68   fflti.o
        10          0          0          0          0         68   ffltui.o
       100          0          0          0          0         76   fmul.o

    ----------------------------------------------------------------------
      5592        242        240          8          0       3884   Library Totals
         6          0          0          0          0          0   (incl. Padding)

    ----------------------------------------------------------------------

      Code (inc. data)   RO Data    RW Data    ZI Data      Debug   Library Name

      1904        166        240          0          0        956   m_ws.l
      1694         76          0          8          0       1124   mc_w.l
      1988          0          0          0          0       1804   mf_w.l

    ----------------------------------------------------------------------
      5592        242        240          8          0       3884   Library Totals

    ----------------------------------------------------------------------

==============================================================================


      Code (inc. data)   RO Data    RW Data    ZI Data      Debug   

     30044       2758       6444        300      12124     474835   Grand Totals
     30044       2758       6444         68      12124     474835   ELF Image Totals (compressed)
     30044       2758       6444         68          0          0   ROM Totals

==============================================================================

    Total RO  Size (Code + RO Data)                36488 (  35.63kB)
    Total RW  Size (RW Data + ZI Data)             12424 (  12.13kB)
    Total ROM Size (Code + RO Data + RW Data)      36556 (  35.70kB)

==============================================================================

